initialized from checkpoint: previous step=7630, tokens=1000079360, source=/home/xia/code/j3/runs/20260906-225321/checkpoints/step_000007630
step=1 tokens=65536/50000000 loss=10.4000 lr=1.64e-06 tok/s=8,699 eta=5740.383423801112
step=2 tokens=131072/50000000 loss=6.3827 lr=3.28e-06 tok/s=18,213 eta=2738.1169260077686
step=3 tokens=196608/50000000 loss=7.7620 lr=4.92e-06 tok/s=20,017 eta=2488.099503676258
step=4 tokens=262144/50000000 loss=13.8241 lr=6.55e-06 tok/s=19,289 eta=2578.6252811708227
step=5 tokens=327680/50000000 loss=11.9322 lr=8.19e-06 tok/s=20,347 eta=2441.2622061911743
step=6 tokens=393216/50000000 loss=7.0588 lr=9.83e-06 tok/s=19,404 eta=2556.494772383073
step=7 tokens=458752/50000000 loss=5.9574 lr=1.15e-05 tok/s=19,556 eta=2533.2911291309197
step=8 tokens=524288/50000000 loss=7.7975 lr=1.31e-05 tok/s=19,534 eta=2532.739873513433
step=9 tokens=589824/50000000 loss=9.4452 lr=1.47e-05 tok/s=19,963 eta=2475.0522925002224
step=10 tokens=655360/50000000 loss=9.2912 lr=1.64e-05 tok/s=19,704 eta=2504.2654858327933
step=11 tokens=720896/50000000 loss=8.7667 lr=1.8e-05 tok/s=18,754 eta=2627.648388576579
step=12 tokens=786432/50000000 loss=10.4365 lr=1.97e-05 tok/s=18,271 eta=2693.5243393959004
step=13 tokens=851968/50000000 loss=7.6020 lr=2.13e-05 tok/s=18,483 eta=2659.0863853582023
step=14 tokens=917504/50000000 loss=6.6394 lr=2.29e-05 tok/s=18,736 eta=2619.629133356902
step=15 tokens=983040/50000000 loss=5.1577 lr=2.46e-05 tok/s=20,838 eta=2352.260924172486
step=16 tokens=1048576/50000000 loss=6.0377 lr=2.62e-05 tok/s=2,452 eta=19964.80218404717
step=17 tokens=1114112/50000000 loss=6.6531 lr=2.79e-05 tok/s=19,137 eta=2554.5498680985033
step=18 tokens=1179648/50000000 loss=4.5733 lr=2.95e-05 tok/s=19,142 eta=2550.4368195741663
step=19 tokens=1245184/50000000 loss=7.6611 lr=3.11e-05 tok/s=19,417 eta=2510.9205914786403
step=20 tokens=1310720/50000000 loss=6.3061 lr=3.28e-05 tok/s=20,649 eta=2357.936772725181
step=21 tokens=1376256/50000000 loss=7.0696 lr=3.44e-05 tok/s=20,306 eta=2394.5737581956714
step=22 tokens=1441792/50000000 loss=6.6156 lr=3.6e-05 tok/s=19,941 eta=2435.0780912125806
step=23 tokens=1507328/50000000 loss=5.1153 lr=3.77e-05 tok/s=20,144 eta=2407.2631779811118
step=24 tokens=1572864/50000000 loss=5.7572 lr=3.93e-05 tok/s=20,115 eta=2407.4738228121882
step=25 tokens=1638400/50000000 loss=6.4356 lr=4.1e-05 tok/s=19,395 eta=2493.517793278761
step=26 tokens=1703936/50000000 loss=4.9230 lr=4.26e-05 tok/s=19,737 eta=2446.980048046646
step=27 tokens=1769472/50000000 loss=5.4703 lr=4.42e-05 tok/s=18,197 eta=2650.46444804206
step=28 tokens=1835008/50000000 loss=6.9456 lr=4.59e-05 tok/s=18,877 eta=2551.502716477932
step=29 tokens=1900544/50000000 loss=6.8608 lr=4.75e-05 tok/s=18,871 eta=2548.91097547124
step=30 tokens=1966080/50000000 loss=8.9536 lr=4.92e-05 tok/s=19,324 eta=2485.773769970626
step=31 tokens=2031616/50000000 loss=7.3511 lr=5e-05 tok/s=13,936 eta=3441.9925586987024
step=32 tokens=2097152/50000000 loss=6.5575 lr=5e-05 tok/s=20,702 eta=2313.927748800854
step=33 tokens=2162688/50000000 loss=5.8507 lr=5e-05 tok/s=20,246 eta=2362.776852182162
step=34 tokens=2228224/50000000 loss=5.4036 lr=5e-05 tok/s=18,518 eta=2579.7786436429615
step=35 tokens=2293760/50000000 loss=6.4155 lr=5e-05 tok/s=18,762 eta=2542.772728680814
step=36 tokens=2359296/50000000 loss=6.1846 lr=5e-05 tok/s=19,665 eta=2422.6103687449313
step=37 tokens=2424832/50000000 loss=5.2591 lr=5e-05 tok/s=17,950 eta=2650.3954909141216
step=38 tokens=2490368/50000000 loss=7.5763 lr=5e-05 tok/s=19,533 eta=2432.2595053293326
step=39 tokens=2555904/50000000 loss=6.6646 lr=5e-05 tok/s=19,388 eta=2447.065716662909
step=40 tokens=2621440/50000000 loss=7.1675 lr=5e-05 tok/s=19,774 eta=2396.0603991787225
step=41 tokens=2686976/50000000 loss=5.7200 lr=5e-05 tok/s=19,710 eta=2400.516539599761
step=42 tokens=2752512/50000000 loss=4.9878 lr=5e-05 tok/s=18,645 eta=2534.1120546062334
step=43 tokens=2818048/50000000 loss=5.5566 lr=5e-05 tok/s=19,866 eta=2374.999465716625
step=44 tokens=2883584/50000000 loss=5.7179 lr=5e-05 tok/s=17,833 eta=2642.0839415724195
step=45 tokens=2949120/50000000 loss=7.3039 lr=5e-05 tok/s=18,544 eta=2537.2290329837774
step=46 tokens=3014656/50000000 loss=7.1174 lr=5e-05 tok/s=13,589 eta=3457.605319182619
step=47 tokens=3080192/50000000 loss=6.5246 lr=4.99e-05 tok/s=19,611 eta=2392.5798785232582
step=48 tokens=3145728/50000000 loss=4.6596 lr=4.99e-05 tok/s=19,504 eta=2402.2836957543054
step=49 tokens=3211264/50000000 loss=6.3598 lr=4.99e-05 tok/s=17,582 eta=2661.1231054889395
step=50 tokens=3276800/50000000 loss=7.3615 lr=4.99e-05 tok/s=16,277 eta=2870.5284167807263
step=51 tokens=3342336/50000000 loss=6.7429 lr=4.99e-05 tok/s=20,448 eta=2281.7917721451317
step=52 tokens=3407872/50000000 loss=5.5947 lr=4.99e-05 tok/s=18,227 eta=2556.2086470918257
step=53 tokens=3473408/50000000 loss=4.8261 lr=4.99e-05 tok/s=17,803 eta=2613.4162826879156
step=54 tokens=3538944/50000000 loss=5.9394 lr=4.99e-05 tok/s=19,584 eta=2372.3403869773856
step=55 tokens=3604480/50000000 loss=5.5564 lr=4.99e-05 tok/s=17,841 eta=2600.4868118040217
step=56 tokens=3670016/50000000 loss=5.2810 lr=4.99e-05 tok/s=19,330 eta=2396.830449337361
step=57 tokens=3735552/50000000 loss=4.0408 lr=4.99e-05 tok/s=16,827 eta=2749.413834199097
step=58 tokens=3801088/50000000 loss=7.6831 lr=4.98e-05 tok/s=18,011 eta=2565.0746342142324
step=59 tokens=3866624/50000000 loss=7.7938 lr=4.98e-05 tok/s=18,141 eta=2543.101770540779
step=60 tokens=3932160/50000000 loss=6.1174 lr=4.98e-05 tok/s=20,354 eta=2263.380194955061
step=61 tokens=3997696/50000000 loss=6.3360 lr=4.98e-05 tok/s=19,522 eta=2356.391746168589
step=62 tokens=4063232/50000000 loss=4.2875 lr=4.98e-05 tok/s=13,460 eta=3412.853295936699
step=63 tokens=4128768/50000000 loss=5.5601 lr=4.98e-05 tok/s=18,654 eta=2459.0335476706946
step=64 tokens=4194304/50000000 loss=5.4990 lr=4.98e-05 tok/s=17,829 eta=2569.212299566933
step=65 tokens=4259840/50000000 loss=4.8007 lr=4.98e-05 tok/s=18,387 eta=2487.5763926074064
step=66 tokens=4325376/50000000 loss=4.5748 lr=4.97e-05 tok/s=19,489 eta=2343.588628974251
step=67 tokens=4390912/50000000 loss=6.7126 lr=4.97e-05 tok/s=17,207 eta=2650.5431465679626
step=68 tokens=4456448/50000000 loss=8.4458 lr=4.97e-05 tok/s=19,430 eta=2344.0094393478726
step=69 tokens=4521984/50000000 loss=7.1234 lr=4.97e-05 tok/s=19,192 eta=2369.620581305412
step=70 tokens=4587520/50000000 loss=5.2322 lr=4.97e-05 tok/s=17,933 eta=2532.3047140455915
step=71 tokens=4653056/50000000 loss=5.5911 lr=4.97e-05 tok/s=17,757 eta=2553.7040226097133
step=72 tokens=4718592/50000000 loss=6.4857 lr=4.96e-05 tok/s=18,559 eta=2439.829394726496
step=73 tokens=4784128/50000000 loss=5.0837 lr=4.96e-05 tok/s=18,727 eta=2414.4473351783217
step=74 tokens=4849664/50000000 loss=5.7374 lr=4.96e-05 tok/s=18,935 eta=2384.530106107605
step=75 tokens=4915200/50000000 loss=6.3745 lr=4.96e-05 tok/s=19,421 eta=2321.501207962439
step=76 tokens=4980736/50000000 loss=7.7210 lr=4.96e-05 tok/s=19,607 eta=2296.1218337216146
step=77 tokens=5046272/50000000 loss=6.2123 lr=4.96e-05 tok/s=13,405 eta=3353.5903386581967
step=78 tokens=5111808/50000000 loss=5.2440 lr=4.95e-05 tok/s=19,240 eta=2333.0253746496383
step=79 tokens=5177344/50000000 loss=7.0281 lr=4.95e-05 tok/s=18,000 eta=2490.176123080451
step=80 tokens=5242880/50000000 loss=5.7624 lr=4.95e-05 tok/s=19,371 eta=2310.4767942916
step=81 tokens=5308416/50000000 loss=5.1258 lr=4.95e-05 tok/s=18,254 eta=2448.3331699748555
step=82 tokens=5373952/50000000 loss=5.2751 lr=4.95e-05 tok/s=18,922 eta=2358.3973826501083
step=83 tokens=5439488/50000000 loss=4.7042 lr=4.94e-05 tok/s=17,788 eta=2505.1436124096354
step=84 tokens=5505024/50000000 loss=5.0667 lr=4.94e-05 tok/s=19,586 eta=2271.820848200727
step=85 tokens=5570560/50000000 loss=4.8262 lr=4.94e-05 tok/s=20,378 eta=2180.2291493124703
step=86 tokens=5636096/50000000 loss=4.8096 lr=4.94e-05 tok/s=16,941 eta=2618.772588144095
step=87 tokens=5701632/50000000 loss=6.7193 lr=4.93e-05 tok/s=18,736 eta=2364.3955783292968
step=88 tokens=5767168/50000000 loss=7.9513 lr=4.93e-05 tok/s=19,004 eta=2327.545408154263
step=89 tokens=5832704/50000000 loss=4.9857 lr=4.93e-05 tok/s=17,464 eta=2529.0590215445545
step=90 tokens=5898240/50000000 loss=6.3226 lr=4.93e-05 tok/s=17,956 eta=2456.1074757717856
step=91 tokens=5963776/50000000 loss=5.9520 lr=4.92e-05 tok/s=19,424 eta=2267.1467482346834
step=92 tokens=6029312/50000000 loss=4.4509 lr=4.92e-05 tok/s=13,542 eta=3246.9786798343553
step=93 tokens=6094848/50000000 loss=5.4784 lr=4.92e-05 tok/s=17,745 eta=2474.258537320503
step=94 tokens=6160384/50000000 loss=5.0832 lr=4.92e-05 tok/s=18,084 eta=2424.27367683108
step=95 tokens=6225920/50000000 loss=5.7047 lr=4.91e-05 tok/s=17,294 eta=2531.157624315752
step=96 tokens=6291456/50000000 loss=6.5148 lr=4.91e-05 tok/s=19,342 eta=2259.7532642836113
step=97 tokens=6356992/50000000 loss=5.5773 lr=4.91e-05 tok/s=18,604 eta=2345.9280529221105
step=98 tokens=6422528/50000000 loss=5.4509 lr=4.91e-05 tok/s=19,897 eta=2190.1621833428626
step=99 tokens=6488064/50000000 loss=7.3454 lr=4.9e-05 tok/s=17,839 eta=2439.108884127521
step=100 tokens=6553600/50000000 loss=4.0547 lr=4.9e-05 tok/s=18,526 eta=2345.104855118922
step=101 tokens=6619136/50000000 loss=5.1621 lr=4.9e-05 tok/s=20,296 eta=2137.3956536441433
step=102 tokens=6684672/50000000 loss=6.1034 lr=4.9e-05 tok/s=18,448 eta=2347.9414289904253
step=103 tokens=6750208/50000000 loss=6.1673 lr=4.89e-05 tok/s=18,565 eta=2329.692448508484
step=104 tokens=6815744/50000000 loss=4.3376 lr=4.89e-05 tok/s=18,517 eta=2332.145881554813
step=105 tokens=6881280/50000000 loss=5.3369 lr=4.89e-05 tok/s=17,451 eta=2470.794988583275
step=106 tokens=6946816/50000000 loss=3.9735 lr=4.88e-05 tok/s=16,594 eta=2594.506346454899
step=107 tokens=7012352/50000000 loss=4.9830 lr=4.88e-05 tok/s=13,305 eta=3231.024139740253
step=108 tokens=7077888/50000000 loss=4.9802 lr=4.88e-05 tok/s=19,694 eta=2179.476217792203
step=109 tokens=7143424/50000000 loss=5.4443 lr=4.87e-05 tok/s=18,090 eta=2369.140921096822
step=110 tokens=7208960/50000000 loss=6.2818 lr=4.87e-05 tok/s=19,006 eta=2251.492714216221
step=111 tokens=7274496/50000000 loss=5.2139 lr=4.87e-05 tok/s=19,356 eta=2207.342076033565
step=112 tokens=7340032/50000000 loss=6.8163 lr=4.86e-05 tok/s=18,640 eta=2288.5741081538968
step=113 tokens=7405568/50000000 loss=5.0565 lr=4.86e-05 tok/s=19,426 eta=2192.650711725672
step=114 tokens=7471104/50000000 loss=5.6171 lr=4.86e-05 tok/s=17,927 eta=2372.3188820684545
step=115 tokens=7536640/50000000 loss=6.2730 lr=4.85e-05 tok/s=18,414 eta=2306.0182203582954
step=116 tokens=7602176/50000000 loss=5.9665 lr=4.85e-05 tok/s=18,924 eta=2240.4444356197864
step=117 tokens=7667712/50000000 loss=4.6875 lr=4.85e-05 tok/s=17,331 eta=2442.540431893962
step=118 tokens=7733248/50000000 loss=4.8020 lr=4.84e-05 tok/s=19,033 eta=2220.742900119765
step=119 tokens=7798784/50000000 loss=6.7276 lr=4.84e-05 tok/s=18,782 eta=2246.9493130623364
step=120 tokens=7864320/50000000 loss=4.9489 lr=4.84e-05 tok/s=18,639 eta=2260.606870032905
step=121 tokens=7929856/50000000 loss=4.9959 lr=4.83e-05 tok/s=18,416 eta=2284.482535052932
step=122 tokens=7995392/50000000 loss=4.6133 lr=4.83e-05 tok/s=17,854 eta=2352.6777838578923
step=123 tokens=8060928/50000000 loss=5.8503 lr=4.83e-05 tok/s=13,373 eta=3136.157599259927
step=124 tokens=8126464/50000000 loss=4.1132 lr=4.82e-05 tok/s=18,513 eta=2261.8746373846097
step=125 tokens=8192000/50000000 loss=6.1692 lr=4.82e-05 tok/s=20,021 eta=2088.2234603333245
step=126 tokens=8257536/50000000 loss=4.5708 lr=4.81e-05 tok/s=19,167 eta=2177.824326536817
step=127 tokens=8323072/50000000 loss=5.0110 lr=4.81e-05 tok/s=19,523 eta=2134.7692269064164
step=128 tokens=8388608/50000000 loss=4.8732 lr=4.81e-05 tok/s=17,596 eta=2364.7662597691524
step=129 tokens=8454144/50000000 loss=5.7644 lr=4.8e-05 tok/s=19,121 eta=2172.8087680245435
step=130 tokens=8519680/50000000 loss=4.6668 lr=4.8e-05 tok/s=18,367 eta=2258.471085867981
step=131 tokens=8585216/50000000 loss=5.3026 lr=4.79e-05 tok/s=18,283 eta=2265.1791621232915
step=132 tokens=8650752/50000000 loss=5.3474 lr=4.79e-05 tok/s=18,272 eta=2263.0026171135055
step=133 tokens=8716288/50000000 loss=5.1713 lr=4.79e-05 tok/s=18,132 eta=2276.866417697605
step=134 tokens=8781824/50000000 loss=4.6896 lr=4.78e-05 tok/s=18,375 eta=2243.1651370488594
step=135 tokens=8847360/50000000 loss=3.8925 lr=4.78e-05 tok/s=17,259 eta=2384.4082081986744
step=136 tokens=8912896/50000000 loss=5.3438 lr=4.77e-05 tok/s=19,350 eta=2123.3918911369915
step=137 tokens=8978432/50000000 loss=5.3699 lr=4.77e-05 tok/s=17,599 eta=2330.8767212791863
step=138 tokens=9043968/50000000 loss=5.4358 lr=4.77e-05 tok/s=13,349 eta=3068.149520451584
step=139 tokens=9109504/50000000 loss=6.3779 lr=4.76e-05 tok/s=19,906 eta=2054.2091089889923
step=140 tokens=9175040/50000000 loss=4.3256 lr=4.76e-05 tok/s=18,105 eta=2254.8682461658686
step=141 tokens=9240576/50000000 loss=5.1642 lr=4.75e-05 tok/s=17,526 eta=2325.711787154702
step=142 tokens=9306112/50000000 loss=5.6770 lr=4.75e-05 tok/s=18,520 eta=2197.296983100812
step=143 tokens=9371648/50000000 loss=4.6503 lr=4.74e-05 tok/s=18,822 eta=2158.586246823597
step=144 tokens=9437184/50000000 loss=4.8460 lr=4.74e-05 tok/s=16,368 eta=2478.1569214725864
step=145 tokens=9502720/50000000 loss=4.5222 lr=4.73e-05 tok/s=15,887 eta=2549.037067138081
step=146 tokens=9568256/50000000 loss=4.5964 lr=4.73e-05 tok/s=18,921 eta=2136.847975729739
step=147 tokens=9633792/50000000 loss=5.9033 lr=4.72e-05 tok/s=17,993 eta=2243.4610746007384
step=148 tokens=9699328/50000000 loss=3.8923 lr=4.72e-05 tok/s=17,383 eta=2318.438636416725
step=149 tokens=9764864/50000000 loss=5.3244 lr=4.72e-05 tok/s=17,286 eta=2327.660675421372
step=150 tokens=9830400/50000000 loss=4.5432 lr=4.71e-05 tok/s=18,388 eta=2184.6043203427143
step=151 tokens=9895936/50000000 loss=4.9988 lr=4.71e-05 tok/s=19,187 eta=2090.1783228842037
step=152 tokens=9961472/50000000 loss=5.0678 lr=4.7e-05 tok/s=18,217 eta=2197.8249145811674
step=153 tokens=10027008/50000000 loss=4.6245 lr=4.7e-05 tok/s=13,381 eta=2987.2578608161934
checkpoint saved: runs/contrastive-mc-posttrain-v3/checkpoints/tokens_000010m (permanent_tokens)
step=154 tokens=10092544/50000000 loss=5.0967 lr=4.69e-05 tok/s=17,120 eta=2331.018610437929
step=155 tokens=10158080/50000000 loss=4.2918 lr=4.69e-05 tok/s=21,720 eta=1834.3544716995696
step=156 tokens=10223616/50000000 loss=5.8623 lr=4.68e-05 tok/s=18,464 eta=2154.210130574894
step=157 tokens=10289152/50000000 loss=4.1845 lr=4.68e-05 tok/s=19,454 eta=2041.312528588172
step=158 tokens=10354688/50000000 loss=4.0564 lr=4.67e-05 tok/s=18,338 eta=2161.907857415693
step=159 tokens=10420224/50000000 loss=5.0236 lr=4.67e-05 tok/s=18,559 eta=2132.626991525754
step=160 tokens=10485760/50000000 loss=4.4185 lr=4.66e-05 tok/s=18,384 eta=2149.340435147937
step=161 tokens=10551296/50000000 loss=5.9596 lr=4.66e-05 tok/s=19,080 eta=2067.5443609747385
step=162 tokens=10616832/50000000 loss=4.7018 lr=4.65e-05 tok/s=18,924 eta=2081.1068632473052
step=163 tokens=10682368/50000000 loss=4.7882 lr=4.65e-05 tok/s=17,612 eta=2232.4251335975923
step=164 tokens=10747904/50000000 loss=3.7728 lr=4.64e-05 tok/s=18,442 eta=2128.3995604990364
step=165 tokens=10813440/50000000 loss=4.5133 lr=4.64e-05 tok/s=19,375 eta=2022.5491488988637
step=166 tokens=10878976/50000000 loss=5.9281 lr=4.63e-05 tok/s=17,329 eta=2257.4885519576637
step=167 tokens=10944512/50000000 loss=5.0201 lr=4.63e-05 tok/s=17,287 eta=2259.2958594866636
step=168 tokens=11010048/50000000 loss=4.3693 lr=4.62e-05 tok/s=13,424 eta=2904.4164653506787
step=169 tokens=11075584/50000000 loss=5.4147 lr=4.61e-05 tok/s=19,358 eta=2010.8165418963429
step=170 tokens=11141120/50000000 loss=4.6286 lr=4.61e-05 tok/s=17,775 eta=2186.1139372190737
step=171 tokens=11206656/50000000 loss=4.5901 lr=4.6e-05 tok/s=18,063 eta=2147.6791497500894
step=172 tokens=11272192/50000000 loss=5.8016 lr=4.6e-05 tok/s=19,189 eta=2018.2762069364987
step=173 tokens=11337728/50000000 loss=5.0914 lr=4.59e-05 tok/s=18,511 eta=2088.666711800384
step=174 tokens=11403264/50000000 loss=4.9692 lr=4.59e-05 tok/s=16,789 eta=2298.8649757017115
step=175 tokens=11468800/50000000 loss=4.3856 lr=4.58e-05 tok/s=19,019 eta=2025.8860878609994
step=176 tokens=11534336/50000000 loss=4.4777 lr=4.58e-05 tok/s=18,833 eta=2042.4089408750833
step=177 tokens=11599872/50000000 loss=4.4254 lr=4.57e-05 tok/s=17,342 eta=2214.3345750418953
step=178 tokens=11665408/50000000 loss=5.1249 lr=4.56e-05 tok/s=18,033 eta=2125.8081102019023
step=179 tokens=11730944/50000000 loss=4.7897 lr=4.56e-05 tok/s=18,521 eta=2066.2845764332087
step=180 tokens=11796480/50000000 loss=4.0405 lr=4.55e-05 tok/s=18,523 eta=2062.4703923914385
step=181 tokens=11862016/50000000 loss=4.7433 lr=4.55e-05 tok/s=18,301 eta=2083.8950162201895
step=182 tokens=11927552/50000000 loss=4.4397 lr=4.54e-05 tok/s=15,903 eta=2394.1064989652946
step=183 tokens=11993088/50000000 loss=5.3650 lr=4.54e-05 tok/s=18,372 eta=2068.762178063595
step=184 tokens=12058624/50000000 loss=5.0942 lr=4.53e-05 tok/s=12,999 eta=2918.6998764997084
step=185 tokens=12124160/50000000 loss=5.5760 lr=4.52e-05 tok/s=18,466 eta=2051.1521914943373
step=186 tokens=12189696/50000000 loss=5.4771 lr=4.52e-05 tok/s=18,398 eta=2055.17326702281
step=187 tokens=12255232/50000000 loss=4.9637 lr=4.51e-05 tok/s=17,943 eta=2103.651337261371
step=188 tokens=12320768/50000000 loss=4.4909 lr=4.51e-05 tok/s=18,215 eta=2068.5444263554236
step=189 tokens=12386304/50000000 loss=4.5533 lr=4.5e-05 tok/s=18,575 eta=2025.0066357326507
step=190 tokens=12451840/50000000 loss=3.5205 lr=4.49e-05 tok/s=19,071 eta=1968.8125665654807
step=191 tokens=12517376/50000000 loss=3.8339 lr=4.49e-05 tok/s=19,433 eta=1928.8541398067723
step=192 tokens=12582912/50000000 loss=4.7789 lr=4.48e-05 tok/s=18,103 eta=2066.8499764773856
step=193 tokens=12648448/50000000 loss=4.4595 lr=4.48e-05 tok/s=19,052 eta=1960.4654572251843
step=194 tokens=12713984/50000000 loss=4.2936 lr=4.47e-05 tok/s=18,270 eta=2040.83596923042
step=195 tokens=12779520/50000000 loss=4.1499 lr=4.46e-05 tok/s=16,715 eta=2226.718257875799
step=196 tokens=12845056/50000000 loss=4.4998 lr=4.46e-05 tok/s=18,672 eta=1989.8408695455867
step=197 tokens=12910592/50000000 loss=4.2896 lr=4.45e-05 tok/s=18,492 eta=2005.671810413497
step=198 tokens=12976128/50000000 loss=4.4858 lr=4.44e-05 tok/s=20,985 eta=1764.301516872217
step=199 tokens=13041664/50000000 loss=4.7119 lr=4.44e-05 tok/s=13,056 eta=2830.757591293677
step=200 tokens=13107200/50000000 loss=4.8469 lr=4.43e-05 tok/s=17,522 eta=2105.477322349083
step=201 tokens=13172736/50000000 loss=4.5281 lr=4.42e-05 tok/s=18,507 eta=1989.8959640182486
step=202 tokens=13238272/50000000 loss=4.3346 lr=4.42e-05 tok/s=20,778 eta=1769.2378425523032
step=203 tokens=13303808/50000000 loss=4.1218 lr=4.41e-05 tok/s=17,821 eta=2059.1372640030536
step=204 tokens=13369344/50000000 loss=5.6700 lr=4.41e-05 tok/s=18,866 eta=1941.656140417013
step=205 tokens=13434880/50000000 loss=4.3673 lr=4.4e-05 tok/s=18,691 eta=1956.2842740592148
step=206 tokens=13500416/50000000 loss=5.0531 lr=4.39e-05 tok/s=18,927 eta=1928.444140120311
step=207 tokens=13565952/50000000 loss=4.4510 lr=4.39e-05 tok/s=18,988 eta=1918.759202010551
step=208 tokens=13631488/50000000 loss=4.4278 lr=4.38e-05 tok/s=18,904 eta=1923.8300899626367
step=209 tokens=13697024/50000000 loss=4.3128 lr=4.37e-05 tok/s=18,658 eta=1945.7200737435319
step=210 tokens=13762560/50000000 loss=4.7208 lr=4.37e-05 tok/s=20,381 eta=1778.0413295838468
step=211 tokens=13828096/50000000 loss=4.1964 lr=4.36e-05 tok/s=17,590 eta=2056.410999002577
step=212 tokens=13893632/50000000 loss=4.1205 lr=4.35e-05 tok/s=17,599 eta=2051.618989808407
step=213 tokens=13959168/50000000 loss=4.8674 lr=4.35e-05 tok/s=18,296 eta=1969.914701908598
step=214 tokens=14024704/50000000 loss=4.0158 lr=4.34e-05 tok/s=13,683 eta=2629.248871659396
step=215 tokens=14090240/50000000 loss=4.7336 lr=4.33e-05 tok/s=18,750 eta=1915.1626751339
step=216 tokens=14155776/50000000 loss=3.9402 lr=4.32e-05 tok/s=19,486 eta=1839.50714930986
step=217 tokens=14221312/50000000 loss=4.3109 lr=4.32e-05 tok/s=19,170 eta=1866.3680127567961
step=218 tokens=14286848/50000000 loss=5.3140 lr=4.31e-05 tok/s=18,911 eta=1888.515869445967
step=219 tokens=14352384/50000000 loss=4.7580 lr=4.3e-05 tok/s=17,596 eta=2025.9090769772956
step=220 tokens=14417920/50000000 loss=4.7915 lr=4.3e-05 tok/s=19,354 eta=1838.5005190796473
step=221 tokens=14483456/50000000 loss=4.0564 lr=4.29e-05 tok/s=18,787 eta=1890.4906487032392
step=222 tokens=14548992/50000000 loss=4.8026 lr=4.28e-05 tok/s=18,626 eta=1903.28986006729
step=223 tokens=14614528/50000000 loss=4.3319 lr=4.28e-05 tok/s=19,183 eta=1844.6264685739861
step=224 tokens=14680064/50000000 loss=4.8174 lr=4.27e-05 tok/s=20,420 eta=1729.6604937079867
step=225 tokens=14745600/50000000 loss=4.2361 lr=4.26e-05 tok/s=19,473 eta=1810.4003269208845
step=226 tokens=14811136/50000000 loss=4.0045 lr=4.25e-05 tok/s=18,615 eta=1890.3980896773592
step=227 tokens=14876672/50000000 loss=4.3374 lr=4.25e-05 tok/s=19,489 eta=1802.1959672549956
step=228 tokens=14942208/50000000 loss=4.1046 lr=4.24e-05 tok/s=19,456 eta=1801.941985825682
step=229 tokens=15007744/50000000 loss=4.5257 lr=4.23e-05 tok/s=13,347 eta=2621.6915110518203
step=230 tokens=15073280/50000000 loss=4.3072 lr=4.23e-05 tok/s=17,840 eta=1957.7998267639514
step=231 tokens=15138816/50000000 loss=4.3860 lr=4.22e-05 tok/s=18,651 eta=1869.1324346080182
step=232 tokens=15204352/50000000 loss=4.3571 lr=4.21e-05 tok/s=17,625 eta=1974.2128364151572
step=233 tokens=15269888/50000000 loss=4.2268 lr=4.2e-05 tok/s=18,662 eta=1861.0549925320556
step=234 tokens=15335424/50000000 loss=4.6166 lr=4.2e-05 tok/s=17,488 eta=1982.2470224256672
step=235 tokens=15400960/50000000 loss=4.2251 lr=4.19e-05 tok/s=17,405 eta=1987.8824555754857
step=236 tokens=15466496/50000000 loss=4.1151 lr=4.18e-05 tok/s=18,460 eta=1870.7304957478682
step=237 tokens=15532032/50000000 loss=4.7569 lr=4.17e-05 tok/s=19,769 eta=1743.5116279825106
step=238 tokens=15597568/50000000 loss=4.0168 lr=4.17e-05 tok/s=18,430 eta=1866.6912712129795
step=239 tokens=15663104/50000000 loss=4.4584 lr=4.16e-05 tok/s=15,696 eta=2187.5605470078112
step=240 tokens=15728640/50000000 loss=4.2157 lr=4.15e-05 tok/s=18,967 eta=1806.8875902311715
step=241 tokens=15794176/50000000 loss=3.9345 lr=4.14e-05 tok/s=18,231 eta=1876.2679810729767
step=242 tokens=15859712/50000000 loss=4.4644 lr=4.14e-05 tok/s=18,099 eta=1886.3481338979293
step=243 tokens=15925248/50000000 loss=3.8562 lr=4.13e-05 tok/s=19,253 eta=1769.8528408704594
step=244 tokens=15990784/50000000 loss=5.3475 lr=4.12e-05 tok/s=20,109 eta=1691.2402516432296
step=245 tokens=16056320/50000000 loss=5.3798 lr=4.11e-05 tok/s=13,817 eta=2456.605319714338
step=246 tokens=16121856/50000000 loss=4.2728 lr=4.11e-05 tok/s=18,888 eta=1793.6263646061377
step=247 tokens=16187392/50000000 loss=4.3280 lr=4.1e-05 tok/s=17,168 eta=1969.5018223364414
step=248 tokens=16252928/50000000 loss=4.3015 lr=4.09e-05 tok/s=18,195 eta=1854.721740670972
step=249 tokens=16318464/50000000 loss=4.1310 lr=4.08e-05 tok/s=18,363 eta=1834.2544257085972
step=250 tokens=16384000/50000000 loss=3.8866 lr=4.07e-05 tok/s=17,882 eta=1879.8872196934012
step=251 tokens=16449536/50000000 loss=3.6444 lr=4.07e-05 tok/s=19,379 eta=1731.3217750101753
step=252 tokens=16515072/50000000 loss=4.2816 lr=4.06e-05 tok/s=17,667 eta=1895.3904144856365
step=253 tokens=16580608/50000000 loss=3.8199 lr=4.05e-05 tok/s=18,817 eta=1776.0422382823433
step=254 tokens=16646144/50000000 loss=4.2889 lr=4.04e-05 tok/s=18,089 eta=1843.911964959285
step=255 tokens=16711680/50000000 loss=4.6542 lr=4.04e-05 tok/s=19,074 eta=1745.2132019520473
step=256 tokens=16777216/50000000 loss=4.1668 lr=4.03e-05 tok/s=19,240 eta=1726.7658752359223
step=257 tokens=16842752/50000000 loss=4.6624 lr=4.02e-05 tok/s=18,663 eta=1776.5911421541307
step=258 tokens=16908288/50000000 loss=4.2056 lr=4.01e-05 tok/s=18,141 eta=1824.184477684349
step=259 tokens=16973824/50000000 loss=3.8197 lr=4e-05 tok/s=19,475 eta=1695.7813836806076
step=260 tokens=17039360/50000000 loss=4.2103 lr=4e-05 tok/s=13,025 eta=2530.5706282431765
step=261 tokens=17104896/50000000 loss=3.9002 lr=3.99e-05 tok/s=20,203 eta=1628.222182261415
step=262 tokens=17170432/50000000 loss=3.8989 lr=3.98e-05 tok/s=18,325 eta=1791.4898012674917
step=263 tokens=17235968/50000000 loss=3.8396 lr=3.97e-05 tok/s=16,839 eta=1945.6993414166027
step=264 tokens=17301504/50000000 loss=4.1514 lr=3.96e-05 tok/s=17,905 eta=1826.199692660264
step=265 tokens=17367040/50000000 loss=4.0029 lr=3.95e-05 tok/s=17,555 eta=1858.8766966290216
step=266 tokens=17432576/50000000 loss=4.3593 lr=3.95e-05 tok/s=17,740 eta=1835.7973399872049
step=267 tokens=17498112/50000000 loss=3.9645 lr=3.94e-05 tok/s=17,804 eta=1825.5091510115622
step=268 tokens=17563648/50000000 loss=4.6908 lr=3.93e-05 tok/s=18,417 eta=1761.229694240044
step=269 tokens=17629184/50000000 loss=4.4166 lr=3.92e-05 tok/s=19,275 eta=1679.433242825899
step=270 tokens=17694720/50000000 loss=3.7956 lr=3.91e-05 tok/s=17,585 eta=1837.0840614857134
step=271 tokens=17760256/50000000 loss=4.2955 lr=3.91e-05 tok/s=19,946 eta=1616.357442519695
step=272 tokens=17825792/50000000 loss=4.1074 lr=3.9e-05 tok/s=19,594 eta=1642.046210997058
step=273 tokens=17891328/50000000 loss=4.2530 lr=3.89e-05 tok/s=19,726 eta=1627.7314255357373
step=274 tokens=17956864/50000000 loss=4.0278 lr=3.88e-05 tok/s=20,118 eta=1592.7244215867977
step=275 tokens=18022400/50000000 loss=3.7554 lr=3.87e-05 tok/s=13,218 eta=2419.297971648515
step=276 tokens=18087936/50000000 loss=4.1333 lr=3.86e-05 tok/s=18,896 eta=1688.823055914825
step=277 tokens=18153472/50000000 loss=3.8014 lr=3.86e-05 tok/s=19,351 eta=1645.7505183856324
step=278 tokens=18219008/50000000 loss=4.0676 lr=3.85e-05 tok/s=18,211 eta=1745.159217684062
step=279 tokens=18284544/50000000 loss=4.1990 lr=3.84e-05 tok/s=18,949 eta=1673.7163530464538
step=280 tokens=18350080/50000000 loss=4.2144 lr=3.83e-05 tok/s=18,454 eta=1715.06112244941
step=281 tokens=18415616/50000000 loss=4.0289 lr=3.82e-05 tok/s=19,585 eta=1612.6943255030226
step=282 tokens=18481152/50000000 loss=3.8060 lr=3.81e-05 tok/s=16,835 eta=1872.2087005012222
step=283 tokens=18546688/50000000 loss=3.9530 lr=3.8e-05 tok/s=19,762 eta=1591.5891015152913
step=284 tokens=18612224/50000000 loss=4.8782 lr=3.8e-05 tok/s=17,915 eta=1752.0661041246822
step=285 tokens=18677760/50000000 loss=4.0261 lr=3.79e-05 tok/s=19,112 eta=1638.8864019192233
step=286 tokens=18743296/50000000 loss=4.8788 lr=3.78e-05 tok/s=19,259 eta=1622.9370681139278
step=287 tokens=18808832/50000000 loss=4.2663 lr=3.77e-05 tok/s=17,627 eta=1769.5097442061535
step=288 tokens=18874368/50000000 loss=3.9237 lr=3.76e-05 tok/s=17,867 eta=1742.0297547271
step=289 tokens=18939904/50000000 loss=4.1444 lr=3.75e-05 tok/s=19,847 eta=1564.9931595955074
step=290 tokens=19005440/50000000 loss=4.0207 lr=3.74e-05 tok/s=13,575 eta=2283.2041400817916
step=291 tokens=19070976/50000000 loss=4.0885 lr=3.74e-05 tok/s=17,483 eta=1769.133604347274
step=292 tokens=19136512/50000000 loss=4.2271 lr=3.73e-05 tok/s=19,084 eta=1617.2620202272312
step=293 tokens=19202048/50000000 loss=4.3746 lr=3.72e-05 tok/s=19,036 eta=1617.8863253365748
step=294 tokens=19267584/50000000 loss=3.9943 lr=3.71e-05 tok/s=18,851 eta=1630.3152300638556
step=295 tokens=19333120/50000000 loss=4.3218 lr=3.7e-05 tok/s=20,144 eta=1522.4113807934827
step=296 tokens=19398656/50000000 loss=4.1627 lr=3.69e-05 tok/s=17,895 eta=1710.032767860318
step=297 tokens=19464192/50000000 loss=3.4525 lr=3.68e-05 tok/s=17,962 eta=1699.9983381355855
step=298 tokens=19529728/50000000 loss=4.0523 lr=3.67e-05 tok/s=19,073 eta=1597.5734837236284
step=299 tokens=19595264/50000000 loss=5.3879 lr=3.67e-05 tok/s=18,433 eta=1649.4475708205416
step=300 tokens=19660800/50000000 loss=3.7920 lr=3.66e-05 tok/s=18,235 eta=1663.7613916206872
step=301 tokens=19726336/50000000 loss=4.1226 lr=3.65e-05 tok/s=17,509 eta=1729.0049128350022
step=302 tokens=19791872/50000000 loss=4.3923 lr=3.64e-05 tok/s=19,990 eta=1511.1634414233042
step=303 tokens=19857408/50000000 loss=4.1796 lr=3.63e-05 tok/s=18,555 eta=1624.496051835925
step=304 tokens=19922944/50000000 loss=4.5078 lr=3.62e-05 tok/s=16,644 eta=1807.1203848693233
step=305 tokens=19988480/50000000 loss=3.8536 lr=3.61e-05 tok/s=19,143 eta=1567.7373466000845
step=306 tokens=20054016/50000000 loss=4.0195 lr=3.6e-05 tok/s=12,986 eta=2305.9642545166703
checkpoint saved: runs/contrastive-mc-posttrain-v3/checkpoints/tokens_000020m (permanent_tokens)
step=307 tokens=20119552/50000000 loss=4.3534 lr=3.59e-05 tok/s=15,785 eta=1892.938466379847
step=308 tokens=20185088/50000000 loss=4.1861 lr=3.59e-05 tok/s=19,012 eta=1568.207563369747
step=309 tokens=20250624/50000000 loss=4.0502 lr=3.58e-05 tok/s=19,313 eta=1540.3520090924567
step=310 tokens=20316160/50000000 loss=4.2337 lr=3.57e-05 tok/s=18,489 eta=1605.467704436931
step=311 tokens=20381696/50000000 loss=4.2968 lr=3.56e-05 tok/s=19,128 eta=1548.4147173510307
step=312 tokens=20447232/50000000 loss=3.6820 lr=3.55e-05 tok/s=17,608 eta=1678.362628821366
step=313 tokens=20512768/50000000 loss=3.6927 lr=3.54e-05 tok/s=18,137 eta=1625.8401537248553
step=314 tokens=20578304/50000000 loss=4.9045 lr=3.53e-05 tok/s=18,956 eta=1552.1015226083011
step=315 tokens=20643840/50000000 loss=3.6388 lr=3.52e-05 tok/s=18,253 eta=1608.2552608761994
step=316 tokens=20709376/50000000 loss=5.0357 lr=3.51e-05 tok/s=20,907 eta=1400.9854245310687
step=317 tokens=20774912/50000000 loss=4.7560 lr=3.5e-05 tok/s=17,595 eta=1660.9941910598232
step=318 tokens=20840448/50000000 loss=4.1572 lr=3.5e-05 tok/s=17,526 eta=1663.8338346573105
step=319 tokens=20905984/50000000 loss=4.2366 lr=3.49e-05 tok/s=17,308 eta=1680.995231099209
step=320 tokens=20971520/50000000 loss=3.9869 lr=3.48e-05 tok/s=18,152 eta=1599.2121827785402
step=321 tokens=21037056/50000000 loss=4.2224 lr=3.47e-05 tok/s=13,131 eta=2205.6970069059853
step=322 tokens=21102592/50000000 loss=4.1892 lr=3.46e-05 tok/s=19,703 eta=1466.6291777139122
step=323 tokens=21168128/50000000 loss=3.6717 lr=3.45e-05 tok/s=17,653 eta=1633.2479580075287
step=324 tokens=21233664/50000000 loss=4.3955 lr=3.44e-05 tok/s=17,972 eta=1600.611856218407
step=325 tokens=21299200/50000000 loss=4.3559 lr=3.43e-05 tok/s=17,771 eta=1615.034857350514
step=326 tokens=21364736/50000000 loss=4.4373 lr=3.42e-05 tok/s=18,200 eta=1573.3966492196435
step=327 tokens=21430272/50000000 loss=4.2275 lr=3.41e-05 tok/s=18,777 eta=1521.5449913421592
step=328 tokens=21495808/50000000 loss=3.9403 lr=3.4e-05 tok/s=19,194 eta=1485.0799177780316
step=329 tokens=21561344/50000000 loss=3.8157 lr=3.39e-05 tok/s=19,724 eta=1441.833584864585
step=330 tokens=21626880/50000000 loss=4.0298 lr=3.39e-05 tok/s=19,758 eta=1436.0005285971897
step=331 tokens=21692416/50000000 loss=4.2012 lr=3.38e-05 tok/s=18,571 eta=1524.3277988137274
step=332 tokens=21757952/50000000 loss=4.5541 lr=3.37e-05 tok/s=18,349 eta=1539.1276434811004
step=333 tokens=21823488/50000000 loss=4.1514 lr=3.36e-05 tok/s=19,203 eta=1467.2903326790524
step=334 tokens=21889024/50000000 loss=3.9817 lr=3.35e-05 tok/s=18,499 eta=1519.602814887633
step=335 tokens=21954560/50000000 loss=3.9032 lr=3.34e-05 tok/s=18,148 eta=1545.4037097976257
step=336 tokens=22020096/50000000 loss=4.4466 lr=3.33e-05 tok/s=13,229 eta=2115.046922175828
step=337 tokens=22085632/50000000 loss=3.8022 lr=3.32e-05 tok/s=17,800 eta=1568.2045902621471
step=338 tokens=22151168/50000000 loss=3.9404 lr=3.31e-05 tok/s=19,377 eta=1437.193393535235
step=339 tokens=22216704/50000000 loss=4.5670 lr=3.3e-05 tok/s=18,180 eta=1528.2493592730136
step=340 tokens=22282240/50000000 loss=4.0213 lr=3.29e-05 tok/s=17,405 eta=1592.5519755366693
step=341 tokens=22347776/50000000 loss=4.0267 lr=3.28e-05 tok/s=19,389 eta=1426.155523706266
step=342 tokens=22413312/50000000 loss=4.0321 lr=3.27e-05 tok/s=19,609 eta=1406.8721281061428
step=343 tokens=22478848/50000000 loss=4.1385 lr=3.26e-05 tok/s=17,355 eta=1585.8193834738122
step=344 tokens=22544384/50000000 loss=4.5978 lr=3.25e-05 tok/s=18,261 eta=1503.4897581230694
step=345 tokens=22609920/50000000 loss=4.6115 lr=3.25e-05 tok/s=19,648 eta=1394.0294766062168
step=346 tokens=22675456/50000000 loss=3.8742 lr=3.24e-05 tok/s=18,154 eta=1505.176613915427
step=347 tokens=22740992/50000000 loss=3.8342 lr=3.23e-05 tok/s=17,614 eta=1547.5517172176337
step=348 tokens=22806528/50000000 loss=4.0803 lr=3.22e-05 tok/s=19,497 eta=1394.7427008313075
step=349 tokens=22872064/50000000 loss=4.3084 lr=3.21e-05 tok/s=18,493 eta=1466.9566063211325
step=350 tokens=22937600/50000000 loss=4.2975 lr=3.2e-05 tok/s=18,985 eta=1425.4391200003085
step=351 tokens=23003136/50000000 loss=3.7785 lr=3.19e-05 tok/s=12,565 eta=2148.571855180468
step=352 tokens=23068672/50000000 loss=4.2995 lr=3.18e-05 tok/s=18,620 eta=1446.35318571108
step=353 tokens=23134208/50000000 loss=4.7808 lr=3.17e-05 tok/s=17,906 eta=1500.4107582391568
step=354 tokens=23199744/50000000 loss=3.5616 lr=3.16e-05 tok/s=18,539 eta=1445.579960396957
step=355 tokens=23265280/50000000 loss=3.9309 lr=3.15e-05 tok/s=16,835 eta=1588.0556554002833
step=356 tokens=23330816/50000000 loss=3.7975 lr=3.14e-05 tok/s=18,518 eta=1440.178813165571
step=357 tokens=23396352/50000000 loss=4.1764 lr=3.13e-05 tok/s=17,262 eta=1541.128231149261
step=358 tokens=23461888/50000000 loss=3.7186 lr=3.12e-05 tok/s=19,102 eta=1389.294464437755
step=359 tokens=23527424/50000000 loss=4.1678 lr=3.11e-05 tok/s=20,361 eta=1300.1794878357534
step=360 tokens=23592960/50000000 loss=3.8748 lr=3.1e-05 tok/s=19,491 eta=1354.829117817294
step=361 tokens=23658496/50000000 loss=4.2255 lr=3.09e-05 tok/s=19,740 eta=1334.4063388314466
step=362 tokens=23724032/50000000 loss=4.5757 lr=3.08e-05 tok/s=19,806 eta=1326.6654608112206
step=363 tokens=23789568/50000000 loss=3.8292 lr=3.07e-05 tok/s=17,681 eta=1482.3883110615213
step=364 tokens=23855104/50000000 loss=3.7784 lr=3.06e-05 tok/s=20,827 eta=1255.3089235506393
step=365 tokens=23920640/50000000 loss=4.6934 lr=3.06e-05 tok/s=17,736 eta=1470.4324100292217
step=366 tokens=23986176/50000000 loss=3.7457 lr=3.05e-05 tok/s=20,637 eta=1260.5250714021606
step=367 tokens=24051712/50000000 loss=4.0377 lr=3.04e-05 tok/s=13,573 eta=1911.7912840624242
step=368 tokens=24117248/50000000 loss=4.1917 lr=3.03e-05 tok/s=18,894 eta=1369.8880155316706
step=369 tokens=24182784/50000000 loss=3.9611 lr=3.02e-05 tok/s=19,291 eta=1338.3139759730125
step=370 tokens=24248320/50000000 loss=4.0209 lr=3.01e-05 tok/s=19,165 eta=1343.6897140376402
step=371 tokens=24313856/50000000 loss=4.1300 lr=3e-05 tok/s=19,262 eta=1333.5023470496235
step=372 tokens=24379392/50000000 loss=4.8177 lr=2.99e-05 tok/s=18,472 eta=1387.0112443800342
step=373 tokens=24444928/50000000 loss=4.0253 lr=2.98e-05 tok/s=18,328 eta=1394.3270695226229
step=374 tokens=24510464/50000000 loss=4.1908 lr=2.97e-05 tok/s=19,107 eta=1334.010666822433
step=375 tokens=24576000/50000000 loss=3.9826 lr=2.96e-05 tok/s=18,079 eta=1406.255512160911
step=376 tokens=24641536/50000000 loss=4.0193 lr=2.95e-05 tok/s=19,335 eta=1311.5260213567853
step=377 tokens=24707072/50000000 loss=4.2431 lr=2.94e-05 tok/s=18,987 eta=1332.1144398345157
step=378 tokens=24772608/50000000 loss=4.4772 lr=2.93e-05 tok/s=18,506 eta=1363.2330610649922
step=379 tokens=24838144/50000000 loss=4.1590 lr=2.92e-05 tok/s=18,555 eta=1356.0927560575533
step=380 tokens=24903680/50000000 loss=3.9745 lr=2.91e-05 tok/s=16,742 eta=1498.9667082707326
step=381 tokens=24969216/50000000 loss=3.6539 lr=2.9e-05 tok/s=19,660 eta=1273.154478995589
step=382 tokens=25034752/50000000 loss=4.4670 lr=2.89e-05 tok/s=13,676 eta=1825.433212715589
step=383 tokens=25100288/50000000 loss=3.9408 lr=2.88e-05 tok/s=18,250 eta=1364.403181067226
step=384 tokens=25165824/50000000 loss=3.7444 lr=2.87e-05 tok/s=18,833 eta=1318.6847563812278
step=385 tokens=25231360/50000000 loss=3.7899 lr=2.86e-05 tok/s=18,380 eta=1347.6224397727965
step=386 tokens=25296896/50000000 loss=4.3315 lr=2.85e-05 tok/s=20,287 eta=1217.700469060314
step=387 tokens=25362432/50000000 loss=3.9012 lr=2.84e-05 tok/s=17,699 eta=1392.0371243016825
step=388 tokens=25427968/50000000 loss=3.9479 lr=2.83e-05 tok/s=18,003 eta=1364.91511586559
step=389 tokens=25493504/50000000 loss=3.8360 lr=2.82e-05 tok/s=18,991 eta=1290.4058525099813
step=390 tokens=25559040/50000000 loss=4.4197 lr=2.81e-05 tok/s=17,259 eta=1416.1329879747825
step=391 tokens=25624576/50000000 loss=4.0465 lr=2.81e-05 tok/s=18,004 eta=1353.9175813482925
step=392 tokens=25690112/50000000 loss=4.1592 lr=2.8e-05 tok/s=17,867 eta=1360.6383608690753
step=393 tokens=25755648/50000000 loss=4.0238 lr=2.79e-05 tok/s=19,466 eta=1245.498322828192
step=394 tokens=25821184/50000000 loss=3.8101 lr=2.78e-05 tok/s=19,409 eta=1245.7780315523496
step=395 tokens=25886720/50000000 loss=3.6224 lr=2.77e-05 tok/s=16,630 eta=1449.9994027841751
step=396 tokens=25952256/50000000 loss=4.0270 lr=2.76e-05 tok/s=18,896 eta=1272.633975155944
step=397 tokens=26017792/50000000 loss=3.9927 lr=2.75e-05 tok/s=12,693 eta=1889.3930578838913
step=398 tokens=26083328/50000000 loss=4.5688 lr=2.74e-05 tok/s=17,683 eta=1352.5351236687684
step=399 tokens=26148864/50000000 loss=3.8629 lr=2.73e-05 tok/s=18,883 eta=1263.0955779286396
step=400 tokens=26214400/50000000 loss=3.9663 lr=2.72e-05 tok/s=17,115 eta=1389.7675680753393
step=401 tokens=26279936/50000000 loss=4.3229 lr=2.71e-05 tok/s=18,737 eta=1265.9422917146262
step=402 tokens=26345472/50000000 loss=4.0399 lr=2.7e-05 tok/s=19,354 eta=1222.1741376915463
step=403 tokens=26411008/50000000 loss=3.9248 lr=2.69e-05 tok/s=18,611 eta=1267.4704169292545
step=404 tokens=26476544/50000000 loss=3.7941 lr=2.68e-05 tok/s=18,290 eta=1286.1523473606871
step=405 tokens=26542080/50000000 loss=3.8489 lr=2.67e-05 tok/s=17,963 eta=1305.8681208119758
step=406 tokens=26607616/50000000 loss=4.1254 lr=2.66e-05 tok/s=19,083 eta=1225.8394607711266
step=407 tokens=26673152/50000000 loss=3.8056 lr=2.65e-05 tok/s=17,519 eta=1331.5412382511854
step=408 tokens=26738688/50000000 loss=3.4519 lr=2.64e-05 tok/s=18,678 eta=1245.415469516683
step=409 tokens=26804224/50000000 loss=3.9998 lr=2.63e-05 tok/s=19,099 eta=1214.5283587448794
step=410 tokens=26869760/50000000 loss=4.6323 lr=2.62e-05 tok/s=19,015 eta=1216.4444265335999
step=411 tokens=26935296/50000000 loss=4.1709 lr=2.61e-05 tok/s=17,038 eta=1353.6957100008299
step=412 tokens=27000832/50000000 loss=4.0009 lr=2.6e-05 tok/s=12,435 eta=1849.5232300904722
step=413 tokens=27066368/50000000 loss=3.9071 lr=2.59e-05 tok/s=18,120 eta=1265.622368156021
step=414 tokens=27131904/50000000 loss=4.2299 lr=2.58e-05 tok/s=17,855 eta=1280.7684453824784
step=415 tokens=27197440/50000000 loss=3.9546 lr=2.57e-05 tok/s=18,019 eta=1265.462280779712
step=416 tokens=27262976/50000000 loss=4.4077 lr=2.56e-05 tok/s=18,841 eta=1206.7582123080824
step=417 tokens=27328512/50000000 loss=3.7674 lr=2.55e-05 tok/s=18,390 eta=1232.8261145317983
step=418 tokens=27394048/50000000 loss=4.6433 lr=2.54e-05 tok/s=18,957 eta=1192.5071109590326
step=419 tokens=27459584/50000000 loss=4.3932 lr=2.54e-05 tok/s=19,986 eta=1127.7961592209479
step=420 tokens=27525120/50000000 loss=4.0416 lr=2.53e-05 tok/s=18,994 eta=1183.2810270801315
step=421 tokens=27590656/50000000 loss=3.5962 lr=2.52e-05 tok/s=19,480 eta=1150.404922699217
step=422 tokens=27656192/50000000 loss=4.0092 lr=2.51e-05 tok/s=19,193 eta=1164.1369778584638
step=423 tokens=27721728/50000000 loss=4.2241 lr=2.5e-05 tok/s=17,616 eta=1264.6773178782378
step=424 tokens=27787264/50000000 loss=4.2647 lr=2.49e-05 tok/s=17,048 eta=1302.9780330820254
step=425 tokens=27852800/50000000 loss=3.5444 lr=2.48e-05 tok/s=18,655 eta=1187.2270906337887
step=426 tokens=27918336/50000000 loss=3.8931 lr=2.47e-05 tok/s=19,813 eta=1114.509124239011
step=427 tokens=27983872/50000000 loss=4.0524 lr=2.46e-05 tok/s=18,408 eta=1195.9915998674398
step=428 tokens=28049408/50000000 loss=4.0089 lr=2.45e-05 tok/s=13,160 eta=1667.9807582607475
step=429 tokens=28114944/50000000 loss=4.0193 lr=2.44e-05 tok/s=19,336 eta=1131.8231961610484
step=430 tokens=28180480/50000000 loss=4.2290 lr=2.43e-05 tok/s=18,941 eta=1151.9560552496205
step=431 tokens=28246016/50000000 loss=4.0195 lr=2.42e-05 tok/s=19,147 eta=1136.1834621988182
step=432 tokens=28311552/50000000 loss=3.9057 lr=2.41e-05 tok/s=18,599 eta=1166.1387206640145
step=433 tokens=28377088/50000000 loss=3.7488 lr=2.4e-05 tok/s=19,533 eta=1106.9715351503078
step=434 tokens=28442624/50000000 loss=4.1785 lr=2.39e-05 tok/s=19,717 eta=1093.3378142704055
step=435 tokens=28508160/50000000 loss=4.7106 lr=2.38e-05 tok/s=18,382 eta=1169.1871594090576
step=436 tokens=28573696/50000000 loss=3.5509 lr=2.37e-05 tok/s=17,235 eta=1243.2003124624468
step=437 tokens=28639232/50000000 loss=3.8869 lr=2.36e-05 tok/s=19,031 eta=1122.4040522267585
step=438 tokens=28704768/50000000 loss=3.5783 lr=2.35e-05 tok/s=18,591 eta=1145.452768743629
step=439 tokens=28770304/50000000 loss=4.2110 lr=2.34e-05 tok/s=18,339 eta=1157.604860231074
step=440 tokens=28835840/50000000 loss=3.7662 lr=2.33e-05 tok/s=18,828 eta=1124.0764979813553
step=441 tokens=28901376/50000000 loss=3.6821 lr=2.33e-05 tok/s=18,125 eta=1164.0649845422377
step=442 tokens=28966912/50000000 loss=3.9929 lr=2.32e-05 tok/s=17,259 eta=1218.701284482285
step=443 tokens=29032448/50000000 loss=4.4281 lr=2.31e-05 tok/s=12,569 eta=1668.1333112644877
step=444 tokens=29097984/50000000 loss=3.8283 lr=2.3e-05 tok/s=19,596 eta=1066.6250853681152
step=445 tokens=29163520/50000000 loss=4.3108 lr=2.29e-05 tok/s=19,185 eta=1086.0790604384858
step=446 tokens=29229056/50000000 loss=4.2057 lr=2.28e-05 tok/s=19,328 eta=1074.6630693539696
step=447 tokens=29294592/50000000 loss=3.7611 lr=2.27e-05 tok/s=17,940 eta=1154.1239329947598
step=448 tokens=29360128/50000000 loss=4.1032 lr=2.26e-05 tok/s=17,242 eta=1197.0969452439483
step=449 tokens=29425664/50000000 loss=3.8470 lr=2.25e-05 tok/s=17,311 eta=1188.491156463989
step=450 tokens=29491200/50000000 loss=4.0878 lr=2.24e-05 tok/s=19,112 eta=1073.0596927140425
step=451 tokens=29556736/50000000 loss=4.1628 lr=2.23e-05 tok/s=19,305 eta=1058.9794197499778
step=452 tokens=29622272/50000000 loss=3.9486 lr=2.22e-05 tok/s=17,294 eta=1178.277972290217
step=453 tokens=29687808/50000000 loss=4.0913 lr=2.21e-05 tok/s=17,587 eta=1154.976866329916
step=454 tokens=29753344/50000000 loss=4.1241 lr=2.2e-05 tok/s=16,978 eta=1192.551339229201
step=455 tokens=29818880/50000000 loss=3.4733 lr=2.19e-05 tok/s=20,063 eta=1005.8853620937113
step=456 tokens=29884416/50000000 loss=4.2120 lr=2.18e-05 tok/s=17,623 eta=1141.4396813014969
step=457 tokens=29949952/50000000 loss=3.9650 lr=2.17e-05 tok/s=17,966 eta=1115.9820790391168
step=458 tokens=30015488/50000000 loss=3.7967 lr=2.17e-05 tok/s=12,104 eta=1651.0041461492556
checkpoint saved: runs/contrastive-mc-posttrain-v3/checkpoints/tokens_000030m (permanent_tokens)
step=459 tokens=30081024/50000000 loss=4.2890 lr=2.16e-05 tok/s=14,123 eta=1410.3596097971326
step=460 tokens=30146560/50000000 loss=3.9294 lr=2.15e-05 tok/s=19,112 eta=1038.8000976425308
step=461 tokens=30212096/50000000 loss=4.1068 lr=2.14e-05 tok/s=19,412 eta=1019.3394785261314
step=462 tokens=30277632/50000000 loss=3.7741 lr=2.13e-05 tok/s=18,069 eta=1091.5141564738315
step=463 tokens=30343168/50000000 loss=3.7871 lr=2.12e-05 tok/s=17,556 eta=1119.6804149218524
step=464 tokens=30408704/50000000 loss=3.4275 lr=2.11e-05 tok/s=18,869 eta=1038.2966290100746
step=465 tokens=30474240/50000000 loss=4.4267 lr=2.1e-05 tok/s=17,590 eta=1110.0799236308148
step=466 tokens=30539776/50000000 loss=3.7510 lr=2.09e-05 tok/s=18,256 eta=1065.9607186454357
step=467 tokens=30605312/50000000 loss=3.7078 lr=2.08e-05 tok/s=16,185 eta=1198.3178403384275
step=468 tokens=30670848/50000000 loss=3.7003 lr=2.07e-05 tok/s=19,173 eta=1008.1684960796143
step=469 tokens=30736384/50000000 loss=3.6825 lr=2.06e-05 tok/s=18,565 eta=1037.6545934679689
step=470 tokens=30801920/50000000 loss=3.9260 lr=2.05e-05 tok/s=18,459 eta=1040.0494485153843
step=471 tokens=30867456/50000000 loss=4.2500 lr=2.05e-05 tok/s=18,568 eta=1030.397550915036
step=472 tokens=30932992/50000000 loss=3.6824 lr=2.04e-05 tok/s=19,378 eta=983.9325436737993
step=473 tokens=30998528/50000000 loss=3.8860 lr=2.03e-05 tok/s=18,993 eta=1000.4712744086958
step=474 tokens=31064064/50000000 loss=4.2727 lr=2.02e-05 tok/s=13,119 eta=1443.3650507535933
step=475 tokens=31129600/50000000 loss=4.3462 lr=2.01e-05 tok/s=19,308 eta=977.3577190848755
step=476 tokens=31195136/50000000 loss=3.9710 lr=2e-05 tok/s=18,798 eta=1000.3456038512819
step=477 tokens=31260672/50000000 loss=3.6210 lr=1.99e-05 tok/s=18,523 eta=1011.6983894209959
step=478 tokens=31326208/50000000 loss=3.7507 lr=1.98e-05 tok/s=17,524 eta=1065.6138815235545
step=479 tokens=31391744/50000000 loss=3.8245 lr=1.97e-05 tok/s=18,912 eta=983.9221692613919
step=480 tokens=31457280/50000000 loss=3.7124 lr=1.96e-05 tok/s=19,256 eta=962.9354583905587
step=481 tokens=31522816/50000000 loss=3.9667 lr=1.95e-05 tok/s=18,315 eta=1008.8671493538129
step=482 tokens=31588352/50000000 loss=3.9617 lr=1.95e-05 tok/s=17,771 eta=1036.0595378950834
step=483 tokens=31653888/50000000 loss=4.1314 lr=1.94e-05 tok/s=17,595 eta=1042.6599228782475
step=484 tokens=31719424/50000000 loss=3.7886 lr=1.93e-05 tok/s=17,232 eta=1060.8383359735715
step=485 tokens=31784960/50000000 loss=4.2729 lr=1.92e-05 tok/s=18,531 eta=982.9346597981784
step=486 tokens=31850496/50000000 loss=4.1874 lr=1.91e-05 tok/s=17,684 eta=1026.3136541462156
step=487 tokens=31916032/50000000 loss=3.8583 lr=1.9e-05 tok/s=18,537 eta=975.5749000473694
step=488 tokens=31981568/50000000 loss=4.1803 lr=1.89e-05 tok/s=18,456 eta=976.3013250912588
step=489 tokens=32047104/50000000 loss=4.0321 lr=1.88e-05 tok/s=13,253 eta=1354.6385298046307
step=490 tokens=32112640/50000000 loss=3.7515 lr=1.87e-05 tok/s=18,266 eta=979.2940617545906
step=491 tokens=32178176/50000000 loss=3.9090 lr=1.86e-05 tok/s=17,455 eta=1021.023794023745
step=492 tokens=32243712/50000000 loss=3.6501 lr=1.86e-05 tok/s=19,007 eta=934.1808961064343
step=493 tokens=32309248/50000000 loss=3.4031 lr=1.85e-05 tok/s=15,981 eta=1106.9810406084976
step=494 tokens=32374784/50000000 loss=4.1410 lr=1.84e-05 tok/s=17,666 eta=997.6963249244253
step=495 tokens=32440320/50000000 loss=3.8033 lr=1.83e-05 tok/s=18,078 eta=971.3171108687822
step=496 tokens=32505856/50000000 loss=3.6723 lr=1.82e-05 tok/s=18,586 eta=941.2717802022695
step=497 tokens=32571392/50000000 loss=4.0581 lr=1.81e-05 tok/s=19,316 eta=902.2982494837756
step=498 tokens=32636928/50000000 loss=4.0323 lr=1.8e-05 tok/s=19,505 eta=890.2031549895703
step=499 tokens=32702464/50000000 loss=3.7701 lr=1.79e-05 tok/s=18,909 eta=914.7641169197465
step=500 tokens=32768000/50000000 loss=3.6766 lr=1.79e-05 tok/s=17,841 eta=965.8744597742412
step=501 tokens=32833536/50000000 loss=3.7189 lr=1.78e-05 tok/s=18,629 eta=921.4753067434116
step=502 tokens=32899072/50000000 loss=4.3052 lr=1.77e-05 tok/s=18,581 eta=920.3564832490669
step=503 tokens=32964608/50000000 loss=3.5630 lr=1.76e-05 tok/s=19,792 eta=860.7038741973346
step=504 tokens=33030144/50000000 loss=3.7778 lr=1.75e-05 tok/s=13,364 eta=1269.7863414733079
step=505 tokens=33095680/50000000 loss=4.0428 lr=1.74e-05 tok/s=17,973 eta=940.5379056275029
step=506 tokens=33161216/50000000 loss=3.7902 lr=1.73e-05 tok/s=19,038 eta=884.5050660145329
step=507 tokens=33226752/50000000 loss=3.5448 lr=1.73e-05 tok/s=17,045 eta=984.0700262868739
step=508 tokens=33292288/50000000 loss=3.9563 lr=1.72e-05 tok/s=18,895 eta=884.2429534660058
step=509 tokens=33357824/50000000 loss=4.0542 lr=1.71e-05 tok/s=19,557 eta=850.9407060597728
step=510 tokens=33423360/50000000 loss=3.9968 lr=1.7e-05 tok/s=18,052 eta=918.2785399498664
step=511 tokens=33488896/50000000 loss=3.9667 lr=1.69e-05 tok/s=19,225 eta=858.8416703191467
step=512 tokens=33554432/50000000 loss=3.7186 lr=1.68e-05 tok/s=18,900 eta=870.1557186878292
step=513 tokens=33619968/50000000 loss=4.1400 lr=1.67e-05 tok/s=17,435 eta=939.5082929591553
step=514 tokens=33685504/50000000 loss=3.6146 lr=1.67e-05 tok/s=19,443 eta=839.0740603239385
step=515 tokens=33751040/50000000 loss=3.7507 lr=1.66e-05 tok/s=20,562 eta=790.2304900021544
step=516 tokens=33816576/50000000 loss=3.6716 lr=1.65e-05 tok/s=16,792 eta=963.7782333845349
step=517 tokens=33882112/50000000 loss=3.8096 lr=1.64e-05 tok/s=18,945 eta=850.7602207663165
step=518 tokens=33947648/50000000 loss=4.2106 lr=1.63e-05 tok/s=17,656 eta=909.186721422218
step=519 tokens=34013184/50000000 loss=4.0287 lr=1.62e-05 tok/s=12,078 eta=1323.6712591603045
step=520 tokens=34078720/50000000 loss=3.8019 lr=1.61e-05 tok/s=17,457 eta=912.0235794210045
step=521 tokens=34144256/50000000 loss=4.1194 lr=1.61e-05 tok/s=19,587 eta=809.5148732210534
step=522 tokens=34209792/50000000 loss=4.0197 lr=1.6e-05 tok/s=18,714 eta=843.7572225225481
step=523 tokens=34275328/50000000 loss=3.9312 lr=1.59e-05 tok/s=17,979 eta=874.6061858505243
step=524 tokens=34340864/50000000 loss=3.7584 lr=1.58e-05 tok/s=19,308 eta=811.0292682907908
step=525 tokens=34406400/50000000 loss=3.7150 lr=1.57e-05 tok/s=17,743 eta=878.8400909624698
step=526 tokens=34471936/50000000 loss=3.8734 lr=1.57e-05 tok/s=17,971 eta=864.0802401623996
step=527 tokens=34537472/50000000 loss=3.7511 lr=1.56e-05 tok/s=16,509 eta=936.6220948319245
step=528 tokens=34603008/50000000 loss=4.2002 lr=1.55e-05 tok/s=17,913 eta=859.5553280354832
step=529 tokens=34668544/50000000 loss=3.6630 lr=1.54e-05 tok/s=17,161 eta=893.4015517934417
step=530 tokens=34734080/50000000 loss=3.7641 lr=1.53e-05 tok/s=17,637 eta=865.5845892968887
step=531 tokens=34799616/50000000 loss=4.0720 lr=1.52e-05 tok/s=16,904 eta=899.196871734516
step=532 tokens=34865152/50000000 loss=3.7964 lr=1.52e-05 tok/s=16,467 eta=919.1043229433875
step=533 tokens=34930688/50000000 loss=3.4425 lr=1.51e-05 tok/s=19,077 eta=789.9041513428592
step=534 tokens=34996224/50000000 loss=3.7953 lr=1.5e-05 tok/s=18,382 eta=816.2205809648431
step=535 tokens=35061760/50000000 loss=4.0070 lr=1.49e-05 tok/s=11,900 eta=1255.2629560811276
step=536 tokens=35127296/50000000 loss=3.7347 lr=1.48e-05 tok/s=19,657 eta=756.6241549356612
step=537 tokens=35192832/50000000 loss=3.5406 lr=1.48e-05 tok/s=18,499 eta=800.4098533476189
step=538 tokens=35258368/50000000 loss=3.8895 lr=1.47e-05 tok/s=18,758 eta=785.890695467533
step=539 tokens=35323904/50000000 loss=4.1726 lr=1.46e-05 tok/s=16,067 eta=913.4070601358925
step=540 tokens=35389440/50000000 loss=3.9428 lr=1.45e-05 tok/s=18,603 eta=785.3943440030838
step=541 tokens=35454976/50000000 loss=3.7156 lr=1.44e-05 tok/s=19,150 eta=759.5254998884556
step=542 tokens=35520512/50000000 loss=3.7475 lr=1.44e-05 tok/s=18,470 eta=783.9361163971067
step=543 tokens=35586048/50000000 loss=3.5917 lr=1.43e-05 tok/s=18,962 eta=760.1427140274167
step=544 tokens=35651584/50000000 loss=3.6966 lr=1.42e-05 tok/s=19,460 eta=737.3120443889711
step=545 tokens=35717120/50000000 loss=3.8617 lr=1.41e-05 tok/s=17,461 eta=817.9736820976786
step=546 tokens=35782656/50000000 loss=3.8045 lr=1.41e-05 tok/s=18,391 eta=773.0421895746258
step=547 tokens=35848192/50000000 loss=4.0014 lr=1.4e-05 tok/s=17,452 eta=810.8758571744191
step=548 tokens=35913728/50000000 loss=3.8107 lr=1.39e-05 tok/s=17,970 eta=783.8843800692118
step=549 tokens=35979264/50000000 loss=4.1598 lr=1.38e-05 tok/s=17,650 eta=794.3948355222758
step=550 tokens=36044800/50000000 loss=4.0349 lr=1.38e-05 tok/s=12,158 eta=1147.7898463679624
step=551 tokens=36110336/50000000 loss=3.7808 lr=1.37e-05 tok/s=19,531 eta=711.155611213524
step=552 tokens=36175872/50000000 loss=4.1939 lr=1.36e-05 tok/s=20,005 eta=691.0342158225693
step=553 tokens=36241408/50000000 loss=3.6148 lr=1.35e-05 tok/s=18,478 eta=744.6102579732116
step=554 tokens=36306944/50000000 loss=4.3595 lr=1.34e-05 tok/s=18,824 eta=727.4409709182611
step=555 tokens=36372480/50000000 loss=3.6848 lr=1.34e-05 tok/s=20,111 eta=677.6224643373587
step=556 tokens=36438016/50000000 loss=4.2753 lr=1.33e-05 tok/s=19,934 eta=680.3540652600799
step=557 tokens=36503552/50000000 loss=3.7736 lr=1.32e-05 tok/s=17,403 eta=775.506725218624
step=558 tokens=36569088/50000000 loss=3.7222 lr=1.31e-05 tok/s=18,958 eta=708.4471292994749
step=559 tokens=36634624/50000000 loss=3.9432 lr=1.31e-05 tok/s=16,477 eta=811.1378992600569
step=560 tokens=36700160/50000000 loss=3.7289 lr=1.3e-05 tok/s=16,418 eta=810.0617387168205
step=561 tokens=36765696/50000000 loss=3.3858 lr=1.29e-05 tok/s=18,146 eta=729.3131302314271
step=562 tokens=36831232/50000000 loss=4.1216 lr=1.29e-05 tok/s=18,168 eta=724.8298705394575
step=563 tokens=36896768/50000000 loss=3.7833 lr=1.28e-05 tok/s=17,546 eta=746.8083249854953
step=564 tokens=36962304/50000000 loss=4.0730 lr=1.27e-05 tok/s=19,673 eta=662.7088097689931
step=565 tokens=37027840/50000000 loss=3.8516 lr=1.26e-05 tok/s=12,924 eta=1003.6943567069039
step=566 tokens=37093376/50000000 loss=3.9245 lr=1.26e-05 tok/s=19,260 eta=670.1221868968728
step=567 tokens=37158912/50000000 loss=4.0089 lr=1.25e-05 tok/s=17,432 eta=736.6229695618881
step=568 tokens=37224448/50000000 loss=3.5622 lr=1.24e-05 tok/s=17,934 eta=712.3824774844054
step=569 tokens=37289984/50000000 loss=3.7861 lr=1.23e-05 tok/s=17,466 eta=727.6950859799064
step=570 tokens=37355520/50000000 loss=3.9883 lr=1.23e-05 tok/s=18,451 eta=685.2996800085151
step=571 tokens=37421056/50000000 loss=3.3807 lr=1.22e-05 tok/s=18,571 eta=677.3533895750616
step=572 tokens=37486592/50000000 loss=4.0316 lr=1.21e-05 tok/s=17,123 eta=730.8126163208789
step=573 tokens=37552128/50000000 loss=3.7485 lr=1.21e-05 tok/s=19,653 eta=633.379497582939
step=574 tokens=37617664/50000000 loss=3.8107 lr=1.2e-05 tok/s=18,450 eta=671.1390317485972
step=575 tokens=37683200/50000000 loss=3.5996 lr=1.19e-05 tok/s=18,870 eta=652.7266749931471
step=576 tokens=37748736/50000000 loss=4.0665 lr=1.19e-05 tok/s=18,032 eta=679.4087238079384
step=577 tokens=37814272/50000000 loss=3.7258 lr=1.18e-05 tok/s=19,227 eta=633.7804033080272
step=578 tokens=37879808/50000000 loss=3.6020 lr=1.17e-05 tok/s=17,530 eta=691.3978119952308
step=579 tokens=37945344/50000000 loss=3.7253 lr=1.16e-05 tok/s=16,101 eta=748.6701108479161
step=580 tokens=38010880/50000000 loss=4.2548 lr=1.16e-05 tok/s=13,299 eta=901.5033047392762
step=581 tokens=38076416/50000000 loss=4.0477 lr=1.15e-05 tok/s=19,438 eta=613.4025445414143
step=582 tokens=38141952/50000000 loss=4.1728 lr=1.14e-05 tok/s=17,992 eta=659.0621467522421
step=583 tokens=38207488/50000000 loss=4.2527 lr=1.14e-05 tok/s=17,267 eta=682.9643727035442
step=584 tokens=38273024/50000000 loss=4.2375 lr=1.13e-05 tok/s=20,512 eta=571.722022481507
step=585 tokens=38338560/50000000 loss=3.8117 lr=1.12e-05 tok/s=16,595 eta=702.6963421240299
step=586 tokens=38404096/50000000 loss=3.7634 lr=1.12e-05 tok/s=16,479 eta=703.677601094559
step=587 tokens=38469632/50000000 loss=4.0521 lr=1.11e-05 tok/s=18,389 eta=627.0294348517601
step=588 tokens=38535168/50000000 loss=3.5147 lr=1.1e-05 tok/s=17,684 eta=648.3184939457983
step=589 tokens=38600704/50000000 loss=3.5330 lr=1.1e-05 tok/s=20,297 eta=561.6295686992186
step=590 tokens=38666240/50000000 loss=3.9587 lr=1.09e-05 tok/s=17,147 eta=660.9699467641029
step=591 tokens=38731776/50000000 loss=3.7589 lr=1.08e-05 tok/s=18,114 eta=622.0887134164951
step=592 tokens=38797312/50000000 loss=4.1139 lr=1.08e-05 tok/s=18,939 eta=591.529550731525
step=593 tokens=38862848/50000000 loss=3.9706 lr=1.07e-05 tok/s=18,578 eta=599.4932065390201
step=594 tokens=38928384/50000000 loss=3.9232 lr=1.07e-05 tok/s=18,050 eta=613.3771140516736
step=595 tokens=38993920/50000000 loss=3.6110 lr=1.06e-05 tok/s=17,591 eta=625.6537131894385
step=596 tokens=39059456/50000000 loss=3.6952 lr=1.05e-05 tok/s=13,555 eta=807.0949722522405
step=597 tokens=39124992/50000000 loss=3.6020 lr=1.05e-05 tok/s=18,488 eta=588.2217954303119
step=598 tokens=39190528/50000000 loss=3.8194 lr=1.04e-05 tok/s=18,827 eta=574.1488190482729
step=599 tokens=39256064/50000000 loss=3.4598 lr=1.03e-05 tok/s=18,270 eta=588.0632448068195
step=600 tokens=39321600/50000000 loss=3.6199 lr=1.03e-05 tok/s=18,874 eta=565.7729183344088
step=601 tokens=39387136/50000000 loss=4.1584 lr=1.02e-05 tok/s=18,530 eta=572.7306624238828
step=602 tokens=39452672/50000000 loss=3.9881 lr=1.02e-05 tok/s=19,476 eta=541.5495250246694
step=603 tokens=39518208/50000000 loss=3.9695 lr=1.01e-05 tok/s=17,362 eta=603.7090324541768
step=604 tokens=39583744/50000000 loss=3.8378 lr=1e-05 tok/s=17,118 eta=608.4863777928583
step=605 tokens=39649280/50000000 loss=4.1582 lr=9.97e-06 tok/s=20,018 eta=517.0661095955063
step=606 tokens=39714816/50000000 loss=3.6300 lr=9.91e-06 tok/s=19,386 eta=530.5599683454418
step=607 tokens=39780352/50000000 loss=3.4366 lr=9.85e-06 tok/s=20,582 eta=496.5404999740847
step=608 tokens=39845888/50000000 loss=4.2068 lr=9.79e-06 tok/s=18,716 eta=542.5388659737075
step=609 tokens=39911424/50000000 loss=3.8276 lr=9.73e-06 tok/s=17,965 eta=561.5713151119053
step=610 tokens=39976960/50000000 loss=4.4720 lr=9.67e-06 tok/s=17,503 eta=572.6342198978767
step=611 tokens=40042496/50000000 loss=3.7370 lr=9.61e-06 tok/s=13,802 eta=721.4308071762124
checkpoint saved: runs/contrastive-mc-posttrain-v3/checkpoints/tokens_000040m (permanent_tokens)
step=612 tokens=40108032/50000000 loss=3.4608 lr=9.55e-06 tok/s=15,561 eta=635.6808473852664
step=613 tokens=40173568/50000000 loss=3.9167 lr=9.5e-06 tok/s=19,516 eta=503.5042630308429
step=614 tokens=40239104/50000000 loss=4.3162 lr=9.44e-06 tok/s=19,520 eta=500.0350163773693
step=615 tokens=40304640/50000000 loss=4.1594 lr=9.38e-06 tok/s=17,601 eta=550.8373677256242
step=616 tokens=40370176/50000000 loss=3.4204 lr=9.32e-06 tok/s=16,758 eta=574.6350941400444
step=617 tokens=40435712/50000000 loss=3.6702 lr=9.27e-06 tok/s=20,040 eta=477.2546950004289
step=618 tokens=40501248/50000000 loss=3.8915 lr=9.21e-06 tok/s=17,006 eta=558.5606124260238
step=619 tokens=40566784/50000000 loss=3.5052 lr=9.15e-06 tok/s=19,098 eta=493.93392519235204
step=620 tokens=40632320/50000000 loss=3.6742 lr=9.1e-06 tok/s=15,996 eta=585.6372255378193
step=621 tokens=40697856/50000000 loss=4.0795 lr=9.04e-06 tok/s=18,277 eta=508.9485318450919
step=622 tokens=40763392/50000000 loss=4.2741 lr=8.99e-06 tok/s=18,313 eta=504.38329943283486
step=623 tokens=40828928/50000000 loss=3.6881 lr=8.93e-06 tok/s=18,730 eta=489.63434495403703
step=624 tokens=40894464/50000000 loss=3.5754 lr=8.88e-06 tok/s=19,770 eta=460.57110814933156
step=625 tokens=40960000/50000000 loss=3.9712 lr=8.82e-06 tok/s=18,586 eta=486.3924323998958
step=626 tokens=41025536/50000000 loss=3.5803 lr=8.77e-06 tok/s=12,998 eta=690.4452939649204
step=627 tokens=41091072/50000000 loss=3.9671 lr=8.72e-06 tok/s=19,622 eta=454.03188902194063
step=628 tokens=41156608/50000000 loss=3.3504 lr=8.66e-06 tok/s=18,637 eta=474.51100710698813
step=629 tokens=41222144/50000000 loss=3.7934 lr=8.61e-06 tok/s=18,628 eta=471.207047324876
step=630 tokens=41287680/50000000 loss=3.5740 lr=8.56e-06 tok/s=19,129 eta=455.45752392533245
step=631 tokens=41353216/50000000 loss=3.9029 lr=8.51e-06 tok/s=18,158 eta=476.1989217599922
step=632 tokens=41418752/50000000 loss=3.4051 lr=8.46e-06 tok/s=17,984 eta=477.1694445688605
step=633 tokens=41484288/50000000 loss=3.9089 lr=8.41e-06 tok/s=18,295 eta=465.467651451017
step=634 tokens=41549824/50000000 loss=3.8788 lr=8.35e-06 tok/s=18,531 eta=456.012473012658
step=635 tokens=41615360/50000000 loss=3.7079 lr=8.3e-06 tok/s=17,056 eta=491.6039001578121
step=636 tokens=41680896/50000000 loss=3.7241 lr=8.25e-06 tok/s=18,646 eta=446.165159553975
step=637 tokens=41746432/50000000 loss=3.9474 lr=8.2e-06 tok/s=18,881 eta=437.1352620995798
step=638 tokens=41811968/50000000 loss=3.7747 lr=8.15e-06 tok/s=17,949 eta=456.18344431397696
step=639 tokens=41877504/50000000 loss=3.6988 lr=8.11e-06 tok/s=19,150 eta=424.14261945851615
step=640 tokens=41943040/50000000 loss=3.9688 lr=8.06e-06 tok/s=18,012 eta=447.31930219668925
step=641 tokens=42008576/50000000 loss=3.8902 lr=8.01e-06 tok/s=13,317 eta=600.0860834092057
step=642 tokens=42074112/50000000 loss=3.6949 lr=7.96e-06 tok/s=18,577 eta=426.64982564175943
step=643 tokens=42139648/50000000 loss=4.0779 lr=7.91e-06 tok/s=18,651 eta=421.43739506851887
step=644 tokens=42205184/50000000 loss=4.2153 lr=7.87e-06 tok/s=19,096 eta=408.19406215751144
step=645 tokens=42270720/50000000 loss=3.7548 lr=7.82e-06 tok/s=18,077 eta=427.5652184372172
step=646 tokens=42336256/50000000 loss=3.9330 lr=7.77e-06 tok/s=19,887 eta=385.36172373915883
step=647 tokens=42401792/50000000 loss=3.7040 lr=7.73e-06 tok/s=16,909 eta=449.34685696541584
step=648 tokens=42467328/50000000 loss=3.9933 lr=7.68e-06 tok/s=18,617 eta=404.6133336033773
step=649 tokens=42532864/50000000 loss=3.8968 lr=7.63e-06 tok/s=17,930 eta=416.45822206274465
step=650 tokens=42598400/50000000 loss=3.8497 lr=7.59e-06 tok/s=19,432 eta=380.89964105834895
step=651 tokens=42663936/50000000 loss=3.7238 lr=7.54e-06 tok/s=18,381 eta=399.1118715269907
step=652 tokens=42729472/50000000 loss=3.9581 lr=7.5e-06 tok/s=18,988 eta=382.89287501227284
step=653 tokens=42795008/50000000 loss=3.4598 lr=7.46e-06 tok/s=18,496 eta=389.53601042480034
step=654 tokens=42860544/50000000 loss=3.8769 lr=7.41e-06 tok/s=19,045 eta=374.8644936357298
step=655 tokens=42926080/50000000 loss=4.2274 lr=7.37e-06 tok/s=17,536 eta=403.40361992640794
step=656 tokens=42991616/50000000 loss=3.8684 lr=7.33e-06 tok/s=17,585 eta=398.5501720981623
step=657 tokens=43057152/50000000 loss=3.5322 lr=7.28e-06 tok/s=12,608 eta=550.6772231594435
step=658 tokens=43122688/50000000 loss=3.7263 lr=7.24e-06 tok/s=18,884 eta=364.186392937135
step=659 tokens=43188224/50000000 loss=3.9485 lr=7.2e-06 tok/s=18,970 eta=359.0759444711357
step=660 tokens=43253760/50000000 loss=3.9140 lr=7.16e-06 tok/s=19,156 eta=352.1726478631927
step=661 tokens=43319296/50000000 loss=3.6492 lr=7.12e-06 tok/s=17,428 eta=383.3248716083299
step=662 tokens=43384832/50000000 loss=3.6923 lr=7.08e-06 tok/s=18,960 eta=348.89854566570517
step=663 tokens=43450368/50000000 loss=4.2360 lr=7.04e-06 tok/s=18,368 eta=356.58302602226735
step=664 tokens=43515904/50000000 loss=3.9494 lr=7e-06 tok/s=16,452 eta=394.12443799046713
step=665 tokens=43581440/50000000 loss=3.6772 lr=6.96e-06 tok/s=17,755 eta=361.49885892887545
step=666 tokens=43646976/50000000 loss=3.6970 lr=6.92e-06 tok/s=17,574 eta=361.4940658873816
step=667 tokens=43712512/50000000 loss=3.6597 lr=6.88e-06 tok/s=18,748 eta=335.3647047439099
step=668 tokens=43778048/50000000 loss=3.9567 lr=6.84e-06 tok/s=16,286 eta=382.0330050721776
step=669 tokens=43843584/50000000 loss=3.6699 lr=6.8e-06 tok/s=18,420 eta=334.22744603031833
step=670 tokens=43909120/50000000 loss=4.1798 lr=6.76e-06 tok/s=18,606 eta=327.35925298516577
step=671 tokens=43974656/50000000 loss=4.1203 lr=6.73e-06 tok/s=18,947 eta=318.004896042714
step=672 tokens=44040192/50000000 loss=3.8187 lr=6.69e-06 tok/s=12,210 eta=488.10958473062794
step=673 tokens=44105728/50000000 loss=3.8828 lr=6.65e-06 tok/s=18,018 eta=327.1311571214666
step=674 tokens=44171264/50000000 loss=3.8636 lr=6.62e-06 tok/s=19,268 eta=302.5064673317381
step=675 tokens=44236800/50000000 loss=3.9562 lr=6.58e-06 tok/s=18,951 eta=304.10517310984915
step=676 tokens=44302336/50000000 loss=4.0556 lr=6.55e-06 tok/s=18,023 eta=316.13073959084034
step=677 tokens=44367872/50000000 loss=3.7113 lr=6.51e-06 tok/s=18,235 eta=308.86216614141676
step=678 tokens=44433408/50000000 loss=3.6349 lr=6.48e-06 tok/s=19,419 eta=286.6497673433779
step=679 tokens=44498944/50000000 loss=3.9605 lr=6.44e-06 tok/s=19,063 eta=288.5719493994293
step=680 tokens=44564480/50000000 loss=3.2856 lr=6.41e-06 tok/s=19,550 eta=278.03874351025854
step=681 tokens=44630016/50000000 loss=4.0111 lr=6.38e-06 tok/s=20,840 eta=257.6720548958366
step=682 tokens=44695552/50000000 loss=4.2207 lr=6.34e-06 tok/s=18,506 eta=286.6374426594675
step=683 tokens=44761088/50000000 loss=4.1900 lr=6.31e-06 tok/s=17,357 eta=301.82792564012027
step=684 tokens=44826624/50000000 loss=3.8360 lr=6.28e-06 tok/s=17,646 eta=293.16858787547255
step=685 tokens=44892160/50000000 loss=3.9394 lr=6.25e-06 tok/s=17,410 eta=293.3936535538413
step=686 tokens=44957696/50000000 loss=4.0338 lr=6.21e-06 tok/s=18,553 eta=271.77560408572583
step=687 tokens=45023232/50000000 loss=4.0730 lr=6.18e-06 tok/s=12,739 eta=390.66197721095034
step=688 tokens=45088768/50000000 loss=3.5369 lr=6.15e-06 tok/s=17,707 eta=277.3572065807432
step=689 tokens=45154304/50000000 loss=3.8825 lr=6.12e-06 tok/s=17,060 eta=284.03210665693814
step=690 tokens=45219840/50000000 loss=4.0081 lr=6.09e-06 tok/s=18,762 eta=254.7742883955715
step=691 tokens=45285376/50000000 loss=3.5690 lr=6.06e-06 tok/s=17,462 eta=270.0000272537495
step=692 tokens=45350912/50000000 loss=3.7742 lr=6.03e-06 tok/s=17,772 eta=261.5926818336295
step=693 tokens=45416448/50000000 loss=3.7551 lr=6e-06 tok/s=17,779 eta=257.81069978583616
step=694 tokens=45481984/50000000 loss=4.1349 lr=5.98e-06 tok/s=19,339 eta=233.62611644222
step=695 tokens=45547520/50000000 loss=3.8420 lr=5.95e-06 tok/s=17,142 eta=259.73505807385834
step=696 tokens=45613056/50000000 loss=3.8365 lr=5.92e-06 tok/s=18,410 eta=238.2938014493726
step=697 tokens=45678592/50000000 loss=3.9619 lr=5.89e-06 tok/s=17,182 eta=251.5142592456841
step=698 tokens=45744128/50000000 loss=3.5382 lr=5.87e-06 tok/s=18,691 eta=227.69051358779086
step=699 tokens=45809664/50000000 loss=3.6782 lr=5.84e-06 tok/s=19,838 eta=211.23085714540343
step=700 tokens=45875200/50000000 loss=3.8205 lr=5.81e-06 tok/s=17,597 eta=234.3977111122683
step=701 tokens=45940736/50000000 loss=3.8619 lr=5.79e-06 tok/s=17,961 eta=226.00117766491678
step=702 tokens=46006272/50000000 loss=4.2326 lr=5.76e-06 tok/s=12,978 eta=307.7240235061811
step=703 tokens=46071808/50000000 loss=4.3804 lr=5.74e-06 tok/s=19,752 eta=198.87633135165584
step=704 tokens=46137344/50000000 loss=3.8073 lr=5.72e-06 tok/s=18,497 eta=208.82627440893657
step=705 tokens=46202880/50000000 loss=3.6304 lr=5.69e-06 tok/s=17,105 eta=221.99456214226075
step=706 tokens=46268416/50000000 loss=3.5241 lr=5.67e-06 tok/s=18,175 eta=205.31450931556364
step=707 tokens=46333952/50000000 loss=3.6517 lr=5.64e-06 tok/s=18,736 eta=195.6637737040295
step=708 tokens=46399488/50000000 loss=4.2593 lr=5.62e-06 tok/s=18,899 eta=190.50972924343293
step=709 tokens=46465024/50000000 loss=3.8126 lr=5.6e-06 tok/s=18,102 eta=195.27578975161475
step=710 tokens=46530560/50000000 loss=3.9305 lr=5.58e-06 tok/s=19,327 eta=179.5107299371091
step=711 tokens=46596096/50000000 loss=3.8054 lr=5.56e-06 tok/s=19,056 eta=178.62395221694408
step=712 tokens=46661632/50000000 loss=3.5851 lr=5.53e-06 tok/s=18,730 eta=178.23358006152614
step=713 tokens=46727168/50000000 loss=3.6848 lr=5.51e-06 tok/s=18,120 eta=180.6233878333245
step=714 tokens=46792704/50000000 loss=3.6070 lr=5.49e-06 tok/s=17,501 eta=183.2644032128203
step=715 tokens=46858240/50000000 loss=3.5764 lr=5.47e-06 tok/s=18,777 eta=167.3210070530041
step=716 tokens=46923776/50000000 loss=3.6871 lr=5.45e-06 tok/s=19,798 eta=155.3803742760424
step=717 tokens=46989312/50000000 loss=3.6808 lr=5.44e-06 tok/s=18,448 eta=163.19818619757677
step=718 tokens=47054848/50000000 loss=3.9927 lr=5.42e-06 tok/s=12,669 eta=232.46154324648307
step=719 tokens=47120384/50000000 loss=3.8984 lr=5.4e-06 tok/s=18,326 eta=157.13368950428858
step=720 tokens=47185920/50000000 loss=3.5788 lr=5.38e-06 tok/s=19,250 eta=146.1849268852808
step=721 tokens=47251456/50000000 loss=3.9150 lr=5.36e-06 tok/s=18,072 eta=152.08603832531426
step=722 tokens=47316992/50000000 loss=3.7223 lr=5.35e-06 tok/s=18,216 eta=147.2909687251356
step=723 tokens=47382528/50000000 loss=3.5299 lr=5.33e-06 tok/s=18,696 eta=139.99812987639882
step=724 tokens=47448064/50000000 loss=3.5956 lr=5.31e-06 tok/s=17,738 eta=143.86869231320088
step=725 tokens=47513600/50000000 loss=4.3028 lr=5.3e-06 tok/s=18,344 eta=135.5450464437979
step=726 tokens=47579136/50000000 loss=3.7568 lr=5.28e-06 tok/s=19,919 eta=121.53723194093152
step=727 tokens=47644672/50000000 loss=4.0215 lr=5.27e-06 tok/s=18,258 eta=128.9992224520828
step=728 tokens=47710208/50000000 loss=3.8139 lr=5.25e-06 tok/s=19,192 eta=119.30943861649962
step=729 tokens=47775744/50000000 loss=3.6494 lr=5.24e-06 tok/s=18,023 eta=123.41260770380165
step=730 tokens=47841280/50000000 loss=3.4812 lr=5.22e-06 tok/s=17,497 eta=123.37488370799747
step=731 tokens=47906816/50000000 loss=3.7984 lr=5.21e-06 tok/s=18,478 eta=113.28249098120263
step=732 tokens=47972352/50000000 loss=4.2559 lr=5.2e-06 tok/s=17,245 eta=117.5772897959215
step=733 tokens=48037888/50000000 loss=4.6562 lr=5.19e-06 tok/s=12,840 eta=152.81072273725067
step=734 tokens=48103424/50000000 loss=3.4707 lr=5.17e-06 tok/s=17,118 eta=110.79477147335047
step=735 tokens=48168960/50000000 loss=3.8518 lr=5.16e-06 tok/s=19,898 eta=92.02120388899004
step=736 tokens=48234496/50000000 loss=3.2192 lr=5.15e-06 tok/s=18,728 eta=94.2711756929135
step=737 tokens=48300032/50000000 loss=3.8624 lr=5.14e-06 tok/s=17,937 eta=94.7755845823001
step=738 tokens=48365568/50000000 loss=4.0342 lr=5.13e-06 tok/s=18,959 eta=86.20964230959032
step=739 tokens=48431104/50000000 loss=3.8064 lr=5.12e-06 tok/s=19,606 eta=80.01954771226951
step=740 tokens=48496640/50000000 loss=3.8491 lr=5.11e-06 tok/s=18,394 eta=81.73145584943144
step=741 tokens=48562176/50000000 loss=4.5006 lr=5.1e-06 tok/s=17,767 eta=80.92605762674327
step=742 tokens=48627712/50000000 loss=3.8540 lr=5.09e-06 tok/s=18,518 eta=74.10611084320226
step=743 tokens=48693248/50000000 loss=4.0252 lr=5.08e-06 tok/s=18,312 eta=71.36234902987599
step=744 tokens=48758784/50000000 loss=3.8027 lr=5.07e-06 tok/s=19,384 eta=64.03466196372983
step=745 tokens=48824320/50000000 loss=3.8357 lr=5.07e-06 tok/s=18,725 eta=62.787592907869794
step=746 tokens=48889856/50000000 loss=3.9838 lr=5.06e-06 tok/s=17,879 eta=62.093326776522076
step=747 tokens=48955392/50000000 loss=3.5075 lr=5.05e-06 tok/s=17,888 eta=58.397043878111496
step=748 tokens=49020928/50000000 loss=3.8593 lr=5.05e-06 tok/s=13,234 eta=73.98405154645604
step=749 tokens=49086464/50000000 loss=3.7678 lr=5.04e-06 tok/s=19,292 eta=47.352157249765014
step=750 tokens=49152000/50000000 loss=3.5730 lr=5.03e-06 tok/s=20,301 eta=41.77211477093579
step=751 tokens=49217536/50000000 loss=3.3846 lr=5.03e-06 tok/s=16,714 eta=46.8135165681722
step=752 tokens=49283072/50000000 loss=3.5549 lr=5.02e-06 tok/s=18,120 eta=39.56489564022013
step=753 tokens=49348608/50000000 loss=3.8238 lr=5.02e-06 tok/s=19,107 eta=34.091922694694176
step=754 tokens=49414144/50000000 loss=4.0288 lr=5.02e-06 tok/s=19,057 eta=30.742752407140756
step=755 tokens=49479680/50000000 loss=3.8735 lr=5.01e-06 tok/s=18,781 eta=27.704294759579394
step=756 tokens=49545216/50000000 loss=4.3426 lr=5.01e-06 tok/s=18,980 eta=23.96082499892066
step=757 tokens=49610752/50000000 loss=3.6956 lr=5.01e-06 tok/s=17,964 eta=21.668645149527038
step=758 tokens=49676288/50000000 loss=3.8619 lr=5.01e-06 tok/s=18,275 eta=17.712920392847536
step=759 tokens=49741824/50000000 loss=3.8514 lr=5e-06 tok/s=17,195 eta=15.014343057834253
step=760 tokens=49807360/50000000 loss=3.7968 lr=5e-06 tok/s=18,856 eta=10.216587532106587
step=761 tokens=49872896/50000000 loss=4.0566 lr=5e-06 tok/s=17,788 eta=7.1453238801668695
step=762 tokens=49938432/50000000 loss=3.6771 lr=5e-06 tok/s=19,541 eta=3.1507662677227017
step=763 tokens=50003968/50000000 loss=3.8179 lr=5e-06 tok/s=12,476 eta=0.0
checkpoint saved: runs/contrastive-mc-posttrain-v3/checkpoints/tokens_000050m (permanent_tokens)
checkpoint saved: runs/contrastive-mc-posttrain-v3/checkpoints/step_000000763 (final)
