initialized from checkpoint: previous step=7630, tokens=1000079360, source=/home/xia/code/j3/runs/20260906-225321/checkpoints/step_000007630
step=1 tokens=131072/125000000 loss=2.9589 lr=2.62e-06 tok/s=18,530 eta=6738.659742287131
step=2 tokens=262144/125000000 loss=2.9190 lr=5.24e-06 tok/s=45,017 eta=2770.9114569109774
step=3 tokens=393216/125000000 loss=3.1766 lr=7.86e-06 tok/s=44,995 eta=2769.3316582549883
step=4 tokens=524288/125000000 loss=2.9934 lr=1.05e-05 tok/s=44,996 eta=2766.363225452577
step=5 tokens=655360/125000000 loss=2.9726 lr=1.31e-05 tok/s=44,994 eta=2763.5608193412454
step=6 tokens=786432/125000000 loss=2.9370 lr=1.57e-05 tok/s=45,006 eta=2759.932700781902
step=7 tokens=917504/125000000 loss=2.8415 lr=1.84e-05 tok/s=44,671 eta=2777.701156217862
step=8 tokens=1048576/125000000 loss=2.9938 lr=2.1e-05 tok/s=44,987 eta=2755.264584449679
step=9 tokens=1179648/125000000 loss=2.8018 lr=2.36e-05 tok/s=44,970 eta=2753.369814109727
step=10 tokens=1310720/125000000 loss=2.8537 lr=2.62e-05 tok/s=44,995 eta=2748.9794540536964
step=11 tokens=1441792/125000000 loss=2.7192 lr=2.88e-05 tok/s=44,986 eta=2746.5983710427117
step=12 tokens=1572864/125000000 loss=2.5907 lr=3.15e-05 tok/s=44,637 eta=2765.1377351306232
step=13 tokens=1703936/125000000 loss=2.7304 lr=3.41e-05 tok/s=44,913 eta=2745.210514464312
step=14 tokens=1835008/125000000 loss=2.7455 lr=3.67e-05 tok/s=44,858 eta=2745.6424052324664
step=15 tokens=1966080/125000000 loss=2.9113 lr=3.93e-05 tok/s=44,840 eta=2743.8240791972
step=16 tokens=2097152/125000000 loss=2.7029 lr=4.19e-05 tok/s=44,838 eta=2741.0352033403296
step=17 tokens=2228224/125000000 loss=2.7247 lr=4.46e-05 tok/s=44,529 eta=2757.1448955731266
step=18 tokens=2359296/125000000 loss=2.9908 lr=4.72e-05 tok/s=44,854 eta=2734.1942821765615
step=19 tokens=2490368/125000000 loss=2.4598 lr=4.98e-05 tok/s=44,853 eta=2731.3376860567832
step=20 tokens=2621440/125000000 loss=2.7866 lr=5.24e-05 tok/s=44,822 eta=2730.35210476579
step=21 tokens=2752512/125000000 loss=2.7513 lr=5.51e-05 tok/s=44,850 eta=2725.6771475324354
step=22 tokens=2883584/125000000 loss=2.7957 lr=5.77e-05 tok/s=44,516 eta=2743.1793505165774
step=23 tokens=3014656/125000000 loss=2.7615 lr=6.03e-05 tok/s=44,782 eta=2723.96317479172
step=24 tokens=3145728/125000000 loss=2.8065 lr=6.29e-05 tok/s=44,077 eta=2764.583414185579
step=25 tokens=3276800/125000000 loss=2.8529 lr=6.55e-05 tok/s=44,342 eta=2745.1242149683953
step=26 tokens=3407872/125000000 loss=2.6509 lr=6.82e-05 tok/s=43,947 eta=2766.7711202942355
step=27 tokens=3538944/125000000 loss=2.7469 lr=7.08e-05 tok/s=43,989 eta=2761.1978097611027
step=28 tokens=3670016/125000000 loss=2.9054 lr=7.34e-05 tok/s=43,915 eta=2762.834579843653
step=29 tokens=3801088/125000000 loss=2.5671 lr=7.6e-05 tok/s=43,752 eta=2770.13929952051
step=30 tokens=3932160/125000000 loss=2.6583 lr=7.86e-05 tok/s=43,644 eta=2773.9687073263794
step=31 tokens=4063232/125000000 loss=2.8561 lr=8.13e-05 tok/s=43,591 eta=2774.3601680214383
step=32 tokens=4194304/125000000 loss=3.2515 lr=8.39e-05 tok/s=43,447 eta=2780.524908443531
step=33 tokens=4325376/125000000 loss=3.0485 lr=8.65e-05 tok/s=43,481 eta=2775.3323542783705
step=34 tokens=4456448/125000000 loss=3.0210 lr=8.91e-05 tok/s=43,061 eta=2799.3812471979754
step=35 tokens=4587520/125000000 loss=2.3209 lr=9.18e-05 tok/s=42,940 eta=2804.1716163655224
step=36 tokens=4718592/125000000 loss=2.8157 lr=9.44e-05 tok/s=43,229 eta=2782.400190074892
step=37 tokens=4849664/125000000 loss=2.4030 lr=9.7e-05 tok/s=43,453 eta=2765.0607145627982
step=38 tokens=4980736/125000000 loss=2.5401 lr=9.96e-05 tok/s=43,413 eta=2764.564631044077
step=39 tokens=5111808/125000000 loss=2.6915 lr=0.0001 tok/s=16,113 eta=7440.472273968668
step=40 tokens=5242880/125000000 loss=2.5728 lr=0.0001 tok/s=44,153 eta=2712.32838330299
step=41 tokens=5373952/125000000 loss=2.8243 lr=0.0001 tok/s=43,794 eta=2731.5770709471226
step=42 tokens=5505024/125000000 loss=2.7180 lr=0.0001 tok/s=43,434 eta=2751.183139557108
step=43 tokens=5636096/125000000 loss=3.0368 lr=0.0001 tok/s=43,204 eta=2762.8205894893217
step=44 tokens=5767168/125000000 loss=2.7042 lr=0.0001 tok/s=42,862 eta=2781.7551382899505
step=45 tokens=5898240/125000000 loss=2.8286 lr=0.0001 tok/s=43,418 eta=2743.1624250771492
step=46 tokens=6029312/125000000 loss=2.5279 lr=0.0001 tok/s=42,983 eta=2767.8306222024703
step=47 tokens=6160384/125000000 loss=2.9469 lr=0.0001 tok/s=43,117 eta=2756.193391918501
step=48 tokens=6291456/125000000 loss=2.8420 lr=0.0001 tok/s=43,072 eta=2756.067019123522
step=49 tokens=6422528/125000000 loss=3.0267 lr=0.0001 tok/s=42,839 eta=2767.9521231747085
step=50 tokens=6553600/125000000 loss=2.4655 lr=0.0001 tok/s=42,730 eta=2771.948248700417
step=51 tokens=6684672/125000000 loss=2.5828 lr=0.0001 tok/s=42,613 eta=2776.505593647623
step=52 tokens=6815744/125000000 loss=2.6467 lr=9.99e-05 tok/s=42,755 eta=2764.190143392568
step=53 tokens=6946816/125000000 loss=2.5705 lr=9.99e-05 tok/s=42,571 eta=2773.078666402142
step=54 tokens=7077888/125000000 loss=2.2753 lr=9.99e-05 tok/s=42,227 eta=2792.5491919735136
step=55 tokens=7208960/125000000 loss=2.9308 lr=9.99e-05 tok/s=42,534 eta=2769.3320306622527
step=56 tokens=7340032/125000000 loss=2.7146 lr=9.99e-05 tok/s=42,269 eta=2783.620560861236
step=57 tokens=7471104/125000000 loss=2.5070 lr=9.99e-05 tok/s=42,485 eta=2766.3603173319148
step=58 tokens=7602176/125000000 loss=2.5932 lr=9.99e-05 tok/s=42,448 eta=2765.7080471998993
step=59 tokens=7733248/125000000 loss=2.8227 lr=9.99e-05 tok/s=42,339 eta=2769.6788499819872
step=60 tokens=7864320/125000000 loss=2.7730 lr=9.99e-05 tok/s=42,460 eta=2758.743356728563
step=61 tokens=7995392/125000000 loss=2.5399 lr=9.99e-05 tok/s=42,387 eta=2760.4056034178984
step=62 tokens=8126464/125000000 loss=2.7747 lr=9.98e-05 tok/s=42,370 eta=2758.418024600901
step=63 tokens=8257536/125000000 loss=2.3708 lr=9.98e-05 tok/s=41,764 eta=2795.2949867247344
step=64 tokens=8388608/125000000 loss=2.5071 lr=9.98e-05 tok/s=42,291 eta=2757.3693614800595
step=65 tokens=8519680/125000000 loss=2.4240 lr=9.98e-05 tok/s=42,103 eta=2766.527109810105
step=66 tokens=8650752/125000000 loss=2.5360 lr=9.98e-05 tok/s=42,109 eta=2763.078968890927
step=67 tokens=8781824/125000000 loss=2.6085 lr=9.98e-05 tok/s=42,164 eta=2756.307485157403
step=68 tokens=8912896/125000000 loss=3.0793 lr=9.98e-05 tok/s=42,038 eta=2761.4917615686363
step=69 tokens=9043968/125000000 loss=2.6383 lr=9.97e-05 tok/s=42,089 eta=2755.0417242716476
step=70 tokens=9175040/125000000 loss=2.7818 lr=9.97e-05 tok/s=42,118 eta=2750.0374749210046
step=71 tokens=9306112/125000000 loss=2.6138 lr=9.97e-05 tok/s=42,062 eta=2750.5560660481433
step=72 tokens=9437184/125000000 loss=2.7473 lr=9.97e-05 tok/s=41,965 eta=2753.7660126083883
step=73 tokens=9568256/125000000 loss=2.7051 lr=9.97e-05 tok/s=41,990 eta=2748.999400793069
step=74 tokens=9699328/125000000 loss=2.9067 lr=9.97e-05 tok/s=42,156 eta=2735.0649905379514
step=75 tokens=9830400/125000000 loss=2.9741 lr=9.96e-05 tok/s=42,225 eta=2727.508128169436
step=76 tokens=9961472/125000000 loss=2.5149 lr=9.96e-05 tok/s=42,229 eta=2724.176633578503
step=77 tokens=10092544/125000000 loss=2.6292 lr=9.96e-05 tok/s=30,457 eta=3772.797291899369
step=78 tokens=10223616/125000000 loss=2.7142 lr=9.96e-05 tok/s=42,160 eta=2722.383080138479
step=79 tokens=10354688/125000000 loss=2.5158 lr=9.96e-05 tok/s=42,148 eta=2720.0440256610964
step=80 tokens=10485760/125000000 loss=3.0768 lr=9.95e-05 tok/s=42,046 eta=2723.5372332006773
step=81 tokens=10616832/125000000 loss=2.7804 lr=9.95e-05 tok/s=42,117 eta=2715.815421247391
step=82 tokens=10747904/125000000 loss=2.7407 lr=9.95e-05 tok/s=42,012 eta=2719.522243949026
step=83 tokens=10878976/125000000 loss=2.6892 lr=9.95e-05 tok/s=42,017 eta=2716.065650675853
step=84 tokens=11010048/125000000 loss=2.7387 lr=9.94e-05 tok/s=42,035 eta=2711.8143520700505
step=85 tokens=11141120/125000000 loss=2.7823 lr=9.94e-05 tok/s=42,019 eta=2709.6815304882743
step=86 tokens=11272192/125000000 loss=2.3764 lr=9.94e-05 tok/s=41,627 eta=2732.09588986931
step=87 tokens=11403264/125000000 loss=2.2298 lr=9.94e-05 tok/s=41,742 eta=2721.4234348198347
step=88 tokens=11534336/125000000 loss=2.5417 lr=9.93e-05 tok/s=41,721 eta=2719.627140534461
step=89 tokens=11665408/125000000 loss=2.4892 lr=9.93e-05 tok/s=41,824 eta=2709.7758709625264
step=90 tokens=11796480/125000000 loss=2.9265 lr=9.93e-05 tok/s=41,873 eta=2703.5164477800517
step=91 tokens=11927552/125000000 loss=2.6873 lr=9.93e-05 tok/s=41,956 eta=2694.995000924661
step=92 tokens=12058624/125000000 loss=2.7163 lr=9.92e-05 tok/s=41,996 eta=2689.340693831657
step=93 tokens=12189696/125000000 loss=2.7958 lr=9.92e-05 tok/s=41,865 eta=2694.6399793295045
step=94 tokens=12320768/125000000 loss=2.4273 lr=9.92e-05 tok/s=41,560 eta=2711.24776917983
step=95 tokens=12451840/125000000 loss=2.7537 lr=9.91e-05 tok/s=41,787 eta=2693.3843050178693
step=96 tokens=12582912/125000000 loss=2.5666 lr=9.91e-05 tok/s=41,843 eta=2686.6254297958417
step=97 tokens=12713984/125000000 loss=2.7345 lr=9.91e-05 tok/s=41,564 eta=2701.5068370348654
step=98 tokens=12845056/125000000 loss=2.8859 lr=9.91e-05 tok/s=41,818 eta=2681.988934812882
step=99 tokens=12976128/125000000 loss=2.7052 lr=9.9e-05 tok/s=41,751 eta=2683.1625908584997
step=100 tokens=13107200/125000000 loss=2.6216 lr=9.9e-05 tok/s=41,782 eta=2678.010955561792
step=101 tokens=13238272/125000000 loss=2.6870 lr=9.9e-05 tok/s=41,864 eta=2669.6598909218465
step=102 tokens=13369344/125000000 loss=2.6227 lr=9.89e-05 tok/s=41,789 eta=2671.2949892275087
step=103 tokens=13500416/125000000 loss=2.3600 lr=9.89e-05 tok/s=41,635 eta=2678.022855388666
step=104 tokens=13631488/125000000 loss=2.7085 lr=9.89e-05 tok/s=41,572 eta=2678.903725078773
step=105 tokens=13762560/125000000 loss=2.8990 lr=9.88e-05 tok/s=41,743 eta=2664.8324956945116
step=106 tokens=13893632/125000000 loss=2.7833 lr=9.88e-05 tok/s=41,874 eta=2653.3680099036696
step=107 tokens=14024704/125000000 loss=2.7349 lr=9.87e-05 tok/s=41,810 eta=2654.269870120487
step=108 tokens=14155776/125000000 loss=2.3670 lr=9.87e-05 tok/s=41,787 eta=2652.6163981701857
step=109 tokens=14286848/125000000 loss=2.8936 lr=9.87e-05 tok/s=41,616 eta=2660.3459630216385
step=110 tokens=14417920/125000000 loss=2.6637 lr=9.86e-05 tok/s=41,629 eta=2656.397215741633
step=111 tokens=14548992/125000000 loss=2.6167 lr=9.86e-05 tok/s=41,871 eta=2637.8638163096048
step=112 tokens=14680064/125000000 loss=2.6593 lr=9.86e-05 tok/s=41,843 eta=2636.4952333037245
step=113 tokens=14811136/125000000 loss=2.5289 lr=9.85e-05 tok/s=41,928 eta=2628.0570006974576
step=114 tokens=14942208/125000000 loss=2.4122 lr=9.85e-05 tok/s=41,671 eta=2641.103096485468
step=115 tokens=15073280/125000000 loss=2.8212 lr=9.84e-05 tok/s=30,192 eta=3640.9392872665476
step=116 tokens=15204352/125000000 loss=2.5960 lr=9.84e-05 tok/s=41,766 eta=2628.858825436421
step=117 tokens=15335424/125000000 loss=2.5087 lr=9.84e-05 tok/s=41,752 eta=2626.5645320951094
step=118 tokens=15466496/125000000 loss=2.4684 lr=9.83e-05 tok/s=41,763 eta=2622.727621413305
step=119 tokens=15597568/125000000 loss=2.4346 lr=9.83e-05 tok/s=41,576 eta=2631.401181081005
step=120 tokens=15728640/125000000 loss=2.6574 lr=9.82e-05 tok/s=41,956 eta=2604.4484673346487
step=121 tokens=15859712/125000000 loss=2.4113 lr=9.82e-05 tok/s=41,743 eta=2614.6009381738636
step=122 tokens=15990784/125000000 loss=2.4895 lr=9.81e-05 tok/s=41,811 eta=2607.186986169504
step=123 tokens=16121856/125000000 loss=2.4339 lr=9.81e-05 tok/s=41,851 eta=2601.5679053893323
step=124 tokens=16252928/125000000 loss=2.8752 lr=9.81e-05 tok/s=41,810 eta=2600.954387615653
step=125 tokens=16384000/125000000 loss=2.4587 lr=9.8e-05 tok/s=41,704 eta=2604.4297113731855
step=126 tokens=16515072/125000000 loss=2.5130 lr=9.8e-05 tok/s=41,609 eta=2607.277939205214
step=127 tokens=16646144/125000000 loss=2.8803 lr=9.79e-05 tok/s=41,955 eta=2582.640913908918
step=128 tokens=16777216/125000000 loss=2.2332 lr=9.79e-05 tok/s=41,849 eta=2586.0602716669214
step=129 tokens=16908288/125000000 loss=2.2048 lr=9.78e-05 tok/s=41,516 eta=2603.5953984407015
step=130 tokens=17039360/125000000 loss=2.8162 lr=9.78e-05 tok/s=41,804 eta=2582.5656887100267
step=131 tokens=17170432/125000000 loss=2.6688 lr=9.77e-05 tok/s=41,844 eta=2576.919829355342
step=132 tokens=17301504/125000000 loss=2.4850 lr=9.77e-05 tok/s=41,847 eta=2573.606065534356
step=133 tokens=17432576/125000000 loss=2.9879 lr=9.76e-05 tok/s=41,841 eta=2570.890537183873
step=134 tokens=17563648/125000000 loss=2.5701 lr=9.76e-05 tok/s=41,953 eta=2560.8511149412857
step=135 tokens=17694720/125000000 loss=2.9029 lr=9.75e-05 tok/s=41,837 eta=2564.861147758614
step=136 tokens=17825792/125000000 loss=2.4302 lr=9.75e-05 tok/s=41,631 eta=2574.4129845234734
step=137 tokens=17956864/125000000 loss=2.2768 lr=9.74e-05 tok/s=41,775 eta=2562.3731820091934
step=138 tokens=18087936/125000000 loss=2.2671 lr=9.74e-05 tok/s=41,929 eta=2549.8324723881315
step=139 tokens=18219008/125000000 loss=2.9914 lr=9.73e-05 tok/s=41,885 eta=2549.3942230888706
step=140 tokens=18350080/125000000 loss=2.2878 lr=9.73e-05 tok/s=41,880 eta=2546.5727904684245
step=141 tokens=18481152/125000000 loss=2.5274 lr=9.72e-05 tok/s=41,690 eta=2554.9911099529204
step=142 tokens=18612224/125000000 loss=2.6892 lr=9.72e-05 tok/s=41,773 eta=2546.7946632471503
step=143 tokens=18743296/125000000 loss=2.7464 lr=9.71e-05 tok/s=41,693 eta=2548.5749859921298
step=144 tokens=18874368/125000000 loss=2.6118 lr=9.71e-05 tok/s=41,812 eta=2538.1532194430397
step=145 tokens=19005440/125000000 loss=2.8538 lr=9.7e-05 tok/s=41,770 eta=2537.5597812809247
step=146 tokens=19136512/125000000 loss=2.4823 lr=9.7e-05 tok/s=41,690 eta=2539.2909244418415
step=147 tokens=19267584/125000000 loss=2.8410 lr=9.69e-05 tok/s=41,387 eta=2554.718645151927
step=148 tokens=19398656/125000000 loss=2.5118 lr=9.68e-05 tok/s=41,793 eta=2526.7887697591536
step=149 tokens=19529728/125000000 loss=2.4678 lr=9.68e-05 tok/s=41,620 eta=2534.103959129132
step=150 tokens=19660800/125000000 loss=2.4086 lr=9.67e-05 tok/s=41,755 eta=2522.7883563872015
step=151 tokens=19791872/125000000 loss=2.7289 lr=9.67e-05 tok/s=41,532 eta=2533.1872591739934
step=152 tokens=19922944/125000000 loss=2.4525 lr=9.66e-05 tok/s=41,800 eta=2513.822122965888
step=153 tokens=20054016/125000000 loss=2.6330 lr=9.66e-05 tok/s=30,289 eta=3464.820144925537
step=154 tokens=20185088/125000000 loss=2.7648 lr=9.65e-05 tok/s=41,649 eta=2516.6440824234573
step=155 tokens=20316160/125000000 loss=2.6580 lr=9.64e-05 tok/s=41,912 eta=2497.726556005463
step=156 tokens=20447232/125000000 loss=2.6224 lr=9.64e-05 tok/s=41,851 eta=2498.2258177903163
step=157 tokens=20578304/125000000 loss=2.5852 lr=9.63e-05 tok/s=41,579 eta=2511.4343663468794
step=158 tokens=20709376/125000000 loss=2.7321 lr=9.62e-05 tok/s=41,533 eta=2511.0048384258257
step=159 tokens=20840448/125000000 loss=2.7865 lr=9.62e-05 tok/s=42,133 eta=2472.185402863612
step=160 tokens=20971520/125000000 loss=2.7149 lr=9.61e-05 tok/s=41,945 eta=2480.101041234748
step=161 tokens=21102592/125000000 loss=2.8171 lr=9.61e-05 tok/s=42,064 eta=2470.0029364374204
step=162 tokens=21233664/125000000 loss=2.7691 lr=9.6e-05 tok/s=41,795 eta=2482.772860547978
step=163 tokens=21364736/125000000 loss=2.6051 lr=9.59e-05 tok/s=41,679 eta=2486.482954180271
step=164 tokens=21495808/125000000 loss=2.7589 lr=9.59e-05 tok/s=41,932 eta=2468.395364598373
step=165 tokens=21626880/125000000 loss=2.4203 lr=9.58e-05 tok/s=42,021 eta=2460.059476893077
step=166 tokens=21757952/125000000 loss=2.3659 lr=9.57e-05 tok/s=41,640 eta=2479.3829245012867
step=167 tokens=21889024/125000000 loss=2.5790 lr=9.57e-05 tok/s=41,988 eta=2455.7034574678164
step=168 tokens=22020096/125000000 loss=2.5554 lr=9.56e-05 tok/s=41,763 eta=2465.825033047376
step=169 tokens=22151168/125000000 loss=2.4021 lr=9.55e-05 tok/s=41,971 eta=2450.5014466867938
step=170 tokens=22282240/125000000 loss=2.7067 lr=9.55e-05 tok/s=41,815 eta=2456.4765460441727
step=171 tokens=22413312/125000000 loss=2.4660 lr=9.54e-05 tok/s=42,073 eta=2438.320229121264
step=172 tokens=22544384/125000000 loss=2.5467 lr=9.53e-05 tok/s=42,039 eta=2437.146945975715
step=173 tokens=22675456/125000000 loss=2.3286 lr=9.53e-05 tok/s=42,005 eta=2436.037602315223
step=174 tokens=22806528/125000000 loss=2.5332 lr=9.52e-05 tok/s=41,803 eta=2444.6507103856393
step=175 tokens=22937600/125000000 loss=2.8092 lr=9.51e-05 tok/s=41,795 eta=2441.978563496256
step=176 tokens=23068672/125000000 loss=2.3950 lr=9.51e-05 tok/s=41,887 eta=2433.460308862925
step=177 tokens=23199744/125000000 loss=2.6404 lr=9.5e-05 tok/s=41,677 eta=2442.6295619839175
step=178 tokens=23330816/125000000 loss=2.6104 lr=9.49e-05 tok/s=41,988 eta=2421.4042976057776
step=179 tokens=23461888/125000000 loss=2.2061 lr=9.48e-05 tok/s=41,651 eta=2437.8325988110123
step=180 tokens=23592960/125000000 loss=2.6132 lr=9.48e-05 tok/s=41,856 eta=2422.7406604301964
step=181 tokens=23724032/125000000 loss=2.8616 lr=9.47e-05 tok/s=41,662 eta=2430.869324147139
step=182 tokens=23855104/125000000 loss=2.5115 lr=9.46e-05 tok/s=41,993 eta=2408.5860154307024
step=183 tokens=23986176/125000000 loss=2.6585 lr=9.46e-05 tok/s=41,915 eta=2409.9682779134737
step=184 tokens=24117248/125000000 loss=2.6133 lr=9.45e-05 tok/s=41,833 eta=2411.5794804058296
step=185 tokens=24248320/125000000 loss=2.4893 lr=9.44e-05 tok/s=41,809 eta=2409.825639035769
step=186 tokens=24379392/125000000 loss=2.5337 lr=9.43e-05 tok/s=41,850 eta=2404.3429062192126
step=187 tokens=24510464/125000000 loss=2.4995 lr=9.43e-05 tok/s=41,595 eta=2415.881661741292
step=188 tokens=24641536/125000000 loss=2.4223 lr=9.42e-05 tok/s=41,484 eta=2419.2351418172275
step=189 tokens=24772608/125000000 loss=2.6119 lr=9.41e-05 tok/s=41,457 eta=2417.6427723137904
step=190 tokens=24903680/125000000 loss=2.7128 lr=9.4e-05 tok/s=41,633 eta=2404.229831324371
step=191 tokens=25034752/125000000 loss=2.9278 lr=9.4e-05 tok/s=30,133 eta=3317.5018058338105
checkpoint saved: runs/capability-cpt-125m/checkpoints/tokens_000025m (permanent_tokens)
step=192 tokens=25165824/125000000 loss=2.4583 lr=9.39e-05 tok/s=35,320 eta=2826.568585040131
step=193 tokens=25296896/125000000 loss=2.5235 lr=9.38e-05 tok/s=41,686 eta=2391.7416260310197
step=194 tokens=25427968/125000000 loss=2.4486 lr=9.37e-05 tok/s=41,574 eta=2395.07373469732
step=195 tokens=25559040/125000000 loss=2.4068 lr=9.36e-05 tok/s=41,624 eta=2389.012032949223
step=196 tokens=25690112/125000000 loss=2.4798 lr=9.36e-05 tok/s=41,762 eta=2377.985156560183
step=197 tokens=25821184/125000000 loss=2.4879 lr=9.35e-05 tok/s=41,748 eta=2375.677782039238
step=198 tokens=25952256/125000000 loss=2.5372 lr=9.34e-05 tok/s=41,563 eta=2383.049643171402
step=199 tokens=26083328/125000000 loss=2.2871 lr=9.33e-05 tok/s=41,814 eta=2365.609504242617
step=200 tokens=26214400/125000000 loss=2.6568 lr=9.32e-05 tok/s=41,828 eta=2361.73128168028
step=201 tokens=26345472/125000000 loss=2.8409 lr=9.32e-05 tok/s=41,820 eta=2359.0026590643934
step=202 tokens=26476544/125000000 loss=2.7499 lr=9.31e-05 tok/s=41,709 eta=2362.1696250102646
step=203 tokens=26607616/125000000 loss=2.7935 lr=9.3e-05 tok/s=41,708 eta=2359.0913634557523
step=204 tokens=26738688/125000000 loss=2.4430 lr=9.29e-05 tok/s=41,625 eta=2360.6285637538413
step=205 tokens=26869760/125000000 loss=2.4689 lr=9.28e-05 tok/s=41,591 eta=2359.398205518379
step=206 tokens=27000832/125000000 loss=2.7130 lr=9.27e-05 tok/s=41,692 eta=2350.5584145353832
step=207 tokens=27131904/125000000 loss=2.4581 lr=9.27e-05 tok/s=41,296 eta=2369.923627225582
step=208 tokens=27262976/125000000 loss=2.5000 lr=9.26e-05 tok/s=41,654 eta=2346.4269822529327
step=209 tokens=27394048/125000000 loss=2.5862 lr=9.25e-05 tok/s=41,489 eta=2352.56032681125
step=210 tokens=27525120/125000000 loss=2.6270 lr=9.24e-05 tok/s=41,708 eta=2337.0978664085155
step=211 tokens=27656192/125000000 loss=2.6476 lr=9.23e-05 tok/s=41,488 eta=2346.3307108666154
step=212 tokens=27787264/125000000 loss=2.5565 lr=9.22e-05 tok/s=41,606 eta=2336.518804676075
step=213 tokens=27918336/125000000 loss=2.6498 lr=9.21e-05 tok/s=41,605 eta=2333.423449097534
step=214 tokens=28049408/125000000 loss=2.5407 lr=9.21e-05 tok/s=41,621 eta=2329.3634651956345
step=215 tokens=28180480/125000000 loss=2.6885 lr=9.2e-05 tok/s=41,481 eta=2334.090701142803
step=216 tokens=28311552/125000000 loss=2.4645 lr=9.19e-05 tok/s=41,517 eta=2328.8924837056193
step=217 tokens=28442624/125000000 loss=2.8184 lr=9.18e-05 tok/s=41,424 eta=2330.9480647758724
step=218 tokens=28573696/125000000 loss=2.8582 lr=9.17e-05 tok/s=41,653 eta=2315.012226080664
step=219 tokens=28704768/125000000 loss=2.8494 lr=9.16e-05 tok/s=41,456 eta=2322.8201057523147
step=220 tokens=28835840/125000000 loss=2.2833 lr=9.15e-05 tok/s=41,372 eta=2324.397706652418
step=221 tokens=28966912/125000000 loss=2.2702 lr=9.14e-05 tok/s=41,447 eta=2317.0330415349326
step=222 tokens=29097984/125000000 loss=2.8314 lr=9.13e-05 tok/s=41,612 eta=2304.648611594291
step=223 tokens=29229056/125000000 loss=2.7635 lr=9.12e-05 tok/s=41,136 eta=2328.13911464123
step=224 tokens=29360128/125000000 loss=2.7065 lr=9.12e-05 tok/s=41,240 eta=2319.101102290336
step=225 tokens=29491200/125000000 loss=2.4301 lr=9.11e-05 tok/s=41,380 eta=2308.0732412117727
step=226 tokens=29622272/125000000 loss=2.6338 lr=9.1e-05 tok/s=41,442 eta=2301.4757559193586
step=227 tokens=29753344/125000000 loss=2.1775 lr=9.09e-05 tok/s=41,483 eta=2296.0627207659
step=228 tokens=29884416/125000000 loss=2.8218 lr=9.08e-05 tok/s=41,482 eta=2292.9512151408253
step=229 tokens=30015488/125000000 loss=2.7484 lr=9.07e-05 tok/s=30,035 eta=3162.4359225976737
step=230 tokens=30146560/125000000 loss=2.8597 lr=9.06e-05 tok/s=41,209 eta=2301.784209986995
step=231 tokens=30277632/125000000 loss=2.9602 lr=9.05e-05 tok/s=41,279 eta=2294.667269065268
step=232 tokens=30408704/125000000 loss=2.3798 lr=9.04e-05 tok/s=41,388 eta=2285.460621140711
step=233 tokens=30539776/125000000 loss=2.4818 lr=9.03e-05 tok/s=41,403 eta=2281.487118550343
step=234 tokens=30670848/125000000 loss=2.5357 lr=9.02e-05 tok/s=41,391 eta=2278.969906709214
step=235 tokens=30801920/125000000 loss=2.6842 lr=9.01e-05 tok/s=41,622 eta=2263.16564796317
step=236 tokens=30932992/125000000 loss=2.3749 lr=9e-05 tok/s=41,355 eta=2274.5995247287215
step=237 tokens=31064064/125000000 loss=2.6574 lr=8.99e-05 tok/s=41,333 eta=2272.664356175163
step=238 tokens=31195136/125000000 loss=2.2982 lr=8.98e-05 tok/s=41,124 eta=2281.0041676990118
step=239 tokens=31326208/125000000 loss=2.7286 lr=8.97e-05 tok/s=41,396 eta=2262.8867638980587
step=240 tokens=31457280/125000000 loss=2.9421 lr=8.96e-05 tok/s=41,432 eta=2257.7275188477274
step=241 tokens=31588352/125000000 loss=2.5974 lr=8.95e-05 tok/s=41,432 eta=2254.592887825837
step=242 tokens=31719424/125000000 loss=2.6151 lr=8.94e-05 tok/s=41,203 eta=2263.9078924321625
step=243 tokens=31850496/125000000 loss=2.7906 lr=8.93e-05 tok/s=41,188 eta=2261.5796666555543
step=244 tokens=31981568/125000000 loss=3.0658 lr=8.92e-05 tok/s=41,223 eta=2256.488138647881
step=245 tokens=32112640/125000000 loss=2.8433 lr=8.91e-05 tok/s=41,109 eta=2259.561744603263
step=246 tokens=32243712/125000000 loss=2.5838 lr=8.9e-05 tok/s=41,280 eta=2247.0161060904943
step=247 tokens=32374784/125000000 loss=2.2669 lr=8.89e-05 tok/s=41,268 eta=2244.4901332628406
step=248 tokens=32505856/125000000 loss=2.4252 lr=8.88e-05 tok/s=41,329 eta=2237.9997359249774
step=249 tokens=32636928/125000000 loss=2.5446 lr=8.87e-05 tok/s=41,363 eta=2233.0107020366086
step=250 tokens=32768000/125000000 loss=2.8515 lr=8.86e-05 tok/s=41,463 eta=2224.4284551926585
step=251 tokens=32899072/125000000 loss=2.9163 lr=8.85e-05 tok/s=41,581 eta=2214.9601321977652
step=252 tokens=33030144/125000000 loss=2.8933 lr=8.84e-05 tok/s=41,420 eta=2220.417487261499
step=253 tokens=33161216/125000000 loss=2.4881 lr=8.83e-05 tok/s=41,427 eta=2216.8899327633862
step=254 tokens=33292288/125000000 loss=2.3099 lr=8.82e-05 tok/s=41,671 eta=2200.754368985743
step=255 tokens=33423360/125000000 loss=2.9435 lr=8.81e-05 tok/s=41,626 eta=2199.988360637748
step=256 tokens=33554432/125000000 loss=2.5558 lr=8.8e-05 tok/s=41,652 eta=2195.445368380671
step=257 tokens=33685504/125000000 loss=2.2888 lr=8.79e-05 tok/s=41,423 eta=2204.451737056416
step=258 tokens=33816576/125000000 loss=2.2369 lr=8.78e-05 tok/s=41,531 eta=2195.565781388789
step=259 tokens=33947648/125000000 loss=2.6720 lr=8.77e-05 tok/s=41,678 eta=2184.6489164177656
step=260 tokens=34078720/125000000 loss=2.3377 lr=8.76e-05 tok/s=41,692 eta=2180.7603345134758
step=261 tokens=34209792/125000000 loss=2.3504 lr=8.75e-05 tok/s=41,666 eta=2178.975673722221
step=262 tokens=34340864/125000000 loss=2.3045 lr=8.74e-05 tok/s=41,639 eta=2177.2554683139856
step=263 tokens=34471936/125000000 loss=2.7217 lr=8.73e-05 tok/s=41,979 eta=2156.4919546522256
step=264 tokens=34603008/125000000 loss=2.5717 lr=8.71e-05 tok/s=41,765 eta=2164.399695313912
step=265 tokens=34734080/125000000 loss=2.7180 lr=8.7e-05 tok/s=41,507 eta=2174.6922709702576
step=266 tokens=34865152/125000000 loss=2.2944 lr=8.69e-05 tok/s=41,750 eta=2158.9100388316897
step=267 tokens=34996224/125000000 loss=2.2709 lr=8.68e-05 tok/s=41,411 eta=2173.42227468631
step=268 tokens=35127296/125000000 loss=3.1151 lr=8.67e-05 tok/s=30,116 eta=2984.2597458433356
step=269 tokens=35258368/125000000 loss=2.3514 lr=8.66e-05 tok/s=41,600 eta=2157.266029430792
step=270 tokens=35389440/125000000 loss=2.3756 lr=8.65e-05 tok/s=41,656 eta=2151.180353938978
step=271 tokens=35520512/125000000 loss=2.7497 lr=8.64e-05 tok/s=41,624 eta=2149.7094356722773
step=272 tokens=35651584/125000000 loss=2.6602 lr=8.63e-05 tok/s=41,753 eta=2139.948562027042
step=273 tokens=35782656/125000000 loss=2.9273 lr=8.62e-05 tok/s=41,878 eta=2130.3859611789385
step=274 tokens=35913728/125000000 loss=2.5752 lr=8.6e-05 tok/s=41,631 eta=2139.9118493155956
step=275 tokens=36044800/125000000 loss=2.7673 lr=8.59e-05 tok/s=41,207 eta=2158.725224195541
step=276 tokens=36175872/125000000 loss=2.4484 lr=8.58e-05 tok/s=41,724 eta=2128.872661031325
step=277 tokens=36306944/125000000 loss=2.5795 lr=8.57e-05 tok/s=41,833 eta=2120.1862716545947
step=278 tokens=36438016/125000000 loss=2.7274 lr=8.56e-05 tok/s=41,743 eta=2121.5954278838617
step=279 tokens=36569088/125000000 loss=2.7429 lr=8.55e-05 tok/s=41,596 eta=2125.9466222717538
step=280 tokens=36700160/125000000 loss=2.6867 lr=8.54e-05 tok/s=41,671 eta=2118.9512389574725
step=281 tokens=36831232/125000000 loss=2.3756 lr=8.53e-05 tok/s=41,483 eta=2125.4187409876517
step=282 tokens=36962304/125000000 loss=2.8289 lr=8.51e-05 tok/s=41,813 eta=2105.5115847861152
step=283 tokens=37093376/125000000 loss=2.7240 lr=8.5e-05 tok/s=41,708 eta=2107.669423099169
step=284 tokens=37224448/125000000 loss=2.7656 lr=8.49e-05 tok/s=41,611 eta=2109.454169210964
step=285 tokens=37355520/125000000 loss=2.3809 lr=8.48e-05 tok/s=41,640 eta=2104.8336423275537
step=286 tokens=37486592/125000000 loss=1.9979 lr=8.47e-05 tok/s=41,621 eta=2102.632813785565
step=287 tokens=37617664/125000000 loss=2.8159 lr=8.46e-05 tok/s=41,737 eta=2093.626502589725
step=288 tokens=37748736/125000000 loss=2.6452 lr=8.44e-05 tok/s=41,493 eta=2102.7733164862607
step=289 tokens=37879808/125000000 loss=2.1078 lr=8.43e-05 tok/s=41,651 eta=2091.693894819986
step=290 tokens=38010880/125000000 loss=2.7011 lr=8.42e-05 tok/s=41,562 eta=2093.019956865489
step=291 tokens=38141952/125000000 loss=2.7328 lr=8.41e-05 tok/s=41,621 eta=2086.874395755206
step=292 tokens=38273024/125000000 loss=2.2483 lr=8.4e-05 tok/s=41,722 eta=2078.6831557987825
step=293 tokens=38404096/125000000 loss=2.5275 lr=8.39e-05 tok/s=41,752 eta=2074.042138407373
step=294 tokens=38535168/125000000 loss=2.5156 lr=8.37e-05 tok/s=41,881 eta=2064.531232365257
step=295 tokens=38666240/125000000 loss=2.4242 lr=8.36e-05 tok/s=41,758 eta=2067.4973375322134
step=296 tokens=38797312/125000000 loss=2.7198 lr=8.35e-05 tok/s=41,448 eta=2079.7620031236993
step=297 tokens=38928384/125000000 loss=2.4894 lr=8.34e-05 tok/s=41,431 eta=2077.456878109561
step=298 tokens=39059456/125000000 loss=2.9086 lr=8.33e-05 tok/s=41,166 eta=2087.678280059883
step=299 tokens=39190528/125000000 loss=2.3249 lr=8.31e-05 tok/s=41,529 eta=2066.233328081555
step=300 tokens=39321600/125000000 loss=2.6852 lr=8.3e-05 tok/s=41,216 eta=2078.7680330730823
step=301 tokens=39452672/125000000 loss=2.6914 lr=8.29e-05 tok/s=41,023 eta=2085.3669706870137
step=302 tokens=39583744/125000000 loss=2.6413 lr=8.28e-05 tok/s=41,473 eta=2059.581232437891
step=303 tokens=39714816/125000000 loss=2.6110 lr=8.27e-05 tok/s=41,291 eta=2065.4623365423035
step=304 tokens=39845888/125000000 loss=2.6779 lr=8.25e-05 tok/s=41,249 eta=2064.3872300580906
step=305 tokens=39976960/125000000 loss=2.4873 lr=8.24e-05 tok/s=41,398 eta=2053.771793129263
step=306 tokens=40108032/125000000 loss=2.2635 lr=8.23e-05 tok/s=29,936 eta=2835.825187215947
step=307 tokens=40239104/125000000 loss=2.5262 lr=8.22e-05 tok/s=41,191 eta=2057.7300476272026
step=308 tokens=40370176/125000000 loss=2.6365 lr=8.2e-05 tok/s=41,225 eta=2052.864791066041
step=309 tokens=40501248/125000000 loss=2.8120 lr=8.19e-05 tok/s=41,407 eta=2040.6771332056571
step=310 tokens=40632320/125000000 loss=2.6520 lr=8.18e-05 tok/s=41,539 eta=2031.068475155694
step=311 tokens=40763392/125000000 loss=2.5243 lr=8.17e-05 tok/s=41,244 eta=2042.3874248047694
step=312 tokens=40894464/125000000 loss=2.4643 lr=8.16e-05 tok/s=41,452 eta=2028.9936831685181
step=313 tokens=41025536/125000000 loss=2.6021 lr=8.14e-05 tok/s=41,336 eta=2031.5064287784417
step=314 tokens=41156608/125000000 loss=2.5105 lr=8.13e-05 tok/s=41,314 eta=2029.4073196844156
step=315 tokens=41287680/125000000 loss=2.3461 lr=8.12e-05 tok/s=41,069 eta=2038.331613789273
step=316 tokens=41418752/125000000 loss=2.7048 lr=8.1e-05 tok/s=41,291 eta=2024.2191917151445
step=317 tokens=41549824/125000000 loss=2.8899 lr=8.09e-05 tok/s=41,408 eta=2015.2929459858722
step=318 tokens=41680896/125000000 loss=2.4637 lr=8.08e-05 tok/s=41,502 eta=2007.597096246121
step=319 tokens=41811968/125000000 loss=2.4813 lr=8.07e-05 tok/s=41,703 eta=1994.779521956309
step=320 tokens=41943040/125000000 loss=2.7179 lr=8.05e-05 tok/s=41,583 eta=1997.3967587528343
step=321 tokens=42074112/125000000 loss=2.4931 lr=8.04e-05 tok/s=41,582 eta=1994.2613999704995
step=322 tokens=42205184/125000000 loss=2.2537 lr=8.03e-05 tok/s=41,750 eta=1983.0933518473776
step=323 tokens=42336256/125000000 loss=2.3140 lr=8.02e-05 tok/s=41,799 eta=1977.6669276485743
step=324 tokens=42467328/125000000 loss=2.3237 lr=8e-05 tok/s=41,644 eta=1981.8827774725316
step=325 tokens=42598400/125000000 loss=2.5011 lr=7.99e-05 tok/s=41,600 eta=1980.8178442827098
step=326 tokens=42729472/125000000 loss=2.5020 lr=7.98e-05 tok/s=41,431 eta=1985.737445435807
step=327 tokens=42860544/125000000 loss=2.6353 lr=7.96e-05 tok/s=41,335 eta=1987.1636541561898
step=328 tokens=42991616/125000000 loss=2.6743 lr=7.95e-05 tok/s=41,500 eta=1976.1191175920346
step=329 tokens=43122688/125000000 loss=2.6357 lr=7.94e-05 tok/s=41,660 eta=1965.3683367900733
step=330 tokens=43253760/125000000 loss=2.6893 lr=7.93e-05 tok/s=41,357 eta=1976.608675934405
step=331 tokens=43384832/125000000 loss=2.3828 lr=7.91e-05 tok/s=41,719 eta=1956.2843093726697
step=332 tokens=43515904/125000000 loss=2.6462 lr=7.9e-05 tok/s=41,396 eta=1968.386561307682
step=333 tokens=43646976/125000000 loss=2.4242 lr=7.89e-05 tok/s=41,444 eta=1962.98316240466
step=334 tokens=43778048/125000000 loss=2.7481 lr=7.87e-05 tok/s=41,527 eta=1955.9016296674174
step=335 tokens=43909120/125000000 loss=2.9603 lr=7.86e-05 tok/s=41,686 eta=1945.2980391473268
step=336 tokens=44040192/125000000 loss=2.4272 lr=7.85e-05 tok/s=41,488 eta=1951.4218378397645
step=337 tokens=44171264/125000000 loss=2.5784 lr=7.83e-05 tok/s=41,471 eta=1949.0279047664424
step=338 tokens=44302336/125000000 loss=2.3971 lr=7.82e-05 tok/s=41,429 eta=1947.8557941565298
step=339 tokens=44433408/125000000 loss=2.5531 lr=7.81e-05 tok/s=41,179 eta=1956.5064620539974
step=340 tokens=44564480/125000000 loss=2.6888 lr=7.79e-05 tok/s=41,354 eta=1945.0361825966565
step=341 tokens=44695552/125000000 loss=2.5154 lr=7.78e-05 tok/s=41,534 eta=1933.4595828323252
step=342 tokens=44826624/125000000 loss=2.3515 lr=7.77e-05 tok/s=41,534 eta=1930.32227990156
step=343 tokens=44957696/125000000 loss=2.6931 lr=7.75e-05 tok/s=41,619 eta=1923.221245216143
step=344 tokens=45088768/125000000 loss=2.5693 lr=7.74e-05 tok/s=30,151 eta=2650.3858303048396
step=345 tokens=45219840/125000000 loss=2.5834 lr=7.73e-05 tok/s=41,379 eta=1928.0356318877543
step=346 tokens=45350912/125000000 loss=2.5004 lr=7.71e-05 tok/s=41,342 eta=1926.5879793675933
step=347 tokens=45481984/125000000 loss=2.4603 lr=7.7e-05 tok/s=41,221 eta=1929.0624903239086
step=348 tokens=45613056/125000000 loss=2.5381 lr=7.69e-05 tok/s=41,262 eta=1923.980829531027
step=349 tokens=45744128/125000000 loss=2.8051 lr=7.67e-05 tok/s=41,386 eta=1915.0268109933718
step=350 tokens=45875200/125000000 loss=2.6305 lr=7.66e-05 tok/s=41,469 eta=1908.0494394044329
step=351 tokens=46006272/125000000 loss=2.6336 lr=7.65e-05 tok/s=41,090 eta=1922.4342123473837
step=352 tokens=46137344/125000000 loss=2.2480 lr=7.63e-05 tok/s=41,384 eta=1905.6307623965256
step=353 tokens=46268416/125000000 loss=2.6161 lr=7.62e-05 tok/s=41,521 eta=1896.191898019344
step=354 tokens=46399488/125000000 loss=2.2902 lr=7.61e-05 tok/s=41,332 eta=1901.6727807904326
step=355 tokens=46530560/125000000 loss=2.5328 lr=7.59e-05 tok/s=41,418 eta=1894.592836894321
step=356 tokens=46661632/125000000 loss=2.5705 lr=7.58e-05 tok/s=41,234 eta=1899.8491467425204
step=357 tokens=46792704/125000000 loss=2.1884 lr=7.56e-05 tok/s=41,461 eta=1886.2914801239453
step=358 tokens=46923776/125000000 loss=2.7871 lr=7.55e-05 tok/s=41,232 eta=1893.5678593594002
step=359 tokens=47054848/125000000 loss=2.4774 lr=7.54e-05 tok/s=41,144 eta=1894.4389470915744
step=360 tokens=47185920/125000000 loss=2.3154 lr=7.52e-05 tok/s=41,411 eta=1879.0700780369882
step=361 tokens=47316992/125000000 loss=2.4995 lr=7.51e-05 tok/s=41,369 eta=1877.8195605518006
step=362 tokens=47448064/125000000 loss=2.8522 lr=7.5e-05 tok/s=41,343 eta=1875.8228636843285
step=363 tokens=47579136/125000000 loss=2.6278 lr=7.48e-05 tok/s=41,213 eta=1878.5383166081901
step=364 tokens=47710208/125000000 loss=2.5772 lr=7.47e-05 tok/s=41,176 eta=1877.0710416392844
step=365 tokens=47841280/125000000 loss=2.9499 lr=7.45e-05 tok/s=41,296 eta=1868.4093288217264
step=366 tokens=47972352/125000000 loss=2.9750 lr=7.44e-05 tok/s=40,926 eta=1882.1325563564208
step=367 tokens=48103424/125000000 loss=2.7692 lr=7.43e-05 tok/s=41,331 eta=1860.5039741189194
step=368 tokens=48234496/125000000 loss=2.5252 lr=7.41e-05 tok/s=41,057 eta=1869.7194196632158
step=369 tokens=48365568/125000000 loss=2.7109 lr=7.4e-05 tok/s=41,114 eta=1863.9393644751865
step=370 tokens=48496640/125000000 loss=2.1696 lr=7.38e-05 tok/s=41,042 eta=1864.0103116865903
step=371 tokens=48627712/125000000 loss=2.8267 lr=7.37e-05 tok/s=41,364 eta=1846.3456071611527
step=372 tokens=48758784/125000000 loss=2.5044 lr=7.36e-05 tok/s=41,253 eta=1848.154399408083
step=373 tokens=48889856/125000000 loss=2.7898 lr=7.34e-05 tok/s=41,383 eta=1839.185172868135
step=374 tokens=49020928/125000000 loss=2.5478 lr=7.33e-05 tok/s=41,497 eta=1830.9687189683882
step=375 tokens=49152000/125000000 loss=2.6567 lr=7.31e-05 tok/s=41,442 eta=1830.2344240690331
step=376 tokens=49283072/125000000 loss=2.7133 lr=7.3e-05 tok/s=41,009 eta=1846.3663859135997
step=377 tokens=49414144/125000000 loss=2.4761 lr=7.29e-05 tok/s=41,184 eta=1835.3008252280315
step=378 tokens=49545216/125000000 loss=2.7221 lr=7.27e-05 tok/s=41,083 eta=1836.6487129105014
step=379 tokens=49676288/125000000 loss=2.6511 lr=7.26e-05 tok/s=41,252 eta=1825.923130673311
step=380 tokens=49807360/125000000 loss=2.3628 lr=7.24e-05 tok/s=41,455 eta=1813.8355592879802
step=381 tokens=49938432/125000000 loss=2.3246 lr=7.23e-05 tok/s=41,522 eta=1807.7478281853005
step=382 tokens=50069504/125000000 loss=2.5337 lr=7.21e-05 tok/s=30,047 eta=2493.762347319405
checkpoint saved: runs/capability-cpt-125m/checkpoints/tokens_000050m (permanent_tokens)
step=383 tokens=50200576/125000000 loss=2.4121 lr=7.2e-05 tok/s=34,440 eta=2171.865346034635
step=384 tokens=50331648/125000000 loss=2.3513 lr=7.19e-05 tok/s=41,565 eta=1796.4142273775838
step=385 tokens=50462720/125000000 loss=2.4827 lr=7.17e-05 tok/s=41,455 eta=1798.0221355647127
step=386 tokens=50593792/125000000 loss=2.1958 lr=7.16e-05 tok/s=41,558 eta=1790.438102199213
step=387 tokens=50724864/125000000 loss=2.3246 lr=7.14e-05 tok/s=41,434 eta=1792.6303886479463
step=388 tokens=50855936/125000000 loss=2.5252 lr=7.13e-05 tok/s=41,647 eta=1780.3116329345687
step=389 tokens=50987008/125000000 loss=2.2448 lr=7.11e-05 tok/s=41,720 eta=1774.0233868569705
step=390 tokens=51118080/125000000 loss=2.5883 lr=7.1e-05 tok/s=41,557 eta=1777.8336911464785
step=391 tokens=51249152/125000000 loss=2.4856 lr=7.09e-05 tok/s=41,375 eta=1782.5175972522434
step=392 tokens=51380224/125000000 loss=3.0769 lr=7.07e-05 tok/s=41,732 eta=1764.089919699305
step=393 tokens=51511296/125000000 loss=2.9069 lr=7.06e-05 tok/s=41,886 eta=1754.5056380861506
step=394 tokens=51642368/125000000 loss=2.3350 lr=7.04e-05 tok/s=41,807 eta=1754.6794143701504
step=395 tokens=51773440/125000000 loss=2.2198 lr=7.03e-05 tok/s=41,617 eta=1759.523226559744
step=396 tokens=51904512/125000000 loss=2.9571 lr=7.01e-05 tok/s=41,672 eta=1754.0680673005954
step=397 tokens=52035584/125000000 loss=2.5160 lr=7e-05 tok/s=41,606 eta=1753.6850857654142
step=398 tokens=52166656/125000000 loss=2.5687 lr=6.98e-05 tok/s=41,692 eta=1746.9580871767587
step=399 tokens=52297728/125000000 loss=2.6088 lr=6.97e-05 tok/s=41,242 eta=1762.806257707235
step=400 tokens=52428800/125000000 loss=2.6666 lr=6.95e-05 tok/s=41,425 eta=1751.8524789141645
step=401 tokens=52559872/125000000 loss=2.2685 lr=6.94e-05 tok/s=41,706 eta=1736.9330188017987
step=402 tokens=52690944/125000000 loss=2.6739 lr=6.93e-05 tok/s=41,281 eta=1751.6185848745138
step=403 tokens=52822016/125000000 loss=2.4687 lr=6.91e-05 tok/s=41,148 eta=1754.103542020549
step=404 tokens=52953088/125000000 loss=2.6194 lr=6.9e-05 tok/s=41,476 eta=1737.0778773677478
step=405 tokens=53084160/125000000 loss=2.3650 lr=6.88e-05 tok/s=41,534 eta=1731.5125643836213
step=406 tokens=53215232/125000000 loss=2.7444 lr=6.87e-05 tok/s=41,316 eta=1737.448629860566
step=407 tokens=53346304/125000000 loss=2.6605 lr=6.85e-05 tok/s=41,250 eta=1737.0595182067973
step=408 tokens=53477376/125000000 loss=2.4939 lr=6.84e-05 tok/s=41,095 eta=1740.4305949411223
step=409 tokens=53608448/125000000 loss=2.5114 lr=6.82e-05 tok/s=41,286 eta=1729.2108177412447
step=410 tokens=53739520/125000000 loss=3.0125 lr=6.81e-05 tok/s=41,362 eta=1722.8616064854318
step=411 tokens=53870592/125000000 loss=2.4120 lr=6.79e-05 tok/s=41,384 eta=1718.754715704088
step=412 tokens=54001664/125000000 loss=2.4844 lr=6.78e-05 tok/s=41,470 eta=1712.040303707606
step=413 tokens=54132736/125000000 loss=2.2881 lr=6.76e-05 tok/s=41,322 eta=1715.0028579553666
step=414 tokens=54263808/125000000 loss=2.5425 lr=6.75e-05 tok/s=41,353 eta=1710.5645720902096
step=415 tokens=54394880/125000000 loss=2.4217 lr=6.73e-05 tok/s=41,332 eta=1708.2233297218766
step=416 tokens=54525952/125000000 loss=2.6344 lr=6.72e-05 tok/s=41,570 eta=1695.323636313163
step=417 tokens=54657024/125000000 loss=2.3525 lr=6.7e-05 tok/s=41,251 eta=1705.2469091524933
step=418 tokens=54788096/125000000 loss=2.1818 lr=6.69e-05 tok/s=41,281 eta=1700.8433487932612
step=419 tokens=54919168/125000000 loss=2.8917 lr=6.67e-05 tok/s=41,370 eta=1693.9930199321143
step=420 tokens=55050240/125000000 loss=2.5783 lr=6.66e-05 tok/s=29,981 eta=2333.103186037136
step=421 tokens=55181312/125000000 loss=2.5689 lr=6.64e-05 tok/s=41,402 eta=1686.3500450452548
step=422 tokens=55312384/125000000 loss=2.2714 lr=6.63e-05 tok/s=41,361 eta=1684.8516978258988
step=423 tokens=55443456/125000000 loss=2.5979 lr=6.61e-05 tok/s=41,269 eta=1685.4277178570853
step=424 tokens=55574528/125000000 loss=2.5473 lr=6.6e-05 tok/s=41,283 eta=1681.6940848799038
step=425 tokens=55705600/125000000 loss=2.4399 lr=6.58e-05 tok/s=41,097 eta=1686.135394440426
step=426 tokens=55836672/125000000 loss=2.1949 lr=6.57e-05 tok/s=40,953 eta=1688.838696174968
step=427 tokens=55967744/125000000 loss=2.5659 lr=6.55e-05 tok/s=41,026 eta=1682.651634510024
step=428 tokens=56098816/125000000 loss=2.7109 lr=6.54e-05 tok/s=41,066 eta=1677.8272996035466
step=429 tokens=56229888/125000000 loss=2.1731 lr=6.52e-05 tok/s=41,182 eta=1669.9011426070176
step=430 tokens=56360960/125000000 loss=2.6908 lr=6.51e-05 tok/s=41,019 eta=1673.328590507299
step=431 tokens=56492032/125000000 loss=2.8813 lr=6.49e-05 tok/s=41,369 eta=1656.0067093216155
step=432 tokens=56623104/125000000 loss=2.5564 lr=6.48e-05 tok/s=41,318 eta=1654.9079796206565
step=433 tokens=56754176/125000000 loss=2.6049 lr=6.46e-05 tok/s=41,216 eta=1655.80590267888
step=434 tokens=56885248/125000000 loss=2.3015 lr=6.45e-05 tok/s=41,585 eta=1637.9660910071293
step=435 tokens=57016320/125000000 loss=2.1628 lr=6.43e-05 tok/s=41,157 eta=1651.8055788082272
step=436 tokens=57147392/125000000 loss=2.6077 lr=6.42e-05 tok/s=41,168 eta=1648.1779641621577
step=437 tokens=57278464/125000000 loss=2.4427 lr=6.4e-05 tok/s=41,205 eta=1643.5172970072708
step=438 tokens=57409536/125000000 loss=2.4492 lr=6.39e-05 tok/s=41,139 eta=1642.97247103227
step=439 tokens=57540608/125000000 loss=2.1884 lr=6.37e-05 tok/s=41,463 eta=1626.9650272254262
step=440 tokens=57671680/125000000 loss=2.6390 lr=6.36e-05 tok/s=41,113 eta=1637.6372294406153
step=441 tokens=57802752/125000000 loss=2.6018 lr=6.34e-05 tok/s=41,210 eta=1630.6087096435422
step=442 tokens=57933824/125000000 loss=2.7293 lr=6.33e-05 tok/s=40,934 eta=1638.382248935436
step=443 tokens=58064896/125000000 loss=2.3758 lr=6.31e-05 tok/s=41,156 eta=1626.3607277644971
step=444 tokens=58195968/125000000 loss=2.3636 lr=6.3e-05 tok/s=41,248 eta=1619.5785418640833
step=445 tokens=58327040/125000000 loss=2.5055 lr=6.28e-05 tok/s=41,232 eta=1617.037314073147
step=446 tokens=58458112/125000000 loss=2.7840 lr=6.27e-05 tok/s=40,846 eta=1629.0771236714422
step=447 tokens=58589184/125000000 loss=2.7588 lr=6.25e-05 tok/s=41,009 eta=1619.4157460595734
step=448 tokens=58720256/125000000 loss=2.6898 lr=6.24e-05 tok/s=41,076 eta=1613.5805689455804
step=449 tokens=58851328/125000000 loss=2.5741 lr=6.22e-05 tok/s=41,199 eta=1605.60228064386
step=450 tokens=58982400/125000000 loss=2.1965 lr=6.21e-05 tok/s=40,822 eta=1617.2136041403744
step=451 tokens=59113472/125000000 loss=2.4723 lr=6.19e-05 tok/s=41,032 eta=1605.7358235183092
step=452 tokens=59244544/125000000 loss=2.6343 lr=6.18e-05 tok/s=41,150 eta=1597.9268339172693
step=453 tokens=59375616/125000000 loss=2.8203 lr=6.16e-05 tok/s=41,371 eta=1586.2274001710434
step=454 tokens=59506688/125000000 loss=2.3614 lr=6.14e-05 tok/s=41,121 eta=1592.6958619680233
step=455 tokens=59637760/125000000 loss=2.6645 lr=6.13e-05 tok/s=41,026 eta=1593.186226858647
step=456 tokens=59768832/125000000 loss=2.4092 lr=6.11e-05 tok/s=40,899 eta=1594.9228773000596
step=457 tokens=59899904/125000000 loss=2.6174 lr=6.1e-05 tok/s=41,016 eta=1587.2047377834283
step=458 tokens=60030976/125000000 loss=2.6683 lr=6.08e-05 tok/s=29,773 eta=2182.172912797956
step=459 tokens=60162048/125000000 loss=2.5443 lr=6.07e-05 tok/s=40,798 eta=1589.2346725658033
step=460 tokens=60293120/125000000 loss=2.1260 lr=6.05e-05 tok/s=41,123 eta=1573.4850197694466
step=461 tokens=60424192/125000000 loss=2.8095 lr=6.04e-05 tok/s=41,189 eta=1567.7813738221562
step=462 tokens=60555264/125000000 loss=2.5271 lr=6.02e-05 tok/s=41,226 eta=1563.2195805292918
step=463 tokens=60686336/125000000 loss=2.3877 lr=6.01e-05 tok/s=41,099 eta=1564.8380991793506
step=464 tokens=60817408/125000000 loss=2.6913 lr=5.99e-05 tok/s=41,144 eta=1559.9671220472987
step=465 tokens=60948480/125000000 loss=2.6711 lr=5.98e-05 tok/s=41,095 eta=1558.6108615088865
step=466 tokens=61079552/125000000 loss=2.8887 lr=5.96e-05 tok/s=40,894 eta=1563.0756086737497
step=467 tokens=61210624/125000000 loss=2.6213 lr=5.95e-05 tok/s=41,030 eta=1554.711315040531
step=468 tokens=61341696/125000000 loss=2.4888 lr=5.93e-05 tok/s=41,242 eta=1543.5139961358302
step=469 tokens=61472768/125000000 loss=2.3682 lr=5.91e-05 tok/s=40,834 eta=1555.7610949245914
step=470 tokens=61603840/125000000 loss=2.5560 lr=5.9e-05 tok/s=41,137 eta=1541.0951528508103
step=471 tokens=61734912/125000000 loss=2.7040 lr=5.88e-05 tok/s=41,076 eta=1540.1891084154124
step=472 tokens=61865984/125000000 loss=2.3972 lr=5.87e-05 tok/s=41,319 eta=1527.975133205805
step=473 tokens=61997056/125000000 loss=2.5842 lr=5.85e-05 tok/s=41,312 eta=1525.0606443738704
step=474 tokens=62128128/125000000 loss=3.0133 lr=5.84e-05 tok/s=41,373 eta=1519.6423727904635
step=475 tokens=62259200/125000000 loss=2.6090 lr=5.82e-05 tok/s=41,264 eta=1520.4737471251526
step=476 tokens=62390272/125000000 loss=2.8053 lr=5.81e-05 tok/s=41,310 eta=1515.6006907714886
step=477 tokens=62521344/125000000 loss=2.5856 lr=5.79e-05 tok/s=40,880 eta=1528.3564314546247
step=478 tokens=62652416/125000000 loss=2.8901 lr=5.78e-05 tok/s=41,277 eta=1510.4751704226787
step=479 tokens=62783488/125000000 loss=2.6143 lr=5.76e-05 tok/s=41,450 eta=1501.0130580309542
step=480 tokens=62914560/125000000 loss=2.6299 lr=5.75e-05 tok/s=41,179 eta=1507.6851279629675
step=481 tokens=63045632/125000000 loss=2.6382 lr=5.73e-05 tok/s=41,159 eta=1505.2354950844485
step=482 tokens=63176704/125000000 loss=2.3963 lr=5.71e-05 tok/s=40,989 eta=1508.2891678080814
step=483 tokens=63307776/125000000 loss=2.8569 lr=5.7e-05 tok/s=41,288 eta=1494.2023408266014
step=484 tokens=63438848/125000000 loss=2.3030 lr=5.68e-05 tok/s=41,218 eta=1493.5536800634559
step=485 tokens=63569920/125000000 loss=2.6138 lr=5.67e-05 tok/s=41,215 eta=1490.4754144248666
step=486 tokens=63700992/125000000 loss=2.3144 lr=5.65e-05 tok/s=41,164 eta=1489.1457161376063
step=487 tokens=63832064/125000000 loss=2.6364 lr=5.64e-05 tok/s=41,115 eta=1487.7198622190233
step=488 tokens=63963136/125000000 loss=2.8121 lr=5.62e-05 tok/s=41,020 eta=1487.9796260163612
step=489 tokens=64094208/125000000 loss=2.6617 lr=5.61e-05 tok/s=41,310 eta=1474.3771633519784
step=490 tokens=64225280/125000000 loss=2.5593 lr=5.59e-05 tok/s=40,927 eta=1484.9655389715922
step=491 tokens=64356352/125000000 loss=2.4885 lr=5.58e-05 tok/s=41,062 eta=1476.8943947347234
step=492 tokens=64487424/125000000 loss=2.7566 lr=5.56e-05 tok/s=41,098 eta=1472.3858465125516
step=493 tokens=64618496/125000000 loss=2.6742 lr=5.54e-05 tok/s=41,080 eta=1469.8549803210446
step=494 tokens=64749568/125000000 loss=2.6773 lr=5.53e-05 tok/s=41,035 eta=1468.2543276373563
step=495 tokens=64880640/125000000 loss=2.6877 lr=5.51e-05 tok/s=41,297 eta=1455.7673471404973
step=496 tokens=65011712/125000000 loss=2.4464 lr=5.5e-05 tok/s=29,919 eta=2005.0493989987299
step=497 tokens=65142784/125000000 loss=2.0952 lr=5.48e-05 tok/s=41,284 eta=1449.8821367707396
step=498 tokens=65273856/125000000 loss=2.6711 lr=5.47e-05 tok/s=41,478 eta=1439.9355551423114
step=499 tokens=65404928/125000000 loss=2.6184 lr=5.45e-05 tok/s=41,469 eta=1437.1124093939918
step=500 tokens=65536000/125000000 loss=2.6853 lr=5.44e-05 tok/s=40,975 eta=1451.2279776057007
step=501 tokens=65667072/125000000 loss=2.5423 lr=5.42e-05 tok/s=40,875 eta=1451.5805556484258
step=502 tokens=65798144/125000000 loss=2.5987 lr=5.41e-05 tok/s=41,082 eta=1441.0788397375766
step=503 tokens=65929216/125000000 loss=2.6032 lr=5.39e-05 tok/s=41,113 eta=1436.798297085731
step=504 tokens=66060288/125000000 loss=2.6156 lr=5.38e-05 tok/s=41,286 eta=1427.59809493877
step=505 tokens=66191360/125000000 loss=2.6802 lr=5.36e-05 tok/s=41,092 eta=1431.1367402903304
step=506 tokens=66322432/125000000 loss=2.6548 lr=5.34e-05 tok/s=41,153 eta=1425.8406800761313
step=507 tokens=66453504/125000000 loss=2.3347 lr=5.33e-05 tok/s=41,066 eta=1425.653325330068
step=508 tokens=66584576/125000000 loss=2.3720 lr=5.31e-05 tok/s=41,116 eta=1420.7406367255285
step=509 tokens=66715648/125000000 loss=2.5634 lr=5.3e-05 tok/s=41,255 eta=1412.7679191108246
step=510 tokens=66846720/125000000 loss=2.3734 lr=5.28e-05 tok/s=41,179 eta=1412.2174268479332
step=511 tokens=66977792/125000000 loss=2.4015 lr=5.27e-05 tok/s=40,830 eta=1421.0723707386603
step=512 tokens=67108864/125000000 loss=2.8661 lr=5.25e-05 tok/s=41,142 eta=1407.0907246878398
step=513 tokens=67239936/125000000 loss=2.1334 lr=5.24e-05 tok/s=40,826 eta=1414.7931087615807
step=514 tokens=67371008/125000000 loss=2.5643 lr=5.22e-05 tok/s=40,825 eta=1411.5932847521037
step=515 tokens=67502080/125000000 loss=2.4123 lr=5.21e-05 tok/s=40,360 eta=1424.6130181079518
step=516 tokens=67633152/125000000 loss=2.6140 lr=5.19e-05 tok/s=40,639 eta=1411.6293283782966
step=517 tokens=67764224/125000000 loss=2.7846 lr=5.17e-05 tok/s=40,977 eta=1396.770781159755
step=518 tokens=67895296/125000000 loss=2.7629 lr=5.16e-05 tok/s=40,860 eta=1397.576628584094
step=519 tokens=68026368/125000000 loss=2.2251 lr=5.14e-05 tok/s=41,022 eta=1388.8390503719174
step=520 tokens=68157440/125000000 loss=2.4928 lr=5.13e-05 tok/s=40,833 eta=1392.0621497820428
step=521 tokens=68288512/125000000 loss=2.6810 lr=5.11e-05 tok/s=40,541 eta=1398.8794375003483
step=522 tokens=68419584/125000000 loss=2.4203 lr=5.1e-05 tok/s=40,668 eta=1391.2875883156128
step=523 tokens=68550656/125000000 loss=2.6049 lr=5.08e-05 tok/s=40,537 eta=1392.5388983083385
step=524 tokens=68681728/125000000 loss=2.5608 lr=5.07e-05 tok/s=40,948 eta=1375.35833171684
step=525 tokens=68812800/125000000 loss=2.5279 lr=5.05e-05 tok/s=40,748 eta=1378.88801199203
step=526 tokens=68943872/125000000 loss=2.3823 lr=5.04e-05 tok/s=40,814 eta=1373.443412900078
step=527 tokens=69074944/125000000 loss=2.2160 lr=5.02e-05 tok/s=40,834 eta=1369.5691682310755
step=528 tokens=69206016/125000000 loss=2.5148 lr=5.01e-05 tok/s=40,747 eta=1369.2769838737393
step=529 tokens=69337088/125000000 loss=2.4289 lr=4.99e-05 tok/s=40,904 eta=1360.8132655530246
step=530 tokens=69468160/125000000 loss=2.5857 lr=4.97e-05 tok/s=41,019 eta=1353.8048556570166
step=531 tokens=69599232/125000000 loss=2.4264 lr=4.96e-05 tok/s=41,016 eta=1350.7184868775946
step=532 tokens=69730304/125000000 loss=2.4479 lr=4.94e-05 tok/s=40,879 eta=1352.0374347094753
step=533 tokens=69861376/125000000 loss=2.5446 lr=4.93e-05 tok/s=40,874 eta=1348.999229838289
step=534 tokens=69992448/125000000 loss=2.3949 lr=4.91e-05 tok/s=40,949 eta=1343.3153901058208
step=535 tokens=70123520/125000000 loss=2.5664 lr=4.9e-05 tok/s=29,546 eta=1857.3008135557336
step=536 tokens=70254592/125000000 loss=2.5614 lr=4.88e-05 tok/s=40,721 eta=1344.3941415775141
step=537 tokens=70385664/125000000 loss=2.3918 lr=4.87e-05 tok/s=41,170 eta=1326.5483287423024
step=538 tokens=70516736/125000000 loss=2.6739 lr=4.85e-05 tok/s=40,995 eta=1329.0192003127775
step=539 tokens=70647808/125000000 loss=2.1966 lr=4.84e-05 tok/s=41,098 eta=1322.4864382316255
step=540 tokens=70778880/125000000 loss=2.6458 lr=4.82e-05 tok/s=41,015 eta=1321.9847427501904
step=541 tokens=70909952/125000000 loss=2.5757 lr=4.81e-05 tok/s=40,788 eta=1326.1125169160794
step=542 tokens=71041024/125000000 loss=2.8576 lr=4.79e-05 tok/s=40,685 eta=1326.2613835918512
step=543 tokens=71172096/125000000 loss=2.4860 lr=4.78e-05 tok/s=40,722 eta=1321.823286796225
step=544 tokens=71303168/125000000 loss=2.2056 lr=4.76e-05 tok/s=40,908 eta=1312.626678585221
step=545 tokens=71434240/125000000 loss=2.6868 lr=4.75e-05 tok/s=41,126 eta=1302.4692305179997
step=546 tokens=71565312/125000000 loss=2.6573 lr=4.73e-05 tok/s=40,801 eta=1309.6529432188918
step=547 tokens=71696384/125000000 loss=2.1915 lr=4.72e-05 tok/s=40,951 eta=1301.6586294910076
step=548 tokens=71827456/125000000 loss=2.4089 lr=4.7e-05 tok/s=40,855 eta=1301.4996057995074
step=549 tokens=71958528/125000000 loss=2.3498 lr=4.68e-05 tok/s=40,831 eta=1299.0414304046647
step=550 tokens=72089600/125000000 loss=3.0114 lr=4.67e-05 tok/s=40,723 eta=1299.269554119507
step=551 tokens=72220672/125000000 loss=2.5155 lr=4.65e-05 tok/s=40,767 eta=1294.659331853929
step=552 tokens=72351744/125000000 loss=2.2628 lr=4.64e-05 tok/s=40,688 eta=1293.9483074513676
step=553 tokens=72482816/125000000 loss=2.8206 lr=4.62e-05 tok/s=41,108 eta=1277.536577162634
step=554 tokens=72613888/125000000 loss=2.6895 lr=4.61e-05 tok/s=40,983 eta=1278.2379099220614
step=555 tokens=72744960/125000000 loss=2.5895 lr=4.59e-05 tok/s=40,515 eta=1289.7636438986901
step=556 tokens=72876032/125000000 loss=2.3961 lr=4.58e-05 tok/s=41,104 eta=1268.1040283719335
step=557 tokens=73007104/125000000 loss=2.7594 lr=4.56e-05 tok/s=41,145 eta=1263.6377117532782
step=558 tokens=73138176/125000000 loss=2.5211 lr=4.55e-05 tok/s=41,130 eta=1260.9324919595356
step=559 tokens=73269248/125000000 loss=2.1965 lr=4.53e-05 tok/s=41,089 eta=1258.9858476870766
step=560 tokens=73400320/125000000 loss=2.5557 lr=4.52e-05 tok/s=40,905 eta=1261.4513923048953
step=561 tokens=73531392/125000000 loss=2.7717 lr=4.5e-05 tok/s=40,911 eta=1258.0537842447977
step=562 tokens=73662464/125000000 loss=2.6323 lr=4.49e-05 tok/s=40,713 eta=1260.9586133424777
step=563 tokens=73793536/125000000 loss=2.6433 lr=4.47e-05 tok/s=40,568 eta=1262.2330672899345
step=564 tokens=73924608/125000000 loss=2.3009 lr=4.46e-05 tok/s=40,529 eta=1260.21160042395
step=565 tokens=74055680/125000000 loss=2.6014 lr=4.44e-05 tok/s=40,402 eta=1260.9417297936525
step=566 tokens=74186752/125000000 loss=2.8104 lr=4.43e-05 tok/s=40,599 eta=1251.5743520057893
step=567 tokens=74317824/125000000 loss=2.8150 lr=4.41e-05 tok/s=40,589 eta=1248.667080783204
step=568 tokens=74448896/125000000 loss=2.6530 lr=4.4e-05 tok/s=40,587 eta=1245.487700178122
step=569 tokens=74579968/125000000 loss=2.5977 lr=4.38e-05 tok/s=40,650 eta=1240.358709236924
step=570 tokens=74711040/125000000 loss=2.3667 lr=4.37e-05 tok/s=40,615 eta=1238.193800344935
step=571 tokens=74842112/125000000 loss=2.3587 lr=4.35e-05 tok/s=40,650 eta=1233.909470813895
step=572 tokens=74973184/125000000 loss=2.5036 lr=4.34e-05 tok/s=40,520 eta=1234.6099489731678
step=573 tokens=75104256/125000000 loss=2.6044 lr=4.32e-05 tok/s=29,495 eta=1691.6731605486548
checkpoint saved: runs/capability-cpt-125m/checkpoints/tokens_000075m (permanent_tokens)
step=574 tokens=75235328/125000000 loss=2.6421 lr=4.31e-05 tok/s=35,045 eta=1420.013010586987
step=575 tokens=75366400/125000000 loss=2.8239 lr=4.29e-05 tok/s=40,548 eta=1224.0700655826267
step=576 tokens=75497472/125000000 loss=2.2169 lr=4.28e-05 tok/s=40,498 eta=1222.35699000652
step=577 tokens=75628544/125000000 loss=2.6083 lr=4.26e-05 tok/s=40,373 eta=1222.8774649450665
step=578 tokens=75759616/125000000 loss=2.2433 lr=4.25e-05 tok/s=40,474 eta=1216.5995908898692
step=579 tokens=75890688/125000000 loss=2.6813 lr=4.23e-05 tok/s=40,816 eta=1203.1801226511886
step=580 tokens=76021760/125000000 loss=2.4875 lr=4.22e-05 tok/s=40,750 eta=1201.9153860358115
step=581 tokens=76152832/125000000 loss=1.9284 lr=4.2e-05 tok/s=40,242 eta=1213.822205026877
step=582 tokens=76283904/125000000 loss=2.6658 lr=4.19e-05 tok/s=40,188 eta=1212.2125794910526
step=583 tokens=76414976/125000000 loss=2.6994 lr=4.18e-05 tok/s=40,657 eta=1195.0079346215377
step=584 tokens=76546048/125000000 loss=2.4282 lr=4.16e-05 tok/s=40,623 eta=1192.7677045757625
step=585 tokens=76677120/125000000 loss=2.6641 lr=4.15e-05 tok/s=40,605 eta=1190.0790372747829
step=586 tokens=76808192/125000000 loss=2.3141 lr=4.13e-05 tok/s=40,464 eta=1190.987042137573
step=587 tokens=76939264/125000000 loss=2.1299 lr=4.12e-05 tok/s=40,521 eta=1186.0703846394638
step=588 tokens=77070336/125000000 loss=2.6228 lr=4.1e-05 tok/s=40,781 eta=1175.285992540539
step=589 tokens=77201408/125000000 loss=2.3737 lr=4.09e-05 tok/s=40,787 eta=1171.913829093662
step=590 tokens=77332480/125000000 loss=2.6733 lr=4.07e-05 tok/s=40,686 eta=1171.6086470720336
step=591 tokens=77463552/125000000 loss=2.5751 lr=4.06e-05 tok/s=40,802 eta=1165.0581920398063
step=592 tokens=77594624/125000000 loss=2.5619 lr=4.04e-05 tok/s=40,963 eta=1157.2717690870722
step=593 tokens=77725696/125000000 loss=2.8802 lr=4.03e-05 tok/s=40,872 eta=1156.6437501455418
step=594 tokens=77856768/125000000 loss=2.6961 lr=4.01e-05 tok/s=40,605 eta=1161.0304122314847
step=595 tokens=77987840/125000000 loss=1.9573 lr=4e-05 tok/s=40,645 eta=1156.6632180210718
step=596 tokens=78118912/125000000 loss=2.7138 lr=3.98e-05 tok/s=40,793 eta=1149.2469836056277
step=597 tokens=78249984/125000000 loss=2.9456 lr=3.97e-05 tok/s=40,781 eta=1146.359970042115
step=598 tokens=78381056/125000000 loss=2.4335 lr=3.96e-05 tok/s=40,768 eta=1143.5287721083312
step=599 tokens=78512128/125000000 loss=2.5408 lr=3.94e-05 tok/s=40,771 eta=1140.226644530053
step=600 tokens=78643200/125000000 loss=2.8202 lr=3.93e-05 tok/s=40,664 eta=1140.0023993609423
step=601 tokens=78774272/125000000 loss=2.3077 lr=3.91e-05 tok/s=40,728 eta=1134.9987504538071
step=602 tokens=78905344/125000000 loss=2.3187 lr=3.9e-05 tok/s=40,756 eta=1130.9816615644447
step=603 tokens=79036416/125000000 loss=2.4361 lr=3.88e-05 tok/s=40,729 eta=1128.5337462771329
step=604 tokens=79167488/125000000 loss=2.3687 lr=3.87e-05 tok/s=40,635 eta=1127.8940837192424
step=605 tokens=79298560/125000000 loss=2.5069 lr=3.85e-05 tok/s=40,742 eta=1121.7412635586466
step=606 tokens=79429632/125000000 loss=2.1691 lr=3.84e-05 tok/s=40,767 eta=1117.835649798247
step=607 tokens=79560704/125000000 loss=2.1711 lr=3.83e-05 tok/s=40,812 eta=1113.3694413633143
step=608 tokens=79691776/125000000 loss=2.3377 lr=3.81e-05 tok/s=40,473 eta=1119.4714135158904
step=609 tokens=79822848/125000000 loss=2.7512 lr=3.8e-05 tok/s=40,540 eta=1114.390966320955
step=610 tokens=79953920/125000000 loss=2.3366 lr=3.78e-05 tok/s=40,610 eta=1109.242803333159
step=611 tokens=80084992/125000000 loss=2.0353 lr=3.77e-05 tok/s=29,530 eta=1520.9879831013238
step=612 tokens=80216064/125000000 loss=2.5092 lr=3.75e-05 tok/s=40,327 eta=1110.5147638043823
step=613 tokens=80347136/125000000 loss=2.3221 lr=3.74e-05 tok/s=40,362 eta=1106.3029914595065
step=614 tokens=80478208/125000000 loss=2.4777 lr=3.73e-05 tok/s=40,429 eta=1101.2400210288843
step=615 tokens=80609280/125000000 loss=2.3107 lr=3.71e-05 tok/s=40,382 eta=1099.2592912305927
step=616 tokens=80740352/125000000 loss=2.5698 lr=3.7e-05 tok/s=40,589 eta=1090.4253475877256
step=617 tokens=80871424/125000000 loss=2.6441 lr=3.68e-05 tok/s=40,602 eta=1086.8500287031968
step=618 tokens=81002496/125000000 loss=2.4439 lr=3.67e-05 tok/s=40,465 eta=1087.2929052614913
step=619 tokens=81133568/125000000 loss=2.5077 lr=3.66e-05 tok/s=40,376 eta=1086.4471894707735
step=620 tokens=81264640/125000000 loss=2.3819 lr=3.64e-05 tok/s=40,373 eta=1083.285155944637
step=621 tokens=81395712/125000000 loss=2.6594 lr=3.63e-05 tok/s=40,524 eta=1076.0019357476237
step=622 tokens=81526784/125000000 loss=2.5328 lr=3.61e-05 tok/s=40,600 eta=1070.769320972272
step=623 tokens=81657856/125000000 loss=2.3666 lr=3.6e-05 tok/s=40,795 eta=1062.4327105366133
step=624 tokens=81788928/125000000 loss=2.7041 lr=3.59e-05 tok/s=40,789 eta=1059.385527146378
step=625 tokens=81920000/125000000 loss=2.2149 lr=3.57e-05 tok/s=40,687 eta=1058.8179905581185
step=626 tokens=82051072/125000000 loss=2.2392 lr=3.56e-05 tok/s=40,950 eta=1048.8217587503377
step=627 tokens=82182144/125000000 loss=2.1839 lr=3.54e-05 tok/s=41,015 eta=1043.9544245276384
step=628 tokens=82313216/125000000 loss=2.6169 lr=3.53e-05 tok/s=41,164 eta=1036.9868237797184
step=629 tokens=82444288/125000000 loss=2.7121 lr=3.52e-05 tok/s=41,103 eta=1035.349705847403
step=630 tokens=82575360/125000000 loss=2.4537 lr=3.5e-05 tok/s=41,122 eta=1031.6888123613553
step=631 tokens=82706432/125000000 loss=2.5394 lr=3.49e-05 tok/s=41,326 eta=1023.4212614737104
step=632 tokens=82837504/125000000 loss=2.3920 lr=3.47e-05 tok/s=41,301 eta=1020.8628994868786
step=633 tokens=82968576/125000000 loss=2.3957 lr=3.46e-05 tok/s=40,986 eta=1025.5025565299666
step=634 tokens=83099648/125000000 loss=2.6671 lr=3.45e-05 tok/s=41,194 eta=1017.1585064245393
step=635 tokens=83230720/125000000 loss=3.1074 lr=3.43e-05 tok/s=41,094 eta=1016.4315546804884
step=636 tokens=83361792/125000000 loss=2.1413 lr=3.42e-05 tok/s=41,193 eta=1010.803067599981
step=637 tokens=83492864/125000000 loss=2.4211 lr=3.41e-05 tok/s=41,336 eta=1004.1498711984484
step=638 tokens=83623936/125000000 loss=2.4430 lr=3.39e-05 tok/s=41,048 eta=1008.000417823567
step=639 tokens=83755008/125000000 loss=2.2624 lr=3.38e-05 tok/s=40,889 eta=1008.7079445172249
step=640 tokens=83886080/125000000 loss=2.3949 lr=3.36e-05 tok/s=40,821 eta=1007.184591157485
step=641 tokens=84017152/125000000 loss=2.3814 lr=3.35e-05 tok/s=40,949 eta=1000.8262340186145
step=642 tokens=84148224/125000000 loss=2.1977 lr=3.34e-05 tok/s=41,107 eta=993.7965432337528
step=643 tokens=84279296/125000000 loss=2.4304 lr=3.32e-05 tok/s=41,180 eta=988.8446727639954
step=644 tokens=84410368/125000000 loss=2.6834 lr=3.31e-05 tok/s=41,152 eta=986.3391312349816
step=645 tokens=84541440/125000000 loss=2.0390 lr=3.3e-05 tok/s=41,299 eta=979.6564485675897
step=646 tokens=84672512/125000000 loss=2.2114 lr=3.28e-05 tok/s=41,123 eta=980.6616612581888
step=647 tokens=84803584/125000000 loss=2.7067 lr=3.27e-05 tok/s=41,046 eta=979.3029127114129
step=648 tokens=84934656/125000000 loss=2.4263 lr=3.26e-05 tok/s=41,221 eta=971.9710080431455
step=649 tokens=85065728/125000000 loss=3.0203 lr=3.24e-05 tok/s=29,760 eta=1341.863185811731
step=650 tokens=85196800/125000000 loss=2.1464 lr=3.23e-05 tok/s=41,030 eta=970.0965736870579
step=651 tokens=85327872/125000000 loss=2.6957 lr=3.22e-05 tok/s=41,208 eta=962.7267394343689
step=652 tokens=85458944/125000000 loss=2.6613 lr=3.2e-05 tok/s=41,246 eta=958.6687166883438
step=653 tokens=85590016/125000000 loss=2.7146 lr=3.19e-05 tok/s=41,181 eta=956.9889951867718
step=654 tokens=85721088/125000000 loss=2.7607 lr=3.18e-05 tok/s=41,052 eta=956.812379052078
step=655 tokens=85852160/125000000 loss=2.3659 lr=3.16e-05 tok/s=41,221 eta=949.7087424424145
step=656 tokens=85983232/125000000 loss=2.1478 lr=3.15e-05 tok/s=41,173 eta=947.6240375255398
step=657 tokens=86114304/125000000 loss=2.4517 lr=3.14e-05 tok/s=41,131 eta=945.4075494822122
step=658 tokens=86245376/125000000 loss=1.9171 lr=3.12e-05 tok/s=41,342 eta=937.4059570997084
step=659 tokens=86376448/125000000 loss=2.5250 lr=3.11e-05 tok/s=41,165 eta=938.2710104406128
step=660 tokens=86507520/125000000 loss=2.6252 lr=3.1e-05 tok/s=41,190 eta=934.512763650342
step=661 tokens=86638592/125000000 loss=2.5311 lr=3.08e-05 tok/s=41,318 eta=928.4463218723522
step=662 tokens=86769664/125000000 loss=2.5390 lr=3.07e-05 tok/s=41,390 eta=923.6506156113178
step=663 tokens=86900736/125000000 loss=2.3092 lr=3.06e-05 tok/s=41,368 eta=920.9840665543
step=664 tokens=87031808/125000000 loss=2.4615 lr=3.05e-05 tok/s=41,292 eta=919.5152957438988
step=665 tokens=87162880/125000000 loss=2.4505 lr=3.03e-05 tok/s=41,292 eta=916.3292393987684
step=666 tokens=87293952/125000000 loss=2.5672 lr=3.02e-05 tok/s=41,130 eta=916.7507524651353
step=667 tokens=87425024/125000000 loss=2.7743 lr=3.01e-05 tok/s=41,336 eta=909.0027153386735
step=668 tokens=87556096/125000000 loss=2.3444 lr=2.99e-05 tok/s=41,183 eta=909.2094771132706
step=669 tokens=87687168/125000000 loss=2.4322 lr=2.98e-05 tok/s=41,286 eta=903.7670010544357
step=670 tokens=87818240/125000000 loss=2.5508 lr=2.97e-05 tok/s=41,518 eta=895.5497033346348
step=671 tokens=87949312/125000000 loss=2.6194 lr=2.96e-05 tok/s=41,477 eta=893.27825359643
step=672 tokens=88080384/125000000 loss=2.5067 lr=2.94e-05 tok/s=41,646 eta=886.5102624116489
step=673 tokens=88211456/125000000 loss=2.4938 lr=2.93e-05 tok/s=41,371 eta=889.2275742004872
step=674 tokens=88342528/125000000 loss=2.4106 lr=2.92e-05 tok/s=41,337 eta=886.8057150597107
step=675 tokens=88473600/125000000 loss=2.6938 lr=2.91e-05 tok/s=41,432 eta=881.6090796665925
step=676 tokens=88604672/125000000 loss=2.4930 lr=2.89e-05 tok/s=41,569 eta=875.5309018854189
step=677 tokens=88735744/125000000 loss=2.5445 lr=2.88e-05 tok/s=41,263 eta=878.8564361248768
step=678 tokens=88866816/125000000 loss=2.6349 lr=2.87e-05 tok/s=41,206 eta=876.8833316690125
step=679 tokens=88997888/125000000 loss=2.4293 lr=2.86e-05 tok/s=41,171 eta=874.4617002052973
step=680 tokens=89128960/125000000 loss=2.6333 lr=2.84e-05 tok/s=41,322 eta=868.0810834451479
step=681 tokens=89260032/125000000 loss=2.5275 lr=2.83e-05 tok/s=41,011 eta=871.4751651229719
step=682 tokens=89391104/125000000 loss=2.5593 lr=2.82e-05 tok/s=41,278 eta=862.6525627410931
step=683 tokens=89522176/125000000 loss=2.3625 lr=2.81e-05 tok/s=41,347 eta=858.0407044156565
step=684 tokens=89653248/125000000 loss=2.5667 lr=2.79e-05 tok/s=41,218 eta=857.5472328635751
step=685 tokens=89784320/125000000 loss=2.6093 lr=2.78e-05 tok/s=41,291 eta=852.8596964265561
step=686 tokens=89915392/125000000 loss=2.8114 lr=2.77e-05 tok/s=41,013 eta=855.4466356507318
step=687 tokens=90046464/125000000 loss=2.5507 lr=2.76e-05 tok/s=29,585 eta=1181.4580122765815
step=688 tokens=90177536/125000000 loss=2.5939 lr=2.74e-05 tok/s=40,899 eta=851.4164926669715
step=689 tokens=90308608/125000000 loss=2.7399 lr=2.73e-05 tok/s=41,137 eta=843.3151295211863
step=690 tokens=90439680/125000000 loss=2.7385 lr=2.72e-05 tok/s=41,042 eta=842.0740853570503
step=691 tokens=90570752/125000000 loss=2.6697 lr=2.71e-05 tok/s=41,103 eta=837.6266894240841
step=692 tokens=90701824/125000000 loss=2.4779 lr=2.7e-05 tok/s=41,065 eta=835.2105601662394
step=693 tokens=90832896/125000000 loss=2.7344 lr=2.68e-05 tok/s=41,150 eta=830.3154939237842
step=694 tokens=90963968/125000000 loss=2.4880 lr=2.67e-05 tok/s=41,174 eta=826.6357975897902
step=695 tokens=91095040/125000000 loss=2.4959 lr=2.66e-05 tok/s=41,236 eta=822.2175161648685
step=696 tokens=91226112/125000000 loss=2.5985 lr=2.65e-05 tok/s=41,125 eta=821.2471456361437
step=697 tokens=91357184/125000000 loss=2.1326 lr=2.64e-05 tok/s=41,178 eta=817.0187247062863
step=698 tokens=91488256/125000000 loss=2.4749 lr=2.62e-05 tok/s=41,163 eta=814.113939155897
step=699 tokens=91619328/125000000 loss=2.1209 lr=2.61e-05 tok/s=41,246 eta=809.2972650273597
step=700 tokens=91750400/125000000 loss=2.1945 lr=2.6e-05 tok/s=41,299 eta=805.0860234949844
step=701 tokens=91881472/125000000 loss=2.7195 lr=2.59e-05 tok/s=41,155 eta=804.7231606244326
step=702 tokens=92012544/125000000 loss=2.3456 lr=2.58e-05 tok/s=41,120 eta=802.2174304422143
step=703 tokens=92143616/125000000 loss=2.5694 lr=2.56e-05 tok/s=41,256 eta=796.4118127117165
step=704 tokens=92274688/125000000 loss=2.5010 lr=2.55e-05 tok/s=41,182 eta=794.6420795872805
step=705 tokens=92405760/125000000 loss=2.8380 lr=2.54e-05 tok/s=41,450 eta=786.3598893489935
step=706 tokens=92536832/125000000 loss=2.4912 lr=2.53e-05 tok/s=41,179 eta=788.350312547075
step=707 tokens=92667904/125000000 loss=2.8172 lr=2.52e-05 tok/s=41,181 eta=785.1214897113065
step=708 tokens=92798976/125000000 loss=2.4358 lr=2.51e-05 tok/s=41,087 eta=783.731115548491
step=709 tokens=92930048/125000000 loss=2.4443 lr=2.5e-05 tok/s=41,142 eta=779.4863933540514
step=710 tokens=93061120/125000000 loss=2.2380 lr=2.48e-05 tok/s=41,269 eta=773.9218974287082
step=711 tokens=93192192/125000000 loss=2.7564 lr=2.47e-05 tok/s=41,301 eta=770.1375390031745
step=712 tokens=93323264/125000000 loss=2.7203 lr=2.46e-05 tok/s=41,332 eta=766.3907395107096
step=713 tokens=93454336/125000000 loss=2.6126 lr=2.45e-05 tok/s=41,374 eta=762.452261804856
step=714 tokens=93585408/125000000 loss=2.5786 lr=2.44e-05 tok/s=41,370 eta=759.3609026756063
step=715 tokens=93716480/125000000 loss=3.0702 lr=2.43e-05 tok/s=41,565 eta=752.632046712211
step=716 tokens=93847552/125000000 loss=2.7912 lr=2.42e-05 tok/s=41,605 eta=748.7667656522391
step=717 tokens=93978624/125000000 loss=2.6931 lr=2.4e-05 tok/s=41,630 eta=745.1682942436292
step=718 tokens=94109696/125000000 loss=2.3893 lr=2.39e-05 tok/s=41,434 eta=745.529007236655
step=719 tokens=94240768/125000000 loss=2.7358 lr=2.38e-05 tok/s=41,598 eta=739.4453476215526
step=720 tokens=94371840/125000000 loss=2.5293 lr=2.37e-05 tok/s=41,480 eta=738.3908966847282
step=721 tokens=94502912/125000000 loss=2.3963 lr=2.36e-05 tok/s=41,468 eta=735.4297165960159
step=722 tokens=94633984/125000000 loss=2.5984 lr=2.35e-05 tok/s=41,571 eta=730.4580736268929
step=723 tokens=94765056/125000000 loss=2.2948 lr=2.34e-05 tok/s=41,412 eta=730.1088462962563
step=724 tokens=94896128/125000000 loss=2.3818 lr=2.33e-05 tok/s=41,480 eta=725.7493882537981
step=725 tokens=95027200/125000000 loss=2.4004 lr=2.32e-05 tok/s=30,031 eta=998.0664693330639
step=726 tokens=95158272/125000000 loss=2.7405 lr=2.3e-05 tok/s=41,233 eta=723.7254037400228
step=727 tokens=95289344/125000000 loss=2.6715 lr=2.29e-05 tok/s=41,263 eta=720.0248739680084
step=728 tokens=95420416/125000000 loss=2.3479 lr=2.28e-05 tok/s=41,395 eta=714.5770175033542
step=729 tokens=95551488/125000000 loss=2.1367 lr=2.27e-05 tok/s=41,251 eta=713.887487223121
step=730 tokens=95682560/125000000 loss=2.6703 lr=2.26e-05 tok/s=41,017 eta=714.756954923137
step=731 tokens=95813632/125000000 loss=2.4353 lr=2.25e-05 tok/s=41,114 eta=709.8881389465727
step=732 tokens=95944704/125000000 loss=2.3269 lr=2.24e-05 tok/s=40,962 eta=709.317625610716
step=733 tokens=96075776/125000000 loss=2.7454 lr=2.23e-05 tok/s=40,946 eta=706.404714184513
step=734 tokens=96206848/125000000 loss=2.4636 lr=2.22e-05 tok/s=41,004 eta=702.1977483616776
step=735 tokens=96337920/125000000 loss=2.4570 lr=2.21e-05 tok/s=41,063 eta=697.997980870554
step=736 tokens=96468992/125000000 loss=2.2518 lr=2.2e-05 tok/s=41,045 eta=695.1131583374862
step=737 tokens=96600064/125000000 loss=2.3389 lr=2.19e-05 tok/s=40,803 eta=696.0233408169513
step=738 tokens=96731136/125000000 loss=2.7772 lr=2.18e-05 tok/s=40,895 eta=691.2490904588029
step=739 tokens=96862208/125000000 loss=2.6169 lr=2.17e-05 tok/s=41,232 eta=682.4273748903435
step=740 tokens=96993280/125000000 loss=2.5495 lr=2.16e-05 tok/s=41,161 eta=680.4127650098026
step=741 tokens=97124352/125000000 loss=2.1832 lr=2.15e-05 tok/s=41,127 eta=677.7924715252983
step=742 tokens=97255424/125000000 loss=2.6140 lr=2.14e-05 tok/s=41,326 eta=671.3635457590791
step=743 tokens=97386496/125000000 loss=2.1987 lr=2.13e-05 tok/s=41,180 eta=670.5558875880835
step=744 tokens=97517568/125000000 loss=2.0142 lr=2.12e-05 tok/s=41,245 eta=666.3294085929558
step=745 tokens=97648640/125000000 loss=2.7666 lr=2.11e-05 tok/s=41,127 eta=665.0442686571097
step=746 tokens=97779712/125000000 loss=2.4815 lr=2.1e-05 tok/s=41,233 eta=660.1521464157388
step=747 tokens=97910784/125000000 loss=2.4674 lr=2.09e-05 tok/s=41,217 eta=657.2401272520033
step=748 tokens=98041856/125000000 loss=2.5537 lr=2.07e-05 tok/s=41,383 eta=651.4276809593492
step=749 tokens=98172928/125000000 loss=3.0114 lr=2.06e-05 tok/s=41,238 eta=650.5356941300186
step=750 tokens=98304000/125000000 loss=2.6366 lr=2.06e-05 tok/s=41,112 eta=649.3402445933931
step=751 tokens=98435072/125000000 loss=2.3326 lr=2.05e-05 tok/s=40,874 eta=649.9159971388428
step=752 tokens=98566144/125000000 loss=2.3760 lr=2.04e-05 tok/s=41,018 eta=644.4503629787473
step=753 tokens=98697216/125000000 loss=2.8301 lr=2.03e-05 tok/s=41,073 eta=640.3936982299224
step=754 tokens=98828288/125000000 loss=2.5662 lr=2.02e-05 tok/s=41,012 eta=638.1456000851218
step=755 tokens=98959360/125000000 loss=2.2385 lr=2.01e-05 tok/s=41,100 eta=633.5915980818079
step=756 tokens=99090432/125000000 loss=2.4113 lr=2e-05 tok/s=40,817 eta=634.767424505642
step=757 tokens=99221504/125000000 loss=2.9400 lr=1.99e-05 tok/s=40,978 eta=629.0885574973893
step=758 tokens=99352576/125000000 loss=2.8905 lr=1.98e-05 tok/s=40,912 eta=626.890712214446
step=759 tokens=99483648/125000000 loss=2.6786 lr=1.97e-05 tok/s=41,005 eta=622.2726143936989
step=760 tokens=99614720/125000000 loss=2.7487 lr=1.96e-05 tok/s=41,076 eta=618.0030151273075
step=761 tokens=99745792/125000000 loss=2.5786 lr=1.95e-05 tok/s=40,966 eta=616.4696295064753
step=762 tokens=99876864/125000000 loss=2.7572 lr=1.94e-05 tok/s=41,177 eta=610.1226843227975
step=763 tokens=100007936/125000000 loss=2.6226 lr=1.93e-05 tok/s=29,603 eta=844.2372709048458
checkpoint saved: runs/capability-cpt-125m/checkpoints/tokens_000100m (permanent_tokens)
step=764 tokens=100139008/125000000 loss=2.4233 lr=1.92e-05 tok/s=35,495 eta=700.4000088577167
step=765 tokens=100270080/125000000 loss=2.5187 lr=1.91e-05 tok/s=41,232 eta=599.7718305868877
step=766 tokens=100401152/125000000 loss=2.3421 lr=1.9e-05 tok/s=41,175 eta=597.4163914187432
step=767 tokens=100532224/125000000 loss=2.9240 lr=1.89e-05 tok/s=41,085 eta=595.5375053281964
step=768 tokens=100663296/125000000 loss=2.3414 lr=1.88e-05 tok/s=41,302 eta=589.2362189585602
step=769 tokens=100794368/125000000 loss=2.2237 lr=1.87e-05 tok/s=41,037 eta=589.848161968441
step=770 tokens=100925440/125000000 loss=2.4546 lr=1.86e-05 tok/s=41,235 eta=583.8414831942473
step=771 tokens=101056512/125000000 loss=2.2806 lr=1.86e-05 tok/s=41,284 eta=579.9681170088128
step=772 tokens=101187584/125000000 loss=2.8260 lr=1.85e-05 tok/s=41,353 eta=575.8332022767846
step=773 tokens=101318656/125000000 loss=2.8893 lr=1.84e-05 tok/s=41,723 eta=567.587390976454
step=774 tokens=101449728/125000000 loss=2.4738 lr=1.83e-05 tok/s=41,579 eta=566.3997226737341
step=775 tokens=101580800/125000000 loss=2.2862 lr=1.82e-05 tok/s=41,514 eta=564.1333104034189
step=776 tokens=101711872/125000000 loss=2.4057 lr=1.81e-05 tok/s=41,624 eta=559.4882585756546
step=777 tokens=101842944/125000000 loss=2.2113 lr=1.8e-05 tok/s=41,566 eta=557.1116439064637
step=778 tokens=101974016/125000000 loss=2.5357 lr=1.79e-05 tok/s=41,501 eta=554.834905743394
step=779 tokens=102105088/125000000 loss=2.4134 lr=1.78e-05 tok/s=41,276 eta=554.6755904085737
step=780 tokens=102236160/125000000 loss=2.6804 lr=1.78e-05 tok/s=41,589 eta=547.3497412630531
step=781 tokens=102367232/125000000 loss=2.2599 lr=1.77e-05 tok/s=41,300 eta=548.0087343985226
step=782 tokens=102498304/125000000 loss=2.4556 lr=1.76e-05 tok/s=41,226 eta=545.8087651528773
step=783 tokens=102629376/125000000 loss=2.4196 lr=1.75e-05 tok/s=41,194 eta=543.060058813908
step=784 tokens=102760448/125000000 loss=2.3083 lr=1.74e-05 tok/s=41,323 eta=538.1857418568558
step=785 tokens=102891520/125000000 loss=2.6506 lr=1.73e-05 tok/s=41,443 eta=533.461229112659
step=786 tokens=103022592/125000000 loss=2.4906 lr=1.72e-05 tok/s=41,359 eta=531.3779707385484
step=787 tokens=103153664/125000000 loss=2.6483 lr=1.72e-05 tok/s=41,448 eta=527.0841442283976
step=788 tokens=103284736/125000000 loss=2.8376 lr=1.71e-05 tok/s=41,575 eta=522.3197019418108
step=789 tokens=103415808/125000000 loss=2.6940 lr=1.7e-05 tok/s=41,385 eta=521.544511404278
step=790 tokens=103546880/125000000 loss=2.6886 lr=1.69e-05 tok/s=41,441 eta=517.6826988235897
step=791 tokens=103677952/125000000 loss=2.6196 lr=1.68e-05 tok/s=41,495 eta=513.8464524162674
step=792 tokens=103809024/125000000 loss=1.9757 lr=1.67e-05 tok/s=41,584 eta=509.59398321634245
step=793 tokens=103940096/125000000 loss=2.8655 lr=1.67e-05 tok/s=41,375 eta=509.0009847800466
step=794 tokens=104071168/125000000 loss=2.4049 lr=1.66e-05 tok/s=41,408 eta=505.43337079861396
step=795 tokens=104202240/125000000 loss=2.1081 lr=1.65e-05 tok/s=41,331 eta=503.20203010124754
step=796 tokens=104333312/125000000 loss=2.4700 lr=1.64e-05 tok/s=41,119 eta=502.60371086332606
step=797 tokens=104464384/125000000 loss=2.1532 lr=1.63e-05 tok/s=41,184 eta=498.6365544743122
step=798 tokens=104595456/125000000 loss=2.4337 lr=1.63e-05 tok/s=41,213 eta=495.09684851164235
step=799 tokens=104726528/125000000 loss=2.1861 lr=1.62e-05 tok/s=41,374 eta=490.0035994048664
step=800 tokens=104857600/125000000 loss=2.5508 lr=1.61e-05 tok/s=41,518 eta=485.15429404030493
step=801 tokens=104988672/125000000 loss=2.3716 lr=1.6e-05 tok/s=41,406 eta=483.2902386567434
step=802 tokens=105119744/125000000 loss=2.6361 lr=1.6e-05 tok/s=29,867 eta=665.6317824923383
step=803 tokens=105250816/125000000 loss=2.4897 lr=1.59e-05 tok/s=41,126 eta=480.21056890771564
step=804 tokens=105381888/125000000 loss=2.8337 lr=1.58e-05 tok/s=41,299 eta=475.0245786090147
step=805 tokens=105512960/125000000 loss=2.3112 lr=1.57e-05 tok/s=41,110 eta=474.01703250426493
step=806 tokens=105644032/125000000 loss=2.3070 lr=1.57e-05 tok/s=41,192 eta=469.89284353917753
step=807 tokens=105775104/125000000 loss=2.4231 lr=1.56e-05 tok/s=40,942 eta=469.5624676153093
step=808 tokens=105906176/125000000 loss=2.3540 lr=1.55e-05 tok/s=40,900 eta=466.84159084396646
step=809 tokens=106037248/125000000 loss=2.3993 lr=1.54e-05 tok/s=40,918 eta=463.4381006996533
step=810 tokens=106168320/125000000 loss=2.4226 lr=1.54e-05 tok/s=40,580 eta=464.05918691770603
step=811 tokens=106299392/125000000 loss=2.6358 lr=1.53e-05 tok/s=40,900 eta=457.2240135283115
step=812 tokens=106430464/125000000 loss=2.8143 lr=1.52e-05 tok/s=40,541 eta=458.0455437574502
step=813 tokens=106561536/125000000 loss=2.3852 lr=1.51e-05 tok/s=40,475 eta=455.55134991526944
step=814 tokens=106692608/125000000 loss=1.7468 lr=1.51e-05 tok/s=40,612 eta=450.78707327099727
step=815 tokens=106823680/125000000 loss=2.8965 lr=1.5e-05 tok/s=40,967 eta=443.6800730654974
step=816 tokens=106954752/125000000 loss=2.4765 lr=1.49e-05 tok/s=40,888 eta=441.33297093988296
step=817 tokens=107085824/125000000 loss=2.5284 lr=1.49e-05 tok/s=40,823 eta=438.8300581276815
step=818 tokens=107216896/125000000 loss=2.4401 lr=1.48e-05 tok/s=40,646 eta=437.5126440750014
step=819 tokens=107347968/125000000 loss=2.6338 lr=1.47e-05 tok/s=40,526 eta=435.57336703082717
step=820 tokens=107479040/125000000 loss=2.7362 lr=1.47e-05 tok/s=40,574 eta=431.8231994904984
step=821 tokens=107610112/125000000 loss=2.9499 lr=1.46e-05 tok/s=40,538 eta=428.9790305958605
step=822 tokens=107741184/125000000 loss=2.2827 lr=1.45e-05 tok/s=40,716 eta=423.8788016860532
step=823 tokens=107872256/125000000 loss=2.7230 lr=1.44e-05 tok/s=40,667 eta=421.1731335914268
step=824 tokens=108003328/125000000 loss=2.5392 lr=1.44e-05 tok/s=40,712 eta=417.48265624405917
step=825 tokens=108134400/125000000 loss=2.6552 lr=1.43e-05 tok/s=40,726 eta=414.11876360583335
step=826 tokens=108265472/125000000 loss=2.5490 lr=1.43e-05 tok/s=40,806 eta=410.09531934171366
step=827 tokens=108396544/125000000 loss=2.7256 lr=1.42e-05 tok/s=40,683 eta=408.11306147476796
step=828 tokens=108527616/125000000 loss=2.4585 lr=1.41e-05 tok/s=40,604 eta=405.67949778369996
step=829 tokens=108658688/125000000 loss=2.4221 lr=1.41e-05 tok/s=40,689 eta=401.61660126014345
step=830 tokens=108789760/125000000 loss=2.4641 lr=1.4e-05 tok/s=40,852 eta=396.80066599795913
step=831 tokens=108920832/125000000 loss=2.6390 lr=1.39e-05 tok/s=40,843 eta=393.6823169275218
step=832 tokens=109051904/125000000 loss=2.3302 lr=1.39e-05 tok/s=40,921 eta=389.72915010145454
step=833 tokens=109182976/125000000 loss=2.6166 lr=1.38e-05 tok/s=40,663 eta=388.97463993810175
step=834 tokens=109314048/125000000 loss=2.5182 lr=1.37e-05 tok/s=40,703 eta=385.37487311707287
step=835 tokens=109445120/125000000 loss=2.5389 lr=1.37e-05 tok/s=40,658 eta=382.5790423041144
step=836 tokens=109576192/125000000 loss=2.0877 lr=1.36e-05 tok/s=40,525 eta=380.6023666574851
step=837 tokens=109707264/125000000 loss=2.6645 lr=1.36e-05 tok/s=40,516 eta=377.44665213308457
step=838 tokens=109838336/125000000 loss=2.3722 lr=1.35e-05 tok/s=40,560 eta=373.8080957805928
step=839 tokens=109969408/125000000 loss=2.6424 lr=1.34e-05 tok/s=40,821 eta=368.2075688631965
step=840 tokens=110100480/125000000 loss=2.0984 lr=1.34e-05 tok/s=29,532 eta=504.5240799673572
step=841 tokens=110231552/125000000 loss=2.7260 lr=1.33e-05 tok/s=40,600 eta=363.75539647686975
step=842 tokens=110362624/125000000 loss=2.4535 lr=1.33e-05 tok/s=40,715 eta=359.50416907337046
step=843 tokens=110493696/125000000 loss=2.6095 lr=1.32e-05 tok/s=40,852 eta=355.0900576796825
step=844 tokens=110624768/125000000 loss=2.3743 lr=1.31e-05 tok/s=40,671 eta=353.45345113519704
step=845 tokens=110755840/125000000 loss=2.7964 lr=1.31e-05 tok/s=40,758 eta=349.48134748950946
step=846 tokens=110886912/125000000 loss=2.6981 lr=1.3e-05 tok/s=40,910 eta=344.9755762485753
step=847 tokens=111017984/125000000 loss=2.2296 lr=1.3e-05 tok/s=41,007 eta=340.9655179133019
step=848 tokens=111149056/125000000 loss=2.3401 lr=1.29e-05 tok/s=40,845 eta=339.1097332966932
step=849 tokens=111280128/125000000 loss=2.3234 lr=1.29e-05 tok/s=41,219 eta=332.8552052704043
step=850 tokens=111411200/125000000 loss=2.1530 lr=1.28e-05 tok/s=41,164 eta=330.1142523639775
step=851 tokens=111542272/125000000 loss=2.6135 lr=1.28e-05 tok/s=41,200 eta=326.64074881709064
step=852 tokens=111673344/125000000 loss=2.7782 lr=1.27e-05 tok/s=41,278 eta=322.85496133168226
step=853 tokens=111804416/125000000 loss=2.7185 lr=1.27e-05 tok/s=41,110 eta=320.98430666337447
step=854 tokens=111935488/125000000 loss=2.7306 lr=1.26e-05 tok/s=41,210 eta=317.02524681140966
step=855 tokens=112066560/125000000 loss=2.0563 lr=1.26e-05 tok/s=41,169 eta=314.1553190047891
step=856 tokens=112197632/125000000 loss=2.2309 lr=1.25e-05 tok/s=41,359 eta=309.5437629145692
step=857 tokens=112328704/125000000 loss=2.9687 lr=1.25e-05 tok/s=41,361 eta=306.35972945780384
step=858 tokens=112459776/125000000 loss=2.5177 lr=1.24e-05 tok/s=41,185 eta=304.4826135804561
step=859 tokens=112590848/125000000 loss=2.7100 lr=1.24e-05 tok/s=41,190 eta=301.26727685498423
step=860 tokens=112721920/125000000 loss=2.6231 lr=1.23e-05 tok/s=41,206 eta=297.9681420185385
step=861 tokens=112852992/125000000 loss=2.5327 lr=1.23e-05 tok/s=41,042 eta=295.96560461539224
step=862 tokens=112984064/125000000 loss=2.4953 lr=1.22e-05 tok/s=41,087 eta=292.4515259868049
step=863 tokens=113115136/125000000 loss=2.4351 lr=1.22e-05 tok/s=41,122 eta=289.0148702641586
step=864 tokens=113246208/125000000 loss=2.3454 lr=1.21e-05 tok/s=40,852 eta=287.7161528641472
step=865 tokens=113377280/125000000 loss=2.7616 lr=1.21e-05 tok/s=40,893 eta=284.2223198709587
step=866 tokens=113508352/125000000 loss=2.4220 lr=1.2e-05 tok/s=41,094 eta=279.6404116851656
step=867 tokens=113639424/125000000 loss=2.8995 lr=1.2e-05 tok/s=40,912 eta=277.6824545331871
step=868 tokens=113770496/125000000 loss=2.2744 lr=1.19e-05 tok/s=40,996 eta=273.9172032079362
step=869 tokens=113901568/125000000 loss=2.6722 lr=1.19e-05 tok/s=41,147 eta=269.72343412612014
step=870 tokens=114032640/125000000 loss=2.3435 lr=1.18e-05 tok/s=41,394 eta=264.9502888334109
step=871 tokens=114163712/125000000 loss=2.5735 lr=1.18e-05 tok/s=41,374 eta=261.90891375883797
step=872 tokens=114294784/125000000 loss=2.7318 lr=1.18e-05 tok/s=41,337 eta=258.9764993068143
step=873 tokens=114425856/125000000 loss=2.4796 lr=1.17e-05 tok/s=41,331 eta=255.84233126608098
step=874 tokens=114556928/125000000 loss=2.5027 lr=1.17e-05 tok/s=41,411 eta=252.18414677597875
step=875 tokens=114688000/125000000 loss=2.6272 lr=1.16e-05 tok/s=41,209 eta=250.2352957977436
step=876 tokens=114819072/125000000 loss=2.5723 lr=1.16e-05 tok/s=41,153 eta=247.39058307018334
step=877 tokens=114950144/125000000 loss=2.4021 lr=1.15e-05 tok/s=40,941 eta=245.47253161662448
step=878 tokens=115081216/125000000 loss=2.6684 lr=1.15e-05 tok/s=29,778 eta=333.0861252786512
step=879 tokens=115212288/125000000 loss=2.3281 lr=1.15e-05 tok/s=41,204 eta=237.5415861635328
step=880 tokens=115343360/125000000 loss=2.4312 lr=1.14e-05 tok/s=41,097 eta=234.9746503166443
step=881 tokens=115474432/125000000 loss=2.3947 lr=1.14e-05 tok/s=40,991 eta=232.38072183423054
step=882 tokens=115605504/125000000 loss=2.3975 lr=1.14e-05 tok/s=41,119 eta=228.46925023135097
step=883 tokens=115736576/125000000 loss=2.3432 lr=1.13e-05 tok/s=41,050 eta=225.66091282768215
step=884 tokens=115867648/125000000 loss=2.5048 lr=1.13e-05 tok/s=41,031 eta=222.57005542271176
step=885 tokens=115998720/125000000 loss=2.6005 lr=1.12e-05 tok/s=41,044 eta=219.30883994180334
step=886 tokens=116129792/125000000 loss=2.1985 lr=1.12e-05 tok/s=40,964 eta=216.53766192966842
step=887 tokens=116260864/125000000 loss=2.5226 lr=1.12e-05 tok/s=41,001 eta=213.14699477936873
step=888 tokens=116391936/125000000 loss=2.4398 lr=1.11e-05 tok/s=40,879 eta=210.57495263837808
step=889 tokens=116523008/125000000 loss=2.5028 lr=1.11e-05 tok/s=41,079 eta=206.35686580164935
step=890 tokens=116654080/125000000 loss=2.8246 lr=1.11e-05 tok/s=41,120 eta=202.9625316862021
step=891 tokens=116785152/125000000 loss=2.7015 lr=1.1e-05 tok/s=40,899 eta=200.85554759394165
step=892 tokens=116916224/125000000 loss=2.6543 lr=1.1e-05 tok/s=40,784 eta=198.21049402756955
step=893 tokens=117047296/125000000 loss=2.7454 lr=1.1e-05 tok/s=40,902 eta=194.43207661183482
step=894 tokens=117178368/125000000 loss=2.3640 lr=1.09e-05 tok/s=41,006 eta=190.74151721257954
step=895 tokens=117309440/125000000 loss=2.4529 lr=1.09e-05 tok/s=41,132 eta=186.97051840808925
step=896 tokens=117440512/125000000 loss=2.4119 lr=1.09e-05 tok/s=41,066 eta=184.0792665494686
step=897 tokens=117571584/125000000 loss=2.6863 lr=1.08e-05 tok/s=40,858 eta=181.81072835965406
step=898 tokens=117702656/125000000 loss=2.3716 lr=1.08e-05 tok/s=40,940 eta=178.24674988451332
step=899 tokens=117833728/125000000 loss=2.3791 lr=1.08e-05 tok/s=40,918 eta=175.13614480903362
step=900 tokens=117964800/125000000 loss=2.4761 lr=1.08e-05 tok/s=40,817 eta=172.35913043039943
step=901 tokens=118095872/125000000 loss=2.1466 lr=1.07e-05 tok/s=41,014 eta=168.33440455196902
step=902 tokens=118226944/125000000 loss=2.1826 lr=1.07e-05 tok/s=41,125 eta=164.69495302404883
step=903 tokens=118358016/125000000 loss=2.5521 lr=1.07e-05 tok/s=41,014 eta=161.94266860997382
step=904 tokens=118489088/125000000 loss=2.2446 lr=1.07e-05 tok/s=41,177 eta=158.11966938264015
step=905 tokens=118620160/125000000 loss=2.2489 lr=1.06e-05 tok/s=41,013 eta=155.5547939706247
step=906 tokens=118751232/125000000 loss=2.4685 lr=1.06e-05 tok/s=41,386 eta=150.9892086846935
step=907 tokens=118882304/125000000 loss=2.5897 lr=1.06e-05 tok/s=40,952 eta=149.388675659986
step=908 tokens=119013376/125000000 loss=2.5147 lr=1.06e-05 tok/s=40,947 eta=146.20481630276996
step=909 tokens=119144448/125000000 loss=2.7142 lr=1.05e-05 tok/s=41,001 eta=142.8150343237969
step=910 tokens=119275520/125000000 loss=2.3737 lr=1.05e-05 tok/s=41,139 eta=139.14891649174564
step=911 tokens=119406592/125000000 loss=2.6185 lr=1.05e-05 tok/s=41,328 eta=135.34040263270688
step=912 tokens=119537664/125000000 loss=2.4203 lr=1.05e-05 tok/s=41,012 eta=133.1876727275409
step=913 tokens=119668736/125000000 loss=2.5359 lr=1.04e-05 tok/s=41,124 eta=129.63747634170213
step=914 tokens=119799808/125000000 loss=2.2171 lr=1.04e-05 tok/s=40,905 eta=127.12835861922557
step=915 tokens=119930880/125000000 loss=2.4318 lr=1.04e-05 tok/s=41,072 eta=123.42094439112373
step=916 tokens=120061952/125000000 loss=2.3994 lr=1.04e-05 tok/s=29,853 eta=165.41156944598532
step=917 tokens=120193024/125000000 loss=2.7503 lr=1.04e-05 tok/s=41,218 eta=116.62354203973128
step=918 tokens=120324096/125000000 loss=1.9594 lr=1.03e-05 tok/s=41,315 eta=113.17579538874656
step=919 tokens=120455168/125000000 loss=2.5727 lr=1.03e-05 tok/s=41,147 eta=110.45469985508592
step=920 tokens=120586240/125000000 loss=2.5049 lr=1.03e-05 tok/s=41,171 eta=107.20571763596993
step=921 tokens=120717312/125000000 loss=2.3242 lr=1.03e-05 tok/s=41,218 eta=103.90241358175825
step=922 tokens=120848384/125000000 loss=2.5706 lr=1.03e-05 tok/s=41,261 eta=100.61803742772696
step=923 tokens=120979456/125000000 loss=2.3701 lr=1.02e-05 tok/s=41,216 eta=97.54867091277671
step=924 tokens=121110528/125000000 loss=2.2345 lr=1.02e-05 tok/s=41,052 eta=94.74572636281792
step=925 tokens=121241600/125000000 loss=2.2417 lr=1.02e-05 tok/s=41,039 eta=91.58049419800776
step=926 tokens=121372672/125000000 loss=2.5799 lr=1.02e-05 tok/s=41,102 eta=88.25100982520931
step=927 tokens=121503744/125000000 loss=2.4812 lr=1.02e-05 tok/s=41,316 eta=84.62322255175707
step=928 tokens=121634816/125000000 loss=2.7615 lr=1.02e-05 tok/s=41,417 eta=81.25105600470928
step=929 tokens=121765888/125000000 loss=2.6085 lr=1.02e-05 tok/s=41,372 eta=78.17187763749632
step=930 tokens=121896960/125000000 loss=2.7312 lr=1.01e-05 tok/s=41,356 eta=75.03167123903125
step=931 tokens=122028032/125000000 loss=1.8888 lr=1.01e-05 tok/s=41,240 eta=72.06527886700755
step=932 tokens=122159104/125000000 loss=2.5152 lr=1.01e-05 tok/s=41,306 eta=68.77624529191954
step=933 tokens=122290176/125000000 loss=2.2832 lr=1.01e-05 tok/s=41,492 eta=65.30909145562828
step=934 tokens=122421248/125000000 loss=2.2515 lr=1.01e-05 tok/s=41,319 eta=62.41138635817597
step=935 tokens=122552320/125000000 loss=2.1545 lr=1.01e-05 tok/s=41,245 eta=59.34553287538833
step=936 tokens=122683392/125000000 loss=2.3583 lr=1.01e-05 tok/s=41,234 eta=56.18189744673708
step=937 tokens=122814464/125000000 loss=2.4700 lr=1.01e-05 tok/s=41,075 eta=53.20777673418317
step=938 tokens=122945536/125000000 loss=2.7709 lr=1.01e-05 tok/s=41,059 eta=50.037073820553026
step=939 tokens=123076608/125000000 loss=2.5216 lr=1.01e-05 tok/s=40,941 eta=46.9796457993975
step=940 tokens=123207680/125000000 loss=2.6227 lr=1e-05 tok/s=41,023 eta=43.69054725191248
step=941 tokens=123338752/125000000 loss=2.4100 lr=1e-05 tok/s=41,114 eta=40.40603971574319
step=942 tokens=123469824/125000000 loss=2.5409 lr=1e-05 tok/s=41,206 eta=37.134537695963104
step=943 tokens=123600896/125000000 loss=2.5645 lr=1e-05 tok/s=41,229 eta=33.93483785751462
step=944 tokens=123731968/125000000 loss=2.6079 lr=1e-05 tok/s=40,810 eta=31.07132421474895
step=945 tokens=123863040/125000000 loss=2.8484 lr=1e-05 tok/s=41,174 eta=27.613744335647255
step=946 tokens=123994112/125000000 loss=2.5386 lr=1e-05 tok/s=41,065 eta=24.49507928380143
step=947 tokens=124125184/125000000 loss=2.2708 lr=1e-05 tok/s=41,238 eta=21.214031452604388
step=948 tokens=124256256/125000000 loss=2.6630 lr=1e-05 tok/s=41,398 eta=17.965676770197547
step=949 tokens=124387328/125000000 loss=2.0431 lr=1e-05 tok/s=41,176 eta=14.879493276850864
step=950 tokens=124518400/125000000 loss=2.4158 lr=1e-05 tok/s=41,137 eta=11.707114451443346
step=951 tokens=124649472/125000000 loss=2.7921 lr=1e-05 tok/s=41,262 eta=8.495158313000502
step=952 tokens=124780544/125000000 loss=2.7424 lr=1e-05 tok/s=41,194 eta=5.327321426751325
step=953 tokens=124911616/125000000 loss=2.5352 lr=1e-05 tok/s=41,038 eta=2.153706421556194
step=954 tokens=125042688/125000000 loss=2.4157 lr=1e-05 tok/s=29,858 eta=0.0
checkpoint saved: runs/capability-cpt-125m/checkpoints/tokens_000125m (permanent_tokens)
checkpoint saved: runs/capability-cpt-125m/checkpoints/step_000000954 (final)
